{
  "phase": "after",
  "method": "Actual builder; synthetic 43,-79,80467m; 100 warmups and 1000 iterations; construction only, no public traffic.",
  "measures": [
    {
      "selection": [
        "anything"
      ],
      "totalBytes": 21942,
      "meanConstructionMs": 0.08731995899999992,
      "groups": [
        {
          "id": "seasonal",
          "bytes": 6441,
          "selectors": 70,
          "carrierSelectors": 51,
          "activeCarrierSelectors": 23,
          "activeRegexSelectors": 0,
          "prefixedCarrierSelectors": 28,
          "lifecyclePredicates": 2
        },
        {
          "id": "entertainment",
          "bytes": 5337,
          "selectors": 59,
          "carrierSelectors": 51,
          "activeCarrierSelectors": 23,
          "activeRegexSelectors": 0,
          "prefixedCarrierSelectors": 28,
          "lifecyclePredicates": 2
        },
        {
          "id": "culture",
          "bytes": 5107,
          "selectors": 55,
          "carrierSelectors": 51,
          "activeCarrierSelectors": 23,
          "activeRegexSelectors": 0,
          "prefixedCarrierSelectors": 28,
          "lifecyclePredicates": 2
        },
        {
          "id": "outdoor",
          "bytes": 5057,
          "selectors": 54,
          "carrierSelectors": 51,
          "activeCarrierSelectors": 23,
          "activeRegexSelectors": 0,
          "prefixedCarrierSelectors": 28,
          "lifecyclePredicates": 2
        }
      ]
    },
    {
      "selection": [
        "haunted-house"
      ],
      "totalBytes": 5898,
      "meanConstructionMs": 0.020530148000000054,
      "groups": [
        {
          "id": "seasonal",
          "bytes": 5898,
          "selectors": 66,
          "carrierSelectors": 51,
          "activeCarrierSelectors": 23,
          "activeRegexSelectors": 0,
          "prefixedCarrierSelectors": 28,
          "lifecyclePredicates": 2
        }
      ]
    },
    {
      "selection": [
        "corn-maze"
      ],
      "totalBytes": 6069,
      "meanConstructionMs": 0.021096983000000024,
      "groups": [
        {
          "id": "seasonal",
          "bytes": 6069,
          "selectors": 70,
          "carrierSelectors": 51,
          "activeCarrierSelectors": 23,
          "activeRegexSelectors": 0,
          "prefixedCarrierSelectors": 28,
          "lifecyclePredicates": 2
        }
      ]
    },
    {
      "selection": [
        "pumpkin-patch"
      ],
      "totalBytes": 5786,
      "meanConstructionMs": 0.019345418999999992,
      "groups": [
        {
          "id": "seasonal",
          "bytes": 5786,
          "selectors": 66,
          "carrierSelectors": 51,
          "activeCarrierSelectors": 23,
          "activeRegexSelectors": 0,
          "prefixedCarrierSelectors": 28,
          "lifecyclePredicates": 2
        }
      ]
    },
    {
      "selection": [
        "bowling"
      ],
      "totalBytes": 5066,
      "meanConstructionMs": 0.014615169000000037,
      "groups": [
        {
          "id": "entertainment",
          "bytes": 5066,
          "selectors": 54,
          "carrierSelectors": 51,
          "activeCarrierSelectors": 23,
          "activeRegexSelectors": 0,
          "prefixedCarrierSelectors": 28,
          "lifecyclePredicates": 2
        }
      ]
    },
    {
      "selection": [
        "arcade"
      ],
      "totalBytes": 5069,
      "meanConstructionMs": 0.014797755000000051,
      "groups": [
        {
          "id": "entertainment",
          "bytes": 5069,
          "selectors": 54,
          "carrierSelectors": 51,
          "activeCarrierSelectors": 23,
          "activeRegexSelectors": 0,
          "prefixedCarrierSelectors": 28,
          "lifecyclePredicates": 2
        }
      ]
    },
    {
      "selection": [
        "mini-golf"
      ],
      "totalBytes": 5067,
      "meanConstructionMs": 0.015700367000000028,
      "groups": [
        {
          "id": "entertainment",
          "bytes": 5067,
          "selectors": 54,
          "carrierSelectors": 51,
          "activeCarrierSelectors": 23,
          "activeRegexSelectors": 0,
          "prefixedCarrierSelectors": 28,
          "lifecyclePredicates": 2
        }
      ]
    },
    {
      "selection": [
        "escape-room"
      ],
      "totalBytes": 5064,
      "meanConstructionMs": 0.015111348000000021,
      "groups": [
        {
          "id": "entertainment",
          "bytes": 5064,
          "selectors": 54,
          "carrierSelectors": 51,
          "activeCarrierSelectors": 23,
          "activeRegexSelectors": 0,
          "prefixedCarrierSelectors": 28,
          "lifecyclePredicates": 2
        }
      ]
    },
    {
      "selection": [
        "skating"
      ],
      "totalBytes": 5115,
      "meanConstructionMs": 0.014702540999999996,
      "groups": [
        {
          "id": "entertainment",
          "bytes": 5115,
          "selectors": 55,
          "carrierSelectors": 51,
          "activeCarrierSelectors": 23,
          "activeRegexSelectors": 0,
          "prefixedCarrierSelectors": 28,
          "lifecyclePredicates": 2
        }
      ]
    },
    {
      "selection": [
        "movies"
      ],
      "totalBytes": 5059,
      "meanConstructionMs": 0.014468737999999917,
      "groups": [
        {
          "id": "culture",
          "bytes": 5059,
          "selectors": 54,
          "carrierSelectors": 51,
          "activeCarrierSelectors": 23,
          "activeRegexSelectors": 0,
          "prefixedCarrierSelectors": 28,
          "lifecyclePredicates": 2
        }
      ]
    },
    {
      "selection": [
        "museum"
      ],
      "totalBytes": 5059,
      "meanConstructionMs": 0.014773037000000044,
      "groups": [
        {
          "id": "culture",
          "bytes": 5059,
          "selectors": 54,
          "carrierSelectors": 51,
          "activeCarrierSelectors": 23,
          "activeRegexSelectors": 0,
          "prefixedCarrierSelectors": 28,
          "lifecyclePredicates": 2
        }
      ]
    },
    {
      "selection": [
        "park"
      ],
      "totalBytes": 5057,
      "meanConstructionMs": 0.013699046000000067,
      "groups": [
        {
          "id": "outdoor",
          "bytes": 5057,
          "selectors": 54,
          "carrierSelectors": 51,
          "activeCarrierSelectors": 23,
          "activeRegexSelectors": 0,
          "prefixedCarrierSelectors": 28,
          "lifecyclePredicates": 2
        }
      ]
    },
    {
      "selection": [
        "haunted-house",
        "corn-maze",
        "pumpkin-patch"
      ],
      "totalBytes": 6441,
      "meanConstructionMs": 0.01940527899999995,
      "groups": [
        {
          "id": "seasonal",
          "bytes": 6441,
          "selectors": 70,
          "carrierSelectors": 51,
          "activeCarrierSelectors": 23,
          "activeRegexSelectors": 0,
          "prefixedCarrierSelectors": 28,
          "lifecyclePredicates": 2
        }
      ]
    }
  ],
  "parity": {
    "rows": 154,
    "authoritativeNegatives": 111,
    "gaps": 0
  },
  "groupCount": 4,
  "mirrorCount": 4,
  "mirrors": [
    "https://overpass.openstreetmap.fr/api/interpreter",
    "https://overpass.private.coffee/api/interpreter",
    "https://maps.mail.ru/osm/tools/overpass/api/interpreter",
    "https://overpass-api.de/api/interpreter"
  ],
  "identicalCarrierAcrossGroups": true,
  "carrierSelectorsAcrossGroups": 204,
  "theoreticalCarrierSelectorsAllMirrors": 816,
  "theoreticalActiveRegexSelectorsAllMirrors": 0,
  "theoreticalLifecyclePredicatesAllMirrors": 32
}
