✔ Anything coverage satisfies every later category and subset without acquiring again (3.457601ms)
✔ coverage is category-specific within a group; only missing types are requested (7.545915ms)
✔ valid-empty coverage is reusable and preserves its origin; failed/cancelled categories stay missing (0.386784ms)
✔ complete fallback and legacy missing metadata never establish reusable live coverage (0.297079ms)
✔ cached successes plus fresh failure preserve partial live data and disjoint category outcomes (0.846979ms)
✔ cached live success survives missing-category transport failure without asserting coverage (0.280164ms)
✔ radius narrowing reuses larger coverage but widening cannot use a narrower entry (3.506085ms)
✔ latitude separates incompatible cache coverage (0.209617ms)
✔ longitude separates incompatible cache coverage (0.254625ms)
✔ Halloween activation separates incompatible cache coverage (0.254134ms)
✔ semantic version separates incompatible cache coverage (0.232701ms)
✔ TTL expires exactly at bound; reads and fresh missing-category combinations never rejuvenate old coverage (0.250969ms)
✔ new valid-empty category coverage cannot resurrect old venues through a reused superset (0.239231ms)
✔ equal-timestamp freshness uses admission order even after an older superset becomes most recently used (0.177749ms)
✔ V-DR-02: maxEntries eviction cannot resurrect superseded Corn (increasing timestamps) (0.415257ms)
✔ V-DR-02: maxEntries eviction cannot resurrect superseded Corn (equal timestamps) (0.175264ms)
✔ V-DR-02: maxVenues eviction cannot resurrect superseded Corn (increasing timestamps) (0.699957ms)
✔ V-DR-02: maxVenues eviction cannot resurrect superseded Corn (equal timestamps) (0.203608ms)
✔ V-DR-02: radius 50→15 supersession is durable and never claims wider coverage (0.253062ms)
✔ V-DR-02: radius 15→50 supersession is durable and never claims wider coverage (0.188975ms)
✔ V-DR-02: supersession lasts through the old TTL and never rejuvenates unaffected Movies (0.414746ms)
✔ V-DR-02: successful coverage for another latitude cannot supersede this signature (0.222226ms)
✔ V-DR-02: successful coverage for another longitude cannot supersede this signature (0.11955ms)
✔ V-DR-02: successful coverage for another Halloween activation cannot supersede this signature (0.100471ms)
✔ V-DR-02: successful coverage for another semantic version cannot supersede this signature (0.166121ms)
✔ V-DR-02: valid-empty supersession retains full classification and evidence for an identity still reused through Movies (0.223878ms)
✔ V-DR-02: rejected fallback response cannot supersede successful older coverage (0.153862ms)
✔ V-DR-02: rejected failed response cannot supersede successful older coverage (0.081172ms)
✔ V-DR-02: rejected cancelled response cannot supersede successful older coverage (0.06619ms)
✔ V-DR-02: rejected cache-hit response cannot supersede successful older coverage (0.05947ms)
✔ V-DR-02: rejected legacy response cannot supersede successful older coverage (0.063156ms)
✔ V-DR-02: rejected oversize response cannot supersede successful older coverage (0.151409ms)
✔ V-DR-02: partial success supersedes only its successful categories (0.243418ms)
✔ V-DR-02: an entry with all coverage superseded retains terminal identity evidence until TTL (0.342367ms)
✔ LRU entry and aggregate raw-venue caps evict whole entries without truncated coverage (0.412653ms)
✔ cache assembly preserves catalog aliases, full evidence, hours precedence and lifecycle in either insertion order (0.528318ms)
✔ fresh cross-category lifecycle evidence suppresses an older cached active identity without adding coverage (0.560476ms)
✔ actual DateNightHome: Anything→subsets and every local-only filter reuse data without network (227.705489ms)
✔ actual DateNightHome: stale persisted unknown categories recover to Anything without weakening RPC validation (4.478013ms)
✔ actual DateNightHome: subset then mixed selection fetches only missing categories (3.843944ms)
✔ actual DateNightHome: bounded missing-category timeout preserves cached live contribution and partial warning (4.826127ms)
✔ actual DateNightHome: TTL refreshes on next category acquisition, not local-only toggles or elapsed time (4.552915ms)
✔ actual DateNightHome: radius narrows from acquired 50 mi without RPC; widening 15→50 acquires (6.837835ms)
✔ actual DateNightHome: late replacement response cannot seed reusable cache (5.454717ms)
✔ actual DateNightHome: late timeout response cannot seed reusable cache (5.908663ms)
✔ actual DateNightHome: component cache lifetime does not survive unmount or contaminate another session (4.78087ms)
✔ radial cache counts valid-empty successful patches as proof and outer success never covers missing core (6.982194ms)
✔ a failed outermost patch preserves 0–40 completeness; retry work is only missing patch/category (3.15845ms)
✔ radial cache rejects fallback as coverage (0.358081ms)
✔ radial cache rejects failed as coverage (0.47059ms)
✔ radial cache rejects cancelled as coverage (0.461718ms)
✔ radial cache rejects cache-hit as coverage (0.263769ms)
✔ radial cache rejects legacy as coverage (0.247864ms)
✔ radial cache rejects wrong-patch as coverage (0.311581ms)
✔ radial cache rejects wrong-version as coverage (0.365472ms)
✔ positive circle overlap is owned once; identities/evidence dedupe without clipping classifications (9.345342ms)
✔ radial V-DR-02: maxEntries eviction cannot resurrect superseded patch/category authority (1.800819ms)
✔ radial V-DR-02: maxVenues eviction cannot resurrect superseded patch/category authority (0.931887ms)
✔ radial cross-patch/category negative evidence suppresses positives and eviction cannot resurrect them (1.482599ms)
✔ legacy disk authority and patch authority never satisfy or supersede one another (0.580867ms)
✔ TTL/eviction remove proof; radius and semantic changes are scoped; local eligibility strictly clips (2.39077ms)
ℹ tests 61
ℹ suites 0
ℹ pass 61
ℹ fail 0
ℹ cancelled 0
ℹ skipped 0
ℹ todo 0
ℹ duration_ms 875.401692
