✔ Anything coverage satisfies every later category and subset without acquiring again (3.869292ms)
✔ coverage is category-specific within a group; only missing types are requested (9.669469ms)
✔ valid-empty coverage is reusable and preserves its origin; failed/cancelled categories stay missing (0.485123ms)
✔ complete fallback and legacy missing metadata never establish reusable live coverage (0.264069ms)
✔ cached successes plus fresh failure preserve partial live data and disjoint category outcomes (1.032033ms)
✔ cached live success survives missing-category transport failure without asserting coverage (0.476089ms)
✔ radius narrowing reuses larger coverage but widening cannot use a narrower entry (4.04672ms)
✔ latitude separates incompatible cache coverage (0.371541ms)
✔ longitude separates incompatible cache coverage (0.263217ms)
✔ Halloween activation separates incompatible cache coverage (0.338772ms)
✔ semantic version separates incompatible cache coverage (0.514136ms)
✔ TTL expires exactly at bound; reads and fresh missing-category combinations never rejuvenate old coverage (0.805056ms)
✔ new valid-empty category coverage cannot resurrect old venues through a reused superset (0.403749ms)
✔ equal-timestamp freshness uses admission order even after an older superset becomes most recently used (0.244929ms)
✔ V-DR-02: maxEntries eviction cannot resurrect superseded Corn (increasing timestamps) (6.008011ms)
✔ V-DR-02: maxEntries eviction cannot resurrect superseded Corn (equal timestamps) (0.324039ms)
✔ V-DR-02: maxVenues eviction cannot resurrect superseded Corn (increasing timestamps) (0.964616ms)
✔ V-DR-02: maxVenues eviction cannot resurrect superseded Corn (equal timestamps) (0.308005ms)
✔ V-DR-02: radius 50→15 supersession is durable and never claims wider coverage (0.4832ms)
✔ V-DR-02: radius 15→50 supersession is durable and never claims wider coverage (0.23148ms)
✔ V-DR-02: supersession lasts through the old TTL and never rejuvenates unaffected Movies (0.383329ms)
✔ V-DR-02: successful coverage for another latitude cannot supersede this signature (0.228084ms)
✔ V-DR-02: successful coverage for another longitude cannot supersede this signature (0.15256ms)
✔ V-DR-02: successful coverage for another Halloween activation cannot supersede this signature (0.129926ms)
✔ V-DR-02: successful coverage for another semantic version cannot supersede this signature (0.135896ms)
✔ V-DR-02: valid-empty supersession retains full classification and evidence for an identity still reused through Movies (0.314975ms)
✔ V-DR-02: rejected fallback response cannot supersede successful older coverage (0.261715ms)
✔ V-DR-02: rejected failed response cannot supersede successful older coverage (0.175665ms)
✔ V-DR-02: rejected cancelled response cannot supersede successful older coverage (0.270248ms)
✔ V-DR-02: rejected cache-hit response cannot supersede successful older coverage (0.076856ms)
✔ V-DR-02: rejected legacy response cannot supersede successful older coverage (0.068674ms)
✔ V-DR-02: rejected oversize response cannot supersede successful older coverage (0.179281ms)
✔ V-DR-02: partial success supersedes only its successful categories (0.161294ms)
✔ V-DR-02: an entry with all coverage superseded retains terminal identity evidence until TTL (0.555319ms)
✔ LRU entry and aggregate raw-venue caps evict whole entries without truncated coverage (0.524051ms)
✔ cache assembly preserves catalog aliases, full evidence, hours precedence and lifecycle in either insertion order (0.629911ms)
✔ fresh cross-category lifecycle evidence suppresses an older cached active identity without adding coverage (0.348776ms)
✔ actual DateNightHome: Anything→subsets and every local-only filter reuse data without network (381.192208ms)
✔ actual DateNightHome: stale persisted unknown categories recover to Anything without weakening RPC validation (16.290319ms)
✔ actual DateNightHome: subset then mixed selection fetches only missing categories (10.172096ms)
✖ actual DateNightHome: bounded missing-category timeout preserves cached live contribution and partial warning (9.806114ms)
✔ actual DateNightHome: TTL refreshes on next category acquisition, not local-only toggles or elapsed time (10.848428ms)
✖ actual DateNightHome: radius narrows from acquired 50 mi without RPC; widening 15→50 acquires (11.386811ms)
✔ actual DateNightHome: late replacement response cannot seed reusable cache (23.666375ms)
✔ actual DateNightHome: late timeout response cannot seed reusable cache (10.952636ms)
✔ actual DateNightHome: component cache lifetime does not survive unmount or contaminate another session (7.656269ms)
✔ Date Night ordinary partial UI preserves live picks and discloses failed groups (557.896717ms)
✔ Date Night seasonal partial UI preserves live picks and discloses failed groups (10.626373ms)
✔ dinner: success settles active UI and clears watchdog before deadline (395.714603ms)
✔ dinner: fallback settles active UI and clears watchdog before deadline (7.248823ms)
✔ dinner: error settles active UI and clears watchdog before deadline (2.520505ms)
✔ dinner: AbortError settles active UI and clears watchdog before deadline (2.745666ms)
✔ dinner: never-settling/abort-ignoring RPC exits loading at 25s (5.507315ms)
✔ dinner: abort-compliant RPC exits loading at 25s (9.856705ms)
✔ dinner: late post-timeout success cannot overwrite timeout or a successful retry (10.352839ms)
✔ dinner: late post-timeout rejection cannot overwrite timeout or a successful retry (11.125772ms)
✔ dinner: replacement aborts old success; old settles first (15.060342ms)
✔ dinner: replacement aborts old success; new settles first (17.802482ms)
✔ dinner: replacement aborts old rejection; old settles first (12.208141ms)
✔ dinner: replacement aborts old rejection; new settles first (11.53508ms)
✔ dinner: unmount aborts/cleans up; success cannot write after unmount (7.269295ms)
✔ dinner: unmount aborts/cleans up; rejection cannot write after unmount (6.439542ms)
✔ dinner: unmount aborts/cleans up; pending cannot write after unmount (5.675449ms)
✔ dinner: radius replacement cancels transport; normal filters/options/pick still work (15.455533ms)
✔ dinner: timeout then retry success remains current when the first RPC finally resolves (8.007799ms)
✔ date-night: success settles active UI and clears watchdog before deadline (246.653187ms)
✔ date-night: fallback settles active UI and clears watchdog before deadline (13.756799ms)
✔ date-night: error settles active UI and clears watchdog before deadline (3.677171ms)
✔ date-night: AbortError settles active UI and clears watchdog before deadline (3.623561ms)
✔ date-night: never-settling/abort-ignoring RPC exits loading at 25s (3.812666ms)
✔ date-night: abort-compliant RPC exits loading at 25s (4.843833ms)
✔ date-night: late post-timeout success cannot overwrite timeout or a successful retry (8.761848ms)
✔ date-night: late post-timeout rejection cannot overwrite timeout or a successful retry (8.545892ms)
✔ date-night: replacement aborts old success; old settles first (10.151246ms)
✔ date-night: replacement aborts old success; new settles first (8.10044ms)
✔ date-night: replacement aborts old rejection; old settles first (8.702148ms)
✔ date-night: replacement aborts old rejection; new settles first (7.264348ms)
✔ date-night: unmount aborts/cleans up; success cannot write after unmount (5.288545ms)
✔ date-night: unmount aborts/cleans up; rejection cannot write after unmount (5.024396ms)
✔ date-night: unmount aborts/cleans up; pending cannot write after unmount (5.317128ms)
✖ date-night: radius replacement cancels transport; normal filters/options/pick still work (6.232108ms)
✔ date-night: timeout then retry success remains current when the first RPC finally resolves (8.424599ms)
✔ nightlife: success settles active UI and clears watchdog before deadline (43.859946ms)
✔ nightlife: fallback settles active UI and clears watchdog before deadline (6.360543ms)
✔ nightlife: error settles active UI and clears watchdog before deadline (1.549489ms)
✔ nightlife: AbortError settles active UI and clears watchdog before deadline (1.252641ms)
✔ nightlife: never-settling/abort-ignoring RPC exits loading at 25s (1.845436ms)
✔ nightlife: abort-compliant RPC exits loading at 25s (1.785145ms)
✔ nightlife: late post-timeout success cannot overwrite timeout or a successful retry (2.870303ms)
✔ nightlife: late post-timeout rejection cannot overwrite timeout or a successful retry (2.19248ms)
✔ nightlife: replacement aborts old success; old settles first (2.347875ms)
✔ nightlife: replacement aborts old success; new settles first (2.473995ms)
✔ nightlife: replacement aborts old rejection; old settles first (2.830654ms)
✔ nightlife: replacement aborts old rejection; new settles first (2.545252ms)
✔ nightlife: unmount aborts/cleans up; success cannot write after unmount (2.263447ms)
✔ nightlife: unmount aborts/cleans up; rejection cannot write after unmount (3.017495ms)
✔ nightlife: unmount aborts/cleans up; pending cannot write after unmount (1.889923ms)
✔ nightlife: radius replacement cancels transport; normal filters/options/pick still work (2.587045ms)
✔ nightlife: timeout then retry success remains current when the first RPC finally resolves (2.359502ms)
✔ Date Night: seasonal dependency replacement aborts the previous request (3.496228ms)
✔ pinned TanStack RPC forwards the exact controller signal to fetch and settles on abort (61.085042ms)
✔ shared lifecycle also settles synchronous RPC throws without leaving a watchdog (6.813716ms)
ℹ tests 102
ℹ suites 0
ℹ pass 99
ℹ fail 3
ℹ cancelled 0
ℹ skipped 0
ℹ todo 0
ℹ duration_ms 1535.650435

✖ failing tests:

test at scripts/date-night-cache.test.mjs:438:1
✖ actual DateNightHome: bounded missing-category timeout preserves cached live contribution and partial warning (9.806114ms)
  TypeError: Cannot read properties of undefined (reading 'title')
      at TestContext.<anonymous> (file:///workspace/scratch/3701dbff1050/dinner-roulette/scripts/date-night-cache.test.mjs:448:33)
      at async Test.run (node:internal/test_runner/test:1389:7)
      at async Test.processPendingSubtests (node:internal/test_runner/test:960:7)

test at scripts/date-night-cache.test.mjs:466:1
✖ actual DateNightHome: radius narrows from acquired 50 mi without RPC; widening 15→50 acquires (11.386811ms)
  AssertionError [ERR_ASSERTION]: Expected values to be strictly equal:

  1 !== 2

      at TestContext.<anonymous> (file:///workspace/scratch/3701dbff1050/dinner-roulette/scripts/date-night-cache.test.mjs:470:10)
      at async Test.run (node:internal/test_runner/test:1389:7)
      at async Test.processPendingSubtests (node:internal/test_runner/test:960:7) {
    generatedMessage: true,
    code: 'ERR_ASSERTION',
    actual: 1,
    expected: 2,
    operator: 'strictEqual',
    diff: 'simple'
  }

test at scripts/discovery-client-lifecycle.test.mjs:166:3
✖ date-night: radius replacement cancels transport; normal filters/options/pick still work (6.232108ms)
  AssertionError [ERR_ASSERTION]: Expected values to be strictly equal:

  false !== true

      at TestContext.<anonymous> (file:///workspace/scratch/3701dbff1050/dinner-roulette/scripts/discovery-client-lifecycle.test.mjs:172:12)
      at Test.runInAsyncScope (node:async_hooks:227:14)
      at Test.run (node:internal/test_runner/test:1382:25)
      at Test.processPendingSubtests (node:internal/test_runner/test:960:18)
      at Test.postRun (node:internal/test_runner/test:1522:19)
      at Test.run (node:internal/test_runner/test:1447:12)
      at async Test.processPendingSubtests (node:internal/test_runner/test:960:7) {
    generatedMessage: true,
    code: 'ERR_ASSERTION',
    actual: false,
    expected: true,
    operator: 'strictEqual',
    diff: 'simple'
  }
