✔ Anything coverage satisfies every later category and subset without acquiring again (7.593815ms)
✔ coverage is category-specific within a group; only missing types are requested (8.585271ms)
✔ valid-empty coverage is reusable and preserves its origin; failed/cancelled categories stay missing (0.434415ms)
✔ complete fallback and legacy missing metadata never establish reusable live coverage (0.404189ms)
✔ cached successes plus fresh failure preserve partial live data and disjoint category outcomes (1.350527ms)
✔ cached live success survives missing-category transport failure without asserting coverage (0.49036ms)
✔ radius narrowing reuses larger coverage but widening cannot use a narrower entry (16.407189ms)
✔ latitude separates incompatible cache coverage (0.183346ms)
✔ longitude separates incompatible cache coverage (0.307003ms)
✔ Halloween activation separates incompatible cache coverage (0.416268ms)
✔ semantic version separates incompatible cache coverage (0.328426ms)
✔ TTL expires exactly at bound; reads and fresh missing-category combinations never rejuvenate old coverage (0.466453ms)
✔ new valid-empty category coverage cannot resurrect old venues through a reused superset (0.282056ms)
✔ equal-timestamp freshness uses admission order even after an older superset becomes most recently used (0.273071ms)
✔ V-DR-02: maxEntries eviction cannot resurrect superseded Corn (increasing timestamps) (0.821269ms)
✔ V-DR-02: maxEntries eviction cannot resurrect superseded Corn (equal timestamps) (0.203677ms)
✔ V-DR-02: maxVenues eviction cannot resurrect superseded Corn (increasing timestamps) (0.633385ms)
✔ V-DR-02: maxVenues eviction cannot resurrect superseded Corn (equal timestamps) (0.346352ms)
✔ V-DR-02: radius 50→15 supersession is durable and never claims wider coverage (0.398131ms)
✔ V-DR-02: radius 15→50 supersession is durable and never claims wider coverage (0.181143ms)
✔ V-DR-02: supersession lasts through the old TTL and never rejuvenates unaffected Movies (0.419793ms)
✔ V-DR-02: successful coverage for another latitude cannot supersede this signature (0.255415ms)
✔ V-DR-02: successful coverage for another longitude cannot supersede this signature (0.188404ms)
✔ V-DR-02: successful coverage for another Halloween activation cannot supersede this signature (0.315546ms)
✔ V-DR-02: successful coverage for another semantic version cannot supersede this signature (0.127002ms)
✔ V-DR-02: valid-empty supersession retains full classification and evidence for an identity still reused through Movies (0.401436ms)
✔ V-DR-02: rejected fallback response cannot supersede successful older coverage (0.164668ms)
✔ V-DR-02: rejected failed response cannot supersede successful older coverage (0.257929ms)
✔ V-DR-02: rejected cancelled response cannot supersede successful older coverage (0.095564ms)
✔ V-DR-02: rejected cache-hit response cannot supersede successful older coverage (0.16574ms)
✔ V-DR-02: rejected legacy response cannot supersede successful older coverage (0.076956ms)
✔ V-DR-02: rejected oversize response cannot supersede successful older coverage (0.204669ms)
✔ V-DR-02: partial success supersedes only its successful categories (0.229947ms)
✔ V-DR-02: an entry with all coverage superseded retains terminal identity evidence until TTL (0.553605ms)
✔ LRU entry and aggregate raw-venue caps evict whole entries without truncated coverage (0.598193ms)
✔ cache assembly preserves catalog aliases, full evidence, hours precedence and lifecycle in either insertion order (0.697332ms)
✔ fresh cross-category lifecycle evidence suppresses an older cached active identity without adding coverage (0.281324ms)
✔ actual DateNightHome: Anything→subsets and every local-only filter reuse data without network (390.845002ms)
✔ actual DateNightHome: stale persisted unknown categories recover to Anything without weakening RPC validation (10.480104ms)
✔ actual DateNightHome: subset then mixed selection fetches only missing categories (6.195505ms)
✔ actual DateNightHome: bounded missing-category timeout preserves cached live contribution and partial warning (7.993018ms)
✔ actual DateNightHome: TTL refreshes on next category acquisition, not local-only toggles or elapsed time (6.458192ms)
✔ actual DateNightHome: radius widening schedules an outer patch; narrowing reuses core without RPC (14.761627ms)
✔ actual DateNightHome: late replacement response cannot seed reusable cache (8.639212ms)
✔ actual DateNightHome: late timeout response cannot seed reusable cache (9.244685ms)
✔ actual DateNightHome: component cache lifetime does not survive unmount or contaminate another session (7.620155ms)
✔ Date Night ordinary partial UI preserves live picks and discloses failed groups (586.687116ms)
✔ Date Night seasonal partial UI preserves live picks and discloses failed groups (8.016192ms)
✔ dinner: success settles active UI and clears watchdog before deadline (495.875452ms)
✔ dinner: fallback settles active UI and clears watchdog before deadline (5.844376ms)
✔ dinner: error settles active UI and clears watchdog before deadline (3.271284ms)
✔ dinner: AbortError settles active UI and clears watchdog before deadline (2.904621ms)
✔ dinner: never-settling/abort-ignoring RPC exits loading at 25s (6.749932ms)
✔ dinner: abort-compliant RPC exits loading at 25s (7.032648ms)
✔ dinner: late post-timeout success cannot overwrite timeout or a successful retry (14.461915ms)
✔ dinner: late post-timeout rejection cannot overwrite timeout or a successful retry (13.892355ms)
✔ dinner: replacement aborts old success; old settles first (15.858291ms)
✔ dinner: replacement aborts old success; new settles first (14.468825ms)
✔ dinner: replacement aborts old rejection; old settles first (22.315221ms)
✔ dinner: replacement aborts old rejection; new settles first (12.729938ms)
✔ dinner: unmount aborts/cleans up; success cannot write after unmount (8.546537ms)
✔ dinner: unmount aborts/cleans up; rejection cannot write after unmount (4.706359ms)
✔ dinner: unmount aborts/cleans up; pending cannot write after unmount (5.075437ms)
✔ dinner: radius update cancels obsolete transport or retains still-needed core; normal selection works (14.825784ms)
✔ dinner: timeout then retry success remains current when the first RPC finally resolves (8.654565ms)
✔ date-night: success settles active UI and clears watchdog before deadline (173.512671ms)
✔ date-night: fallback settles active UI and clears watchdog before deadline (5.5552ms)
✔ date-night: error settles active UI and clears watchdog before deadline (4.853231ms)
✔ date-night: AbortError settles active UI and clears watchdog before deadline (7.438996ms)
✔ date-night: never-settling/abort-ignoring RPC exits loading at 25s (3.441712ms)
✔ date-night: abort-compliant RPC exits loading at 25s (5.236008ms)
✔ date-night: late post-timeout success cannot overwrite timeout or a successful retry (8.05448ms)
✔ date-night: late post-timeout rejection cannot overwrite timeout or a successful retry (8.14097ms)
✔ date-night: replacement aborts old success; old settles first (8.841537ms)
✔ date-night: replacement aborts old success; new settles first (7.816841ms)
✔ date-night: replacement aborts old rejection; old settles first (8.081661ms)
✔ date-night: replacement aborts old rejection; new settles first (5.706589ms)
✔ date-night: unmount aborts/cleans up; success cannot write after unmount (3.991341ms)
✔ date-night: unmount aborts/cleans up; rejection cannot write after unmount (3.848846ms)
✔ date-night: unmount aborts/cleans up; pending cannot write after unmount (3.977981ms)
✔ date-night: radius update cancels obsolete transport or retains still-needed core; normal selection works (9.164524ms)
✔ date-night: timeout then retry success remains current when the first RPC finally resolves (4.846821ms)
✔ nightlife: success settles active UI and clears watchdog before deadline (31.135796ms)
✔ nightlife: fallback settles active UI and clears watchdog before deadline (2.507152ms)
✔ nightlife: error settles active UI and clears watchdog before deadline (2.0883ms)
✔ nightlife: AbortError settles active UI and clears watchdog before deadline (1.979716ms)
✔ nightlife: never-settling/abort-ignoring RPC exits loading at 25s (2.742347ms)
✔ nightlife: abort-compliant RPC exits loading at 25s (2.3936ms)
✔ nightlife: late post-timeout success cannot overwrite timeout or a successful retry (3.170602ms)
✔ nightlife: late post-timeout rejection cannot overwrite timeout or a successful retry (3.606179ms)
✔ nightlife: replacement aborts old success; old settles first (4.211343ms)
✔ nightlife: replacement aborts old success; new settles first (2.991332ms)
✔ nightlife: replacement aborts old rejection; old settles first (3.508052ms)
✔ nightlife: replacement aborts old rejection; new settles first (2.124796ms)
✔ nightlife: unmount aborts/cleans up; success cannot write after unmount (1.602768ms)
✔ nightlife: unmount aborts/cleans up; rejection cannot write after unmount (1.354002ms)
✔ nightlife: unmount aborts/cleans up; pending cannot write after unmount (1.542096ms)
✔ nightlife: radius update cancels obsolete transport or retains still-needed core; normal selection works (2.446951ms)
✔ nightlife: timeout then retry success remains current when the first RPC finally resolves (1.63788ms)
✔ Date Night: seasonal dependency replacement aborts the previous request (2.860896ms)
✔ pinned TanStack RPC forwards the exact controller signal to fetch and settles on abort (35.197183ms)
✔ shared lifecycle also settles synchronous RPC throws without leaving a watchdog (4.433287ms)
ℹ tests 102
ℹ suites 0
ℹ pass 102
ℹ fail 0
ℹ cancelled 0
ℹ skipped 0
ℹ todo 0
ℹ duration_ms 1675.289584
