audit/production-loading-hang-remediation-1-evidence/baseline-negative-control.log:21: trailing whitespace.
+
audit/production-loading-hang-remediation-1-evidence/baseline-negative-control.log:23: trailing whitespace.
+
audit/production-loading-hang-remediation-1-evidence/baseline-negative-control.log:38: trailing whitespace.
+
audit/production-loading-hang-remediation-1-evidence/baseline-negative-control.log:40: trailing whitespace.
+
audit/production-loading-hang-remediation-1-evidence/baseline-negative-control.log:55: trailing whitespace.
+
audit/production-loading-hang-remediation-1-evidence/baseline-negative-control.log:57: trailing whitespace.
+
audit/production-loading-hang-remediation-1-evidence/baseline-negative-control.log:73: trailing whitespace.
+
audit/production-loading-hang-remediation-1-evidence/baseline-negative-control.log:76: trailing whitespace.
+
audit/production-loading-hang-remediation-1-evidence/baseline-negative-control.log:92: trailing whitespace.
+
audit/production-loading-hang-remediation-1-evidence/baseline-negative-control.log:95: trailing whitespace.
+
audit/production-loading-hang-remediation-1-evidence/baseline-negative-control.log:110: trailing whitespace.
+
audit/production-loading-hang-remediation-1-evidence/baseline-negative-control.log:112: trailing whitespace.
+
audit/production-loading-hang-remediation-1-evidence/deadlines-initial.log:110: trailing whitespace.
+
audit/production-loading-hang-remediation-1-evidence/deadlines-initial.log:112: trailing whitespace.
+
audit/production-loading-hang-remediation-1-evidence/deadlines-initial.log:127: trailing whitespace.
+
audit/production-loading-hang-remediation-1-evidence/deadlines-initial.log:129: trailing whitespace.
+
audit/production-loading-hang-remediation-1-evidence/dependency-tree.log:1403: new blank line at EOF.
audit/production-loading-hang-remediation-1-evidence/typecheck-initial.log:5: new blank line at EOF.
audit/production-loading-hang-remediation-1-evidence/typecheck.log:5: new blank line at EOF.
