[nitro:vercel] ℹ Using nodejs24.x runtime.
[nitro:vercel] ℹ Using web entry format.
vite v8.2.2 building client environment for production...
transforming...
✓ 1925 modules transformed.
rendering chunks...
computing gzip size...
.vercel/output/static/assets/date-night-base-polish-ahCcNE04.css            1.06 kB │ gzip:   0.32 kB
.vercel/output/static/assets/halloween-date-night-overrides-ijfpVRnB.css    2.52 kB │ gzip:   0.49 kB
.vercel/output/static/assets/styles-6KGgRzCH.css                           49.26 kB │ gzip:   8.80 kB
.vercel/output/static/assets/sparkles-HoKZmz9-.js                           0.49 kB │ gzip:   0.29 kB
.vercel/output/static/assets/history-5GIg4qzZ.js                            2.27 kB │ gzip:   1.00 kB
.vercel/output/static/assets/favorites-DNzgkPAZ.js                          3.65 kB │ gzip:   1.50 kB
.vercel/output/static/assets/button-CAUZBcnE.js                             4.55 kB │ gzip:   2.00 kB
.vercel/output/static/assets/icons-BhNLHSNW.js                              5.12 kB │ gzip:   1.76 kB
.vercel/output/static/assets/hours-CNQgKnUL.js                              5.47 kB │ gzip:   2.29 kB
.vercel/output/static/assets/settings-DeNZeI7n.js                           8.97 kB │ gzip:   3.06 kB
.vercel/output/static/assets/session-hints-D_9hSuMm.js                      9.75 kB │ gzip:   3.82 kB
.vercel/output/static/assets/routes-4FoML2Uh.js                           121.58 kB │ gzip:  33.80 kB
.vercel/output/static/assets/index-CoNjYecN.js                            442.85 kB │ gzip: 139.30 kB

✓ built in 2.60s
vite v8.2.2 building ssr environment for production...
transforming...
✓ 204 modules transformed.
rendering chunks...
computing gzip size...
node_modules/.nitro/vite/services/ssr/assets/date-night-base-polish-ahCcNE04.css            1.06 kB │ gzip:  0.32 kB
node_modules/.nitro/vite/services/ssr/assets/halloween-date-night-overrides-ijfpVRnB.css    2.52 kB │ gzip:  0.49 kB
node_modules/.nitro/vite/services/ssr/assets/styles-6KGgRzCH.css                           49.26 kB │ gzip:  8.80 kB
node_modules/.nitro/vite/services/ssr/assets/start-5Z2QO8AU.js                              0.14 kB │ gzip:  0.13 kB
node_modules/.nitro/vite/services/ssr/assets/empty-plugin-adapters-D9UWiqvJ.js              0.22 kB │ gzip:  0.16 kB
node_modules/.nitro/vite/services/ssr/assets/geo-DbY76vwi.js                                0.63 kB │ gzip:  0.36 kB
node_modules/.nitro/vite/services/ssr/assets/button-Sj5D6h61.js                             1.53 kB │ gzip:  0.73 kB
node_modules/.nitro/vite/services/ssr/assets/session-hints-DsyT8qhr.js                      1.56 kB │ gzip:  0.73 kB
node_modules/.nitro/vite/services/ssr/assets/_tanstack-start-manifest_v-B55GiMtk.js         1.59 kB │ gzip:  0.51 kB
node_modules/.nitro/vite/services/ssr/assets/types-DYnGu9og.js                              1.74 kB │ gzip:  0.71 kB
node_modules/.nitro/vite/services/ssr/assets/history-BPsqyxYT.js                            3.56 kB │ gzip:  1.32 kB
node_modules/.nitro/vite/services/ssr/assets/season-DmbyOfoq.js                             3.57 kB │ gzip:  1.26 kB
node_modules/.nitro/vite/services/ssr/assets/utils-D6ZFUf1X.js                              3.96 kB │ gzip:  1.70 kB
node_modules/.nitro/vite/services/ssr/assets/chains-CUQoPn3E.js                             5.06 kB │ gzip:  2.09 kB
node_modules/.nitro/vite/services/ssr/assets/favorites-BbuWESRM.js                          5.55 kB │ gzip:  1.78 kB
node_modules/.nitro/vite/services/ssr/assets/icons-rwSirfUY.js                              5.98 kB │ gzip:  1.98 kB
node_modules/.nitro/vite/services/ssr/assets/cuisines-DHiCPs_N.js                           6.90 kB │ gzip:  2.11 kB
node_modules/.nitro/vite/services/ssr/assets/hours-CtnFTMWS.js                              9.10 kB │ gzip:  3.03 kB
node_modules/.nitro/vite/services/ssr/assets/types-C8aHb-7g.js                             11.68 kB │ gzip:  3.99 kB
node_modules/.nitro/vite/services/ssr/assets/settings-BjReSwo4.js                          12.21 kB │ gzip:  3.32 kB
node_modules/.nitro/vite/services/ssr/assets/search-CK8xcmxw.js                            22.79 kB │ gzip:  6.35 kB
node_modules/.nitro/vite/services/ssr/assets/router-BRqsED1B.js                            25.33 kB │ gzip:  7.94 kB
node_modules/.nitro/vite/services/ssr/index.js                                             69.75 kB │ gzip: 17.79 kB
node_modules/.nitro/vite/services/ssr/assets/search-BFPWy3Ed.js                            76.14 kB │ gzip: 15.90 kB
node_modules/.nitro/vite/services/ssr/assets/routes-qiGcSPFr.js                           149.55 kB │ gzip: 32.65 kB
node_modules/.nitro/vite/services/ssr/assets/search-DpaCA7E5.js                           384.73 kB │ gzip: 83.32 kB

✓ built in 1.05s

[nitro] ◐ Building [Nitro] (preset: vercel, compatibility: 2026-09-25)
[nitro] ✔ Generated public .vercel/output/static
vite v8.2.2 building nitro environment for production...
transforming...
✓ 1907 modules transformed.
rendering chunks...
computing gzip size...
.vercel/output/functions/__server.func/_ssr/start-5Z2QO8AU.mjs                       0.14 kB │ gzip:   0.13 kB
.vercel/output/functions/__server.func/_ssr/empty-plugin-adapters-D9UWiqvJ.mjs       0.23 kB │ gzip:   0.16 kB
.vercel/output/functions/__server.func/_libs/radix-ui__number.mjs                    0.32 kB │ gzip:   0.24 kB
.vercel/output/functions/__server.func/_ssr/geo-DbY76vwi.mjs                         0.66 kB │ gzip:   0.39 kB
.vercel/output/functions/__server.func/_libs/radix-ui__react-direction.mjs           0.71 kB │ gzip:   0.39 kB
.vercel/output/functions/__server.func/_chunks/ssr-renderer.mjs                      0.96 kB │ gzip:   0.49 kB
.vercel/output/functions/__server.func/_runtime.mjs                                  1.58 kB │ gzip:   0.74 kB
.vercel/output/functions/__server.func/_tanstack-start-manifest_v-B55GiMtk.mjs       1.64 kB │ gzip:   0.54 kB
.vercel/output/functions/__server.func/_ssr/button-Sj5D6h61.mjs                      1.65 kB │ gzip:   0.76 kB
.vercel/output/functions/__server.func/_ssr/session-hints-DsyT8qhr.mjs               1.70 kB │ gzip:   0.79 kB
.vercel/output/functions/__server.func/_ssr/types-DYnGu9og.mjs                       1.78 kB │ gzip:   0.73 kB
.vercel/output/functions/__server.func/_libs/radix-ui__primitive.mjs                 1.83 kB │ gzip:   0.72 kB
.vercel/output/functions/__server.func/_libs/class-variance-authority+clsx.mjs       3.17 kB │ gzip:   1.24 kB
.vercel/output/functions/__server.func/_ssr/season-DmbyOfoq.mjs                      3.55 kB │ gzip:   1.28 kB
.vercel/output/functions/__server.func/_ssr/utils-D6ZFUf1X.mjs                       3.96 kB │ gzip:   1.73 kB
.vercel/output/functions/__server.func/_ssr/history-BPsqyxYT.mjs                     4.12 kB │ gzip:   1.39 kB
.vercel/output/functions/__server.func/_ssr/chains-CUQoPn3E.mjs                      4.94 kB │ gzip:   2.08 kB
.vercel/output/functions/__server.func/_ssr/icons-rwSirfUY.mjs                       6.01 kB │ gzip:   2.01 kB
.vercel/output/functions/__server.func/_ssr/favorites-BbuWESRM.mjs                   6.29 kB │ gzip:   1.86 kB
.vercel/output/functions/__server.func/_libs/zustand.mjs                             6.72 kB │ gzip:   2.08 kB
.vercel/output/functions/__server.func/_ssr/cuisines-DHiCPs_N.mjs                    6.94 kB │ gzip:   2.14 kB
.vercel/output/functions/__server.func/_libs/radix-ui__react-switch.mjs              7.73 kB │ gzip:   2.20 kB
.vercel/output/functions/__server.func/_libs/@radix-ui/react-primitive+[...].mjs     7.90 kB │ gzip:   2.44 kB
.vercel/output/functions/__server.func/_ssr/hours-CtnFTMWS.mjs                       9.02 kB │ gzip:   3.03 kB
.vercel/output/functions/__server.func/_libs/h3-v2+rou3.mjs                          9.83 kB │ gzip:   3.05 kB
.vercel/output/functions/__server.func/_ssr/types-C8aHb-7g.mjs                      11.65 kB │ gzip:   4.00 kB
.vercel/output/functions/__server.func/_libs/tanstack__history.mjs                  12.05 kB │ gzip:   3.46 kB
.vercel/output/functions/__server.func/_ssr/settings-BjReSwo4.mjs                   14.15 kB │ gzip:   3.45 kB
.vercel/output/functions/__server.func/_libs/lucide-react.mjs                       19.12 kB │ gzip:   4.42 kB
.vercel/output/functions/__server.func/_libs/h3+rou3+srvx.mjs                       22.57 kB │ gzip:   6.12 kB
.vercel/output/functions/__server.func/_ssr/search-CK8xcmxw.mjs                     22.61 kB │ gzip:   6.34 kB
.vercel/output/functions/__server.func/_ssr/router-BRqsED1B.mjs                     25.54 kB │ gzip:   7.96 kB
.vercel/output/functions/__server.func/_libs/@radix-ui/react-slider+[...].mjs       28.38 kB │ gzip:   6.72 kB
.vercel/output/functions/__server.func/index.mjs                                    31.78 kB │ gzip:   9.95 kB
.vercel/output/functions/__server.func/_libs/@radix-ui/react-collection+[...].mjs   44.03 kB │ gzip:  10.03 kB
.vercel/output/functions/__server.func/_ssr/ssr.mjs                                 68.02 kB │ gzip:  17.72 kB
.vercel/output/functions/__server.func/_ssr/search-BFPWy3Ed.mjs                     75.75 kB │ gzip:  15.88 kB
.vercel/output/functions/__server.func/_libs/tailwind-merge.mjs                     88.13 kB │ gzip:  15.66 kB
.vercel/output/functions/__server.func/_libs/@tanstack/router-core+[...].mjs       122.94 kB │ gzip:  25.89 kB
.vercel/output/functions/__server.func/_libs/zod.mjs                               159.58 kB │ gzip:  34.87 kB
.vercel/output/functions/__server.func/_ssr/routes-qiGcSPFr.mjs                    161.79 kB │ gzip:  32.96 kB
.vercel/output/functions/__server.func/_ssr/search-DpaCA7E5.mjs                    380.63 kB │ gzip:  83.03 kB
.vercel/output/functions/__server.func/_libs/@tanstack/react-router+[...].mjs      654.07 kB │ gzip: 137.25 kB

✓ built in 607ms
ℹ Generated .vercel/output/nitro.json

[nitro] ✔ You can preview this build using npx vite preview
[nitro] ✔ You can deploy this build using npx nitro deploy --prebuilt
