✔ invented identity matrix produces seven eligible occurrences, four quarantines and closure tombstone (327.170928ms)
✔ strict unknown field rejection: root (9.253061ms)
✔ strict unknown field rejection: occurrence (4.256012ms)
✔ strict unknown field rejection: source (2.139959ms)
✔ strict unknown field rejection: assertion (1.291138ms)
✔ strict unknown field rejection: coordinate (11.887395ms)
✔ strict unknown field rejection: address (2.044395ms)
✔ fact-only rejection: review (6.592447ms)
✔ fact-only rejection: description (4.366398ms)
✔ fact-only rejection: photos (9.3452ms)
✔ fact-only rejection: logos (1.78904ms)
✔ fact-only rejection: screenshots (1.235605ms)
✔ fact-only rejection: ranking (1.141793ms)
✔ fact-only rejection: popularity (1.112288ms)
✔ fact-only rejection: rating (1.119339ms)
✔ fact-only rejection: price (4.381131ms)
✔ fact-only rejection: articleText (1.213681ms)
✔ malformed schema/version, nonfinite coordinate and invalid date are rejected (11.932955ms)
✔ name/address/URL overflow fails explicitly (4.575223ms)
✔ exact 100 publication limit accepted, 101 rejected (737.805838ms)
✔ 512 reviewed identities includes locations, quarantined and tombstone records (37.513539ms)
✔ 20 observations accepted, 21 rejected without provenance truncation (11.802848ms)
✔ runtime byte ceiling fails rather than truncating (1050.271917ms)
✔ Unicode NFC and whitespace normalize while display capitalization is preserved (9.823622ms)
✔ conflicts quarantine, explicit review resolves and preserves all assertion/source IDs (14.246109ms)
✔ incomplete resolution, selected conflicts and overlapping sets are rejected (4.352317ms)
✔ current footer year is not season evidence: footer-only (4.494431ms)
✔ current footer year is not season evidence: absent (3.462664ms)
✔ historical/unconfirmed and mismatched season/year evidence quarantine (41.117648ms)
✔ all scoped negative lifecycle states survive in tombstones and exclude affected occurrences (15.419344ms)
✔ occurrence cancellation does not close other events at the venue (5.60675ms)
✔ operator lifecycle applies to its events (4.687703ms)
✔ venue lifecycle applies to its events (5.663896ms)
✔ past seasonal cancellation interval does not cancel this year's event (4.198855ms)
✔ unscoped negative, wrong scope and unsupported lifecycle evidence fail (30.168262ms)
✔ closed attraction with active duplicate is excluded and terminal evidence retained (66.396518ms)
✔ moved venue uses the new location version and explicit moved-from relationship (29.154357ms)
✔ same address, category and generic farm preserve distinct event identity (17.50423ms)
✔ missing OSM eligible; explicit OSM/web/catalog crosswalk has one event (30.693244ms)
✔ recurring next-year occurrences retain different IDs and prior-year relation (35.946695ms)
✔ explicit same-event and alias decisions combine evidence before any dedupe (8.100702ms)
✔ do-not-merge overrides direct and transitive equivalence (1.548676ms)
✔ cyclic identity and unsupported crosswalk decisions reject (13.067886ms)
✔ stable IDs reject mutable name/address derivation and do not change with spelling (6.573639ms)
✔ entire output and content revision are deterministic independent of input ordering (129.416945ms)
✔ candidate and unresolved coordinates never enter radius-ready facts (18.520533ms)
✔ coordinate review and fingerprint are required; moved address cannot reuse old point (2.259659ms)
✔ calendar/timezone remain explicit with local overnight closing semantics (20.12267ms)
✔ missing field/record is not deletion; previous facts retain their checkedAt (64.415738ms)
✔ failed refresh preserves last-good bytes and freshness; immutable evidence cannot be replaced (28.191975ms)
✔ terminal negatives survive omission in later refresh (22.156099ms)
✔ schema/manifest mismatch fails atomically and leaves output bytes unchanged (46.120846ms)
✔ tampered manifest freshness/count or runtime data is rejected (20.468052ms)
✔ adapters are disabled by default; true cannot be parsed (1.038126ms)
✔ permission review cannot be bypassed by public reachability, approval flag, expiry or automatic mode (0.951165ms)
✔ hostile URL rejected: http://seasonal.invalid/events/a (0.276577ms)
✔ hostile URL rejected: https://seasonal.invalid:444/events/a (0.228435ms)
✔ hostile URL rejected: https://u:p@seasonal.invalid/events/a (0.316618ms)
✔ hostile URL rejected: https://@seasonal.invalid/events/a (0.190647ms)
✔ hostile URL rejected: https://127.0.0.1/events/a (0.178819ms)
✔ hostile URL rejected: https://2130706433/events/a (0.304429ms)
✔ hostile URL rejected: https://0x7f000001/events/a (0.223367ms)
✔ hostile URL rejected: https://[::ffff:127.0.0.1]/events/a (0.178289ms)
✔ hostile URL rejected: https://seasonal.invalid.evil.invalid/events/a (0.240493ms)
✔ hostile URL rejected: https://seasonal.invalid./events/a (0.179901ms)
✔ hostile URL rejected: https://seasonal.invalid/other (0.280913ms)
✔ hostile URL rejected: https://seasonal.invalid/events-other (0.176987ms)
✔ hostile URL rejected: https://seasonal.invalid/events/../events/a (0.341386ms)
✔ hostile URL rejected: https://seasonal.invalid/events/%2e%2e/a (0.246492ms)
✔ hostile URL rejected: https://seasonal.invalid/events/%252f/a (0.232721ms)
✔ hostile URL rejected: https://seasonal.invalid/events/a#x (0.355286ms)
✔ hostile URL rejected: https://seasonal.invalid/events/a?redirect=https://bad.invalid (0.206812ms)
✔ hostile URL rejected: https://seasonal.invalid/events/a?year=2026&year=2027 (0.242475ms)
✔ hostile URL rejected: https://seasonal.invalid/events/a?year=2025 (0.192751ms)
✔ hostile URL rejected: https://seasonal.invalid\@bad.invalid/events/a (0.208565ms)
✔ hostile URL rejected: file:///events/a (0.180653ms)
✔ exact synthetic HTTPS host, port 443, path and allowed query pass pure policy (0.51045ms)
✔ SSRF reserved/private/mapped address denied: 0.0.0.0 (5.859401ms)
✔ SSRF reserved/private/mapped address denied: 10.1.2.3 (0.202045ms)
✔ SSRF reserved/private/mapped address denied: 100.100.100.200 (0.122444ms)
✔ SSRF reserved/private/mapped address denied: 127.0.0.1 (0.186491ms)
✔ SSRF reserved/private/mapped address denied: 169.254.169.254 (0.117026ms)
✔ SSRF reserved/private/mapped address denied: 172.31.255.255 (0.111739ms)
✔ SSRF reserved/private/mapped address denied: 192.168.1.1 (0.12563ms)
✔ SSRF reserved/private/mapped address denied: 192.0.2.1 (0.136256ms)
✔ SSRF reserved/private/mapped address denied: 198.18.0.1 (0.207163ms)
✔ SSRF reserved/private/mapped address denied: 198.51.100.1 (0.117507ms)
✔ SSRF reserved/private/mapped address denied: 203.0.113.1 (0.112439ms)
✔ SSRF reserved/private/mapped address denied: 224.0.0.1 (0.111027ms)
✔ SSRF reserved/private/mapped address denied: 255.255.255.255 (0.144248ms)
✔ SSRF reserved/private/mapped address denied: 168.63.129.16 (0.110297ms)
✔ SSRF reserved/private/mapped address denied: :: (1.783311ms)
✔ SSRF reserved/private/mapped address denied: ::1 (0.141844ms)
✔ SSRF reserved/private/mapped address denied: ::ffff:127.0.0.1 (0.135204ms)
✔ SSRF reserved/private/mapped address denied: ::ffff:7f00:1 (0.160352ms)
✔ SSRF reserved/private/mapped address denied: ::ffff:8.8.8.8 (0.125139ms)
✔ SSRF reserved/private/mapped address denied: 64:ff9b::a00:1 (0.113652ms)
✔ SSRF reserved/private/mapped address denied: fc00::1 (0.095995ms)
✔ SSRF reserved/private/mapped address denied: fe80::1 (0.093822ms)
✔ SSRF reserved/private/mapped address denied: ff02::1 (0.098358ms)
✔ SSRF reserved/private/mapped address denied: 2001:db8::1 (0.157618ms)
✔ SSRF reserved/private/mapped address denied: 2002:7f00:1:: (0.166331ms)
✔ SSRF reserved/private/mapped address denied: 3fff::1 (0.115094ms)
✔ SSRF reserved/private/mapped address denied: fe80::1%eth0 (0.074432ms)
✔ DNS answers all validated, peer pinned; equivalent public IPv6 spellings compare equal (1.659364ms)
✔ each redirect target revalidated, maximum two redirects (1.10665ms)
✔ bounded headers/wire/decompressed body/deadline/DOM/JSON-LD/request budget (1.969542ms)
✔ no executable extraction or fallback capability is exposed (0.136687ms)
✔ unmocked network attempts remain zero when guard is preloaded (1.580044ms)
✔ reused verified coordinates cannot cite another physical location's evidence (2.652993ms)
✔ source IDs, URLs and checkedAt facts cannot misstate observation metadata (4.89151ms)
✔ core offline dependencies are existing Zod and Node builtins, without paid SDKs (1.666965ms)
OFFLINE_NETWORK_PROOF unmocked_attempts=0
ℹ tests 112
ℹ suites 0
ℹ pass 112
ℹ fail 0
ℹ cancelled 0
ℹ skipped 0
ℹ todo 0
ℹ duration_ms 3887.271927
