✔ healthy readiness is immediate; four zero patches stop with incomplete coverage and 28 avoided audit acquisitions (83.604345ms)
✔ honest recall tradeoff: sole fifth-patch omission at 15–20mi is lost, retained radial reference finds it (283.905093ms)
ℹ {"fixture":"fifth-patch-omission","stoppedAuditAcquisitions":4,"exhaustiveAuditAcquisitions":32,"avoidedAuditAcquisitions":28,"lostUsefulIds":["known-late-omission"],"adaptiveFinalIds":["initial-0","initial-1","initial-2","initial-3"],"radialFinalIds":["initial-0","initial-1","initial-2","initial-3","known-late-omission"],"omittedPatch":"radial-v1:20:3","bandMiles":[15,20],"physicalProviderAttempts":"not measured: transport is mocked"}
✔ useful fourth-patch omission resets streak and is retained before a later stop (62.322884ms)
✔ thin starts immediately, promotes to healthy after useful recovery, then requires four fresh zero patches (24.527999ms)
✔ failed primary recovers immediately and never yield-stops even with four eligible recovered venues (284.677211ms)
✔ fourth patch negative applies before stop and makes four-venue primary thin (36.315099ms)
✔ fourth patch failure resets zero streak without sacrificing usable primary (37.385664ms)
✔ dispose cancels healthy deferred dispatch (3.099996ms)
✔ location cancels healthy deferred dispatch (3.253368ms)
✔ category cancels healthy deferred dispatch (3.426698ms)
✔ local exclusion during deferral accelerates existing audit without refetching primary (5.016967ms)
✔ semantic category coverage and genuine Plan applicability use the user's selection (0.43103ms)
✔ affirmed aliases do not inflate useful-yield count (0.920819ms)
✔ actual UI gets four options before healthy audit dispatch (491.326666ms)
✔ unobserved negative in skipped patch remains a disclosed stale-positive risk, radial reference removes it (207.939194ms)
ℹ {"fixture":"skipped-negative","skippedPatch":"radial-v1:20:3","stalePositiveId":"initial-0","adaptiveEligibleIds":["initial-0","initial-1","initial-2","initial-3"],"radialEligibleIds":["initial-1","initial-2","initial-3"],"observedNegativeResurrected":false}
✔ expiry at deferred dispatch reclassifies as thin; expired identity cannot support health (8.268312ms)
✔ filtered-only patch additions have zero useful yield (19.295466ms)
✔ partial mixed primary remains immediate recovery despite a rich eligible pool (3.919052ms)
✔ ADAPT-IV01: early-stop incompleteness stays explicit when local favorites filter makes pool empty (19.021443ms)
✔ ADAPT-IV01: open-now empty pool preserves stopped/incomplete status (25.107547ms)
✔ ADAPT-IV01: expiry empty pool preserves stopped/incomplete status (24.215563ms)
✔ primary disk resolves READY independently; serial audit recovers omitted unique venues without foreground loading (38.685685ms)
✔ curated-first readiness carries no live coverage and waits for primary settlement before auditing (16.965157ms)
✔ obsolete primary is aborted on {"lat":42} and late results cannot seed cache (1.39915ms)
✔ obsolete primary is aborted on {"activityTypes":["park"]} and late results cannot seed cache (1.546642ms)
✔ obsolete primary is aborted on {"radiusMiles":20} and late results cannot seed cache (1.322425ms)
✔ audit aborts on category/location change and disposal; cancelled audit cannot publish (2.660642ms)
✔ 50-mile disk authority permits local decrease and covered increase; widening beyond authority requests disk (30.977855ms)
✔ negative eviction retires older disk positives, patch=none (1.663018ms)
✔ negative eviction retires older disk positives, patch=radial-v1:core (0.332672ms)
✔ audit lifecycle negatives override disk positives through radius/category changes (25.30107ms)
✔ actual server handler propagates abort upstream and never starts later mirrors (primary) (363.151932ms)
✔ actual server handler propagates abort upstream and never starts later mirrors (radial-v1:core) (231.028256ms)
✔ audit positive ownership remains spatially clipped and primary disk does not claim patch coverage (6.480997ms)
✔ bounded negative retirement survives repeated cap pressure and alias/category/radius changes (cap 2) (2.319799ms)
✔ bounded negative retirement survives repeated cap pressure and alias/category/radius changes (cap 3) (1.708176ms)
✔ bounded negative retirement survives repeated cap pressure and alias/category/radius changes (cap 8) (2.35994ms)
✔ HYB-IV-01 capacity-rejected core negative still suppresses primary and cached aliases (cap 1) (6.653666ms)
✔ HYB-IV-01 capacity-rejected outer negative still suppresses primary and cached aliases (cap 1) (8.343596ms)
✔ HYB-IV-01 capacity-rejected core negative still suppresses primary and cached aliases (cap 20000) (53.979204ms)
✔ HYB-IV-01 capacity-rejected outer negative still suppresses primary and cached aliases (cap 20000) (16.310288ms)
✔ cancelled oversized audit cannot retire a newer origin's positive identity (5.822633ms)
✔ HYB-IV-02 ResultOverlay follows affirmed rekey z→a but still invalidates lifecycle negatives (457.907796ms)
✔ HYB-IV-02 OptionsOverlay follows affirmed rekey z→a but still invalidates lifecycle negatives (18.482629ms)
✔ HYB-IV-02 DateNightPlanOverlay follows affirmed rekey z→a but still invalidates lifecycle negatives (28.541372ms)
✔ HYB-IV-02 ResultOverlay follows affirmed rekey a→z but still invalidates lifecycle negatives (23.292996ms)
✔ HYB-IV-02 OptionsOverlay follows affirmed rekey a→z but still invalidates lifecycle negatives (22.080637ms)
✔ HYB-IV-02 DateNightPlanOverlay follows affirmed rekey a→z but still invalidates lifecycle negatives (21.780844ms)
✔ settled succeeded-empty primary ends spinner without claiming usable READY; audit can recover (5.37625ms)
✔ settled failed primary ends spinner without claiming usable READY; audit can recover (4.638402ms)
✔ failed primary with an eligible curated pool remains usable (15.277435ms)
✔ actual UI: empty failed primary stops foreground loading without a Ready label or enabled decisions (11.436922ms)
✔ radial cache counts valid-empty successful patches as proof and outer success never covers missing core (11.327323ms)
✔ a failed outermost patch preserves 0–40 completeness; retry work is only missing patch/category (15.957517ms)
✔ radial cache rejects fallback as coverage (1.245198ms)
✔ radial cache rejects failed as coverage (0.292251ms)
✔ radial cache rejects cancelled as coverage (0.574917ms)
✔ radial cache rejects cache-hit as coverage (0.3851ms)
✔ radial cache rejects legacy as coverage (0.356528ms)
✔ radial cache rejects wrong-patch as coverage (0.528357ms)
✔ radial cache rejects wrong-version as coverage (0.347093ms)
✔ positive circle overlap is owned once; identities/evidence dedupe without clipping classifications (12.879935ms)
✔ radial V-DR-02: maxEntries eviction cannot resurrect superseded patch/category authority (0.979617ms)
✔ radial V-DR-02: maxVenues eviction cannot resurrect superseded patch/category authority (1.871373ms)
✔ radial cross-patch/category negative evidence suppresses positives and eviction cannot resurrect them (1.667575ms)
✔ legacy disk authority and patch authority never satisfy or supersede one another (0.448436ms)
✔ TTL/eviction remove proof; radius and semantic changes are scoped; local eligibility strictly clips (4.881422ms)
✔ succeeded-nonempty: core first, then exactly 250ms after a slow successful outer settlement (53.533809ms)
✔ succeeded-empty: core first, then exactly 250ms after a slow successful outer settlement (9.358604ms)
✔ outer start floor with 0ms latency survives repeated compatible updates (18.980166ms)
✔ outer start floor with 100ms latency survives repeated compatible updates (20.192394ms)
✔ outer start floor with 749ms latency survives repeated compatible updates (31.029318ms)
✔ outer start floor with 750ms latency survives repeated compatible updates (36.548041ms)
✔ outer start floor with 900ms latency survives repeated compatible updates (17.394455ms)
✔ failed: outer degradation retains 1000ms settlement delay, even on explicit retry (12.08722ms)
✔ throw: outer degradation retains 1000ms settlement delay, even on explicit retry (10.704955ms)
✔ partial: outer degradation retains 1000ms settlement delay, even on explicit retry (12.357537ms)
✔ explicit retry of older missing work honors the most recent successful outer start (12.483878ms)
✔ dispose clears a pending success timer (13.653863ms)
✔ shrink clears a pending success timer (10.167254ms)
✔ radius shrink cancels outer work; immediate re-expansion is spaced and ignores late settlement (14.425786ms)
✔ generation replacement rejects late abort-ignoring outer response and remains serial (18.973066ms)
✔ incomplete core blocks expansion with no automatic retry loop (9.583754ms)
✔ three consecutive degraded outer patches pause without retrying attempted work (21.695ms)
✔ 32-start cap also blocks newly requested categories after a complete successful-empty pass (224.318216ms)
✔ synthetic 6-second cold pass measures 199750ms; baseline model is 223000ms (140.806315ms)
✔ radial IDs and geometry are deterministic; larger plans preserve the exact inner prefix (18.126799ms)
✔ radial partition has no sampled holes or double owners at 37.176447,-94.310223 (559.560753ms)
✔ radial partition has no sampled holes or double owners at 0,179.99 (171.72588ms)
✔ radial partition has no sampled holes or double owners at 80,-179.99 (186.936069ms)
✔ radial partition has no sampled holes or double owners at -80,30 (146.74055ms)
✔ every sector corner fits its bounded circle; no patch approaches a 50-mile monolith (0.561738ms)
✔ exact poles have a deterministic bearing frame and complete bounded coverage (6.097092ms)
✔ out-of-radius points have no logical owner and overlap maps to only one patch (0.764794ms)
✔ server resolves only enumerated patch IDs and rejects arbitrary geometry and hostile inputs (1.001261ms)
✔ continuous coverage requires every inner patch and requested category; outer success cannot fill a gap (4.878839ms)
✔ eviction/removal of a required proof makes continuous coverage incomplete; smaller maximum clips the claim (0.475257ms)
✔ actual UI: selected-radius primary enables all actions before serial background audit (1473.944612ms)
✔ actual UI: open ResultOverlay stays stable when audit venues arrive; future action uses enlarged pool (426.954316ms)
✔ actual UI: open OptionsOverlay stays stable when audit venues arrive; future action uses enlarged pool (317.214707ms)
✔ actual UI: open DateNightPlanOverlay stays stable when audit venues arrive; future action uses enlarged pool (251.279945ms)
✔ audit middle failure retains primary picks and explicit retry targets missing sector (418.905311ms)
✔ outermost audit failure preserves primary and bounded audit never auto-retries (4972.252007ms)
✔ three consecutive degraded audit patches stop bounded pass without removing primary (504.076924ms)
✔ 15→50 acquires missing disk authority; narrowing cancels obsolete work and clips locally (104.527291ms)
✔ rapid radius change cancels obsolete primary and strictly clips its replacement (25.121758ms)
✔ all local-only filters cause zero RPCs and do not cancel background audit (136.437989ms)
✔ location change cancels audit and late response cannot replace newer primary (81.869529ms)
✔ stalled primary watchdog cancels obsolete work and settles foreground state (46.280257ms)
✔ saved primary fallback remains usable without inventing live coverage (60.486906ms)
✔ dinner: success settles active UI and clears watchdog before deadline (591.23346ms)
✔ dinner: fallback settles active UI and clears watchdog before deadline (6.187632ms)
✔ dinner: error settles active UI and clears watchdog before deadline (3.581311ms)
✔ dinner: AbortError settles active UI and clears watchdog before deadline (3.052615ms)
✔ dinner: never-settling/abort-ignoring RPC exits loading at 25s (5.86135ms)
✔ dinner: abort-compliant RPC exits loading at 25s (7.171838ms)
✔ dinner: late post-timeout success cannot overwrite timeout or a successful retry (15.752221ms)
✔ dinner: late post-timeout rejection cannot overwrite timeout or a successful retry (17.713118ms)
✔ dinner: replacement aborts old success; old settles first (19.66283ms)
✔ dinner: replacement aborts old success; new settles first (20.804111ms)
✔ dinner: replacement aborts old rejection; old settles first (26.845043ms)
✔ dinner: replacement aborts old rejection; new settles first (24.785261ms)
✔ dinner: unmount aborts/cleans up; success cannot write after unmount (7.230667ms)
✔ dinner: unmount aborts/cleans up; rejection cannot write after unmount (8.024034ms)
✔ dinner: unmount aborts/cleans up; pending cannot write after unmount (7.671943ms)
✔ dinner: radius update cancels obsolete transport or retains still-needed core; normal selection works (19.332442ms)
✔ dinner: timeout then retry success remains current when the first RPC finally resolves (9.782476ms)
✔ date-night: success settles active UI and clears watchdog before deadline (359.724155ms)
✔ date-night: fallback settles active UI and clears watchdog before deadline (7.469998ms)
✔ date-night: error settles active UI and clears watchdog before deadline (11.075206ms)
✔ date-night: AbortError settles active UI and clears watchdog before deadline (3.843768ms)
✔ date-night: never-settling/abort-ignoring RPC exits loading at 25s (4.258494ms)
✔ date-night: abort-compliant RPC exits loading at 25s (6.507156ms)
✔ date-night: late post-timeout success cannot overwrite timeout or a successful retry (9.300038ms)
✔ date-night: late post-timeout rejection cannot overwrite timeout or a successful retry (9.663106ms)
✔ date-night: replacement aborts old success; old settles first (10.750226ms)
✔ date-night: replacement aborts old success; new settles first (13.405261ms)
✔ date-night: replacement aborts old rejection; old settles first (28.76556ms)
✔ date-night: replacement aborts old rejection; new settles first (10.503043ms)
✔ date-night: unmount aborts/cleans up; success cannot write after unmount (7.296757ms)
✔ date-night: unmount aborts/cleans up; rejection cannot write after unmount (7.575136ms)
✔ date-night: unmount aborts/cleans up; pending cannot write after unmount (7.255264ms)
✔ date-night: radius update cancels obsolete transport or retains still-needed core; normal selection works (16.132535ms)
✔ date-night: timeout then retry success remains current when the first RPC finally resolves (11.810986ms)
✔ nightlife: success settles active UI and clears watchdog before deadline (47.795326ms)
✔ nightlife: fallback settles active UI and clears watchdog before deadline (3.149641ms)
✔ nightlife: error settles active UI and clears watchdog before deadline (5.356049ms)
✔ nightlife: AbortError settles active UI and clears watchdog before deadline (5.884707ms)
✔ nightlife: never-settling/abort-ignoring RPC exits loading at 25s (5.004188ms)
✔ nightlife: abort-compliant RPC exits loading at 25s (2.294691ms)
✔ nightlife: late post-timeout success cannot overwrite timeout or a successful retry (2.465269ms)
✔ nightlife: late post-timeout rejection cannot overwrite timeout or a successful retry (3.442954ms)
✔ nightlife: replacement aborts old success; old settles first (3.074347ms)
✔ nightlife: replacement aborts old success; new settles first (2.31998ms)
✔ nightlife: replacement aborts old rejection; old settles first (2.816348ms)
✔ nightlife: replacement aborts old rejection; new settles first (2.366099ms)
✔ nightlife: unmount aborts/cleans up; success cannot write after unmount (2.090704ms)
✔ nightlife: unmount aborts/cleans up; rejection cannot write after unmount (7.473203ms)
✔ nightlife: unmount aborts/cleans up; pending cannot write after unmount (1.731993ms)
✔ nightlife: radius update cancels obsolete transport or retains still-needed core; normal selection works (2.860645ms)
✔ nightlife: timeout then retry success remains current when the first RPC finally resolves (1.77692ms)
✔ Date Night: seasonal dependency replacement aborts the previous request (4.277843ms)
✔ pinned TanStack RPC forwards the exact controller signal to fetch and settles on abort (37.079492ms)
✔ shared lifecycle also settles synchronous RPC throws without leaving a watchdog (5.189448ms)
ℹ tests 164
ℹ suites 0
ℹ pass 164
ℹ fail 0
ℹ cancelled 0
ℹ skipped 0
ℹ todo 0
ℹ duration_ms 10071.651921
