✔ healthy readiness is immediate; four zero patches stop with incomplete coverage and 28 avoided audit acquisitions (153.1653ms)
✔ honest recall tradeoff: sole fifth-patch omission at 15–20mi is lost, retained radial reference finds it (340.348093ms)
ℹ {"fixture":"fifth-patch-omission","stoppedAuditAcquisitions":4,"exhaustiveAuditAcquisitions":32,"avoidedAuditAcquisitions":28,"lostUsefulIds":["known-late-omission"],"adaptiveFinalIds":["initial-0","initial-1","initial-2","initial-3"],"radialFinalIds":["initial-0","initial-1","initial-2","initial-3","known-late-omission"],"omittedPatch":"radial-v1:20:3","bandMiles":[15,20],"physicalProviderAttempts":"not measured: transport is mocked"}
✔ useful fourth-patch omission resets streak and is retained before a later stop (56.387573ms)
✔ thin starts immediately, promotes to healthy after useful recovery, then requires four fresh zero patches (55.554051ms)
✔ failed primary recovers immediately and never yield-stops even with four eligible recovered venues (204.61816ms)
✔ fourth patch negative applies before stop and makes four-venue primary thin (33.391938ms)
✔ fourth patch failure resets zero streak without sacrificing usable primary (25.802614ms)
✔ dispose cancels healthy deferred dispatch (4.310413ms)
✔ location cancels healthy deferred dispatch (3.392477ms)
✔ category cancels healthy deferred dispatch (4.167187ms)
✔ local exclusion during deferral accelerates existing audit without refetching primary (6.339263ms)
✔ semantic category coverage and genuine Plan applicability use the user's selection (0.512914ms)
✔ affirmed aliases do not inflate useful-yield count (0.15296ms)
✔ actual UI gets four options before healthy audit dispatch (444.816558ms)
✔ unobserved negative in skipped patch remains a disclosed stale-positive risk, radial reference removes it (219.018458ms)
ℹ {"fixture":"skipped-negative","skippedPatch":"radial-v1:20:3","stalePositiveId":"initial-0","adaptiveEligibleIds":["initial-0","initial-1","initial-2","initial-3"],"radialEligibleIds":["initial-1","initial-2","initial-3"],"observedNegativeResurrected":false}
✔ expiry at deferred dispatch reclassifies as thin; expired identity cannot support health (9.580423ms)
✔ filtered-only patch additions have zero useful yield (22.123854ms)
✔ partial mixed primary remains immediate recovery despite a rich eligible pool (4.243892ms)
✔ ADAPT-IV01: early-stop incompleteness stays explicit when local favorites filter makes pool empty (23.706793ms)
✔ primary disk resolves READY independently; serial audit recovers omitted unique venues without foreground loading (49.457608ms)
✔ curated-first readiness carries no live coverage and waits for primary settlement before auditing (33.082867ms)
✔ obsolete primary is aborted on {"lat":42} and late results cannot seed cache (15.702699ms)
✔ obsolete primary is aborted on {"activityTypes":["park"]} and late results cannot seed cache (1.406161ms)
✔ obsolete primary is aborted on {"radiusMiles":20} and late results cannot seed cache (1.180441ms)
✔ audit aborts on category/location change and disposal; cancelled audit cannot publish (4.210712ms)
✔ 50-mile disk authority permits local decrease and covered increase; widening beyond authority requests disk (13.421978ms)
✔ negative eviction retires older disk positives, patch=none (1.136905ms)
✔ negative eviction retires older disk positives, patch=radial-v1:core (0.429438ms)
✔ audit lifecycle negatives override disk positives through radius/category changes (9.960215ms)
✔ actual server handler propagates abort upstream and never starts later mirrors (primary) (300.578691ms)
✔ actual server handler propagates abort upstream and never starts later mirrors (radial-v1:core) (272.301126ms)
✔ audit positive ownership remains spatially clipped and primary disk does not claim patch coverage (6.279082ms)
✔ bounded negative retirement survives repeated cap pressure and alias/category/radius changes (cap 2) (2.598981ms)
✔ bounded negative retirement survives repeated cap pressure and alias/category/radius changes (cap 3) (2.186719ms)
✔ bounded negative retirement survives repeated cap pressure and alias/category/radius changes (cap 8) (3.04905ms)
✔ HYB-IV-01 capacity-rejected core negative still suppresses primary and cached aliases (cap 1) (5.513828ms)
✔ HYB-IV-01 capacity-rejected outer negative still suppresses primary and cached aliases (cap 1) (7.467876ms)
✔ HYB-IV-01 capacity-rejected core negative still suppresses primary and cached aliases (cap 20000) (57.133558ms)
✔ HYB-IV-01 capacity-rejected outer negative still suppresses primary and cached aliases (cap 20000) (17.521116ms)
✔ cancelled oversized audit cannot retire a newer origin's positive identity (2.922108ms)
✔ HYB-IV-02 ResultOverlay follows affirmed rekey z→a but still invalidates lifecycle negatives (373.515518ms)
✔ HYB-IV-02 OptionsOverlay follows affirmed rekey z→a but still invalidates lifecycle negatives (34.572929ms)
✔ HYB-IV-02 DateNightPlanOverlay follows affirmed rekey z→a but still invalidates lifecycle negatives (27.300674ms)
✔ HYB-IV-02 ResultOverlay follows affirmed rekey a→z but still invalidates lifecycle negatives (24.604987ms)
✔ HYB-IV-02 OptionsOverlay follows affirmed rekey a→z but still invalidates lifecycle negatives (24.214504ms)
✔ HYB-IV-02 DateNightPlanOverlay follows affirmed rekey a→z but still invalidates lifecycle negatives (22.335564ms)
✔ settled succeeded-empty primary ends spinner without claiming usable READY; audit can recover (5.584344ms)
✔ settled failed primary ends spinner without claiming usable READY; audit can recover (4.33564ms)
✔ failed primary with an eligible curated pool remains usable (21.440774ms)
✔ actual UI: empty failed primary stops foreground loading without a Ready label or enabled decisions (9.349784ms)
✔ radial cache counts valid-empty successful patches as proof and outer success never covers missing core (15.866815ms)
✔ a failed outermost patch preserves 0–40 completeness; retry work is only missing patch/category (72.14941ms)
✔ radial cache rejects fallback as coverage (0.535989ms)
✔ radial cache rejects failed as coverage (0.262876ms)
✔ radial cache rejects cancelled as coverage (0.432553ms)
✔ radial cache rejects cache-hit as coverage (0.275616ms)
✔ radial cache rejects legacy as coverage (0.349738ms)
✔ radial cache rejects wrong-patch as coverage (0.400765ms)
✔ radial cache rejects wrong-version as coverage (0.403899ms)
✔ positive circle overlap is owned once; identities/evidence dedupe without clipping classifications (12.843995ms)
✔ radial V-DR-02: maxEntries eviction cannot resurrect superseded patch/category authority (4.017811ms)
✔ radial V-DR-02: maxVenues eviction cannot resurrect superseded patch/category authority (1.539923ms)
✔ radial cross-patch/category negative evidence suppresses positives and eviction cannot resurrect them (2.098365ms)
✔ legacy disk authority and patch authority never satisfy or supersede one another (0.57023ms)
✔ TTL/eviction remove proof; radius and semantic changes are scoped; local eligibility strictly clips (3.3345ms)
✔ succeeded-nonempty: core first, then exactly 250ms after a slow successful outer settlement (70.893045ms)
✔ succeeded-empty: core first, then exactly 250ms after a slow successful outer settlement (8.171437ms)
✔ outer start floor with 0ms latency survives repeated compatible updates (17.125855ms)
✔ outer start floor with 100ms latency survives repeated compatible updates (25.634381ms)
✔ outer start floor with 749ms latency survives repeated compatible updates (35.49117ms)
✔ outer start floor with 750ms latency survives repeated compatible updates (25.036108ms)
✔ outer start floor with 900ms latency survives repeated compatible updates (18.678357ms)
✔ failed: outer degradation retains 1000ms settlement delay, even on explicit retry (48.146741ms)
✔ throw: outer degradation retains 1000ms settlement delay, even on explicit retry (19.700179ms)
✔ partial: outer degradation retains 1000ms settlement delay, even on explicit retry (62.306783ms)
✔ explicit retry of older missing work honors the most recent successful outer start (29.126853ms)
✔ dispose clears a pending success timer (5.052432ms)
✔ shrink clears a pending success timer (4.424774ms)
✔ radius shrink cancels outer work; immediate re-expansion is spaced and ignores late settlement (5.396521ms)
✔ generation replacement rejects late abort-ignoring outer response and remains serial (6.778365ms)
✔ incomplete core blocks expansion with no automatic retry loop (4.214868ms)
✔ three consecutive degraded outer patches pause without retrying attempted work (14.853297ms)
✔ 32-start cap also blocks newly requested categories after a complete successful-empty pass (164.898226ms)
✔ synthetic 6-second cold pass measures 199750ms; baseline model is 223000ms (232.392117ms)
✔ radial IDs and geometry are deterministic; larger plans preserve the exact inner prefix (23.623567ms)
✔ radial partition has no sampled holes or double owners at 37.176447,-94.310223 (373.571462ms)
✔ radial partition has no sampled holes or double owners at 0,179.99 (191.954787ms)
✔ radial partition has no sampled holes or double owners at 80,-179.99 (272.596002ms)
✔ radial partition has no sampled holes or double owners at -80,30 (163.633412ms)
✔ every sector corner fits its bounded circle; no patch approaches a 50-mile monolith (0.598994ms)
✔ exact poles have a deterministic bearing frame and complete bounded coverage (7.710221ms)
✔ out-of-radius points have no logical owner and overlap maps to only one patch (0.56963ms)
✔ server resolves only enumerated patch IDs and rejects arbitrary geometry and hostile inputs (1.461295ms)
✔ continuous coverage requires every inner patch and requested category; outer success cannot fill a gap (8.579382ms)
✔ eviction/removal of a required proof makes continuous coverage incomplete; smaller maximum clips the claim (0.726596ms)
✔ actual UI: selected-radius primary enables all actions before serial background audit (1277.315406ms)
✔ actual UI: open ResultOverlay stays stable when audit venues arrive; future action uses enlarged pool (392.749523ms)
✔ actual UI: open OptionsOverlay stays stable when audit venues arrive; future action uses enlarged pool (305.611016ms)
✔ actual UI: open DateNightPlanOverlay stays stable when audit venues arrive; future action uses enlarged pool (288.32247ms)
✔ audit middle failure retains primary picks and explicit retry targets missing sector (447.139913ms)
✔ outermost audit failure preserves primary and bounded audit never auto-retries (4881.030007ms)
✔ three consecutive degraded audit patches stop bounded pass without removing primary (303.493461ms)
✔ 15→50 acquires missing disk authority; narrowing cancels obsolete work and clips locally (87.526468ms)
✔ rapid radius change cancels obsolete primary and strictly clips its replacement (21.259269ms)
✔ all local-only filters cause zero RPCs and do not cancel background audit (138.233637ms)
✔ location change cancels audit and late response cannot replace newer primary (85.618496ms)
✔ stalled primary watchdog cancels obsolete work and settles foreground state (45.105729ms)
✔ saved primary fallback remains usable without inventing live coverage (58.856841ms)
✔ dinner: success settles active UI and clears watchdog before deadline (779.287746ms)
✔ dinner: fallback settles active UI and clears watchdog before deadline (6.784234ms)
✔ dinner: error settles active UI and clears watchdog before deadline (4.028197ms)
✔ dinner: AbortError settles active UI and clears watchdog before deadline (3.445999ms)
✔ dinner: never-settling/abort-ignoring RPC exits loading at 25s (6.319232ms)
✔ dinner: abort-compliant RPC exits loading at 25s (13.005009ms)
✔ dinner: late post-timeout success cannot overwrite timeout or a successful retry (13.27774ms)
✔ dinner: late post-timeout rejection cannot overwrite timeout or a successful retry (12.059152ms)
✔ dinner: replacement aborts old success; old settles first (12.859709ms)
✔ dinner: replacement aborts old success; new settles first (11.173425ms)
✔ dinner: replacement aborts old rejection; old settles first (33.726623ms)
✔ dinner: replacement aborts old rejection; new settles first (20.770353ms)
✔ dinner: unmount aborts/cleans up; success cannot write after unmount (5.260115ms)
✔ dinner: unmount aborts/cleans up; rejection cannot write after unmount (5.307526ms)
✔ dinner: unmount aborts/cleans up; pending cannot write after unmount (5.63444ms)
✔ dinner: radius update cancels obsolete transport or retains still-needed core; normal selection works (18.773ms)
✔ dinner: timeout then retry success remains current when the first RPC finally resolves (7.622008ms)
✔ date-night: success settles active UI and clears watchdog before deadline (439.158173ms)
✔ date-night: fallback settles active UI and clears watchdog before deadline (9.862688ms)
✔ date-night: error settles active UI and clears watchdog before deadline (12.924883ms)
✔ date-night: AbortError settles active UI and clears watchdog before deadline (8.652803ms)
✔ date-night: never-settling/abort-ignoring RPC exits loading at 25s (12.513267ms)
✔ date-night: abort-compliant RPC exits loading at 25s (10.172806ms)
✔ date-night: late post-timeout success cannot overwrite timeout or a successful retry (12.504824ms)
✔ date-night: late post-timeout rejection cannot overwrite timeout or a successful retry (9.199934ms)
✔ date-night: replacement aborts old success; old settles first (7.510029ms)
✔ date-night: replacement aborts old success; new settles first (7.051407ms)
✔ date-night: replacement aborts old rejection; old settles first (10.211604ms)
✔ date-night: replacement aborts old rejection; new settles first (8.012948ms)
✔ date-night: unmount aborts/cleans up; success cannot write after unmount (5.729172ms)
✔ date-night: unmount aborts/cleans up; rejection cannot write after unmount (6.324361ms)
✔ date-night: unmount aborts/cleans up; pending cannot write after unmount (6.308837ms)
✔ date-night: radius update cancels obsolete transport or retains still-needed core; normal selection works (12.640439ms)
✔ date-night: timeout then retry success remains current when the first RPC finally resolves (10.087717ms)
✔ nightlife: success settles active UI and clears watchdog before deadline (65.115969ms)
✔ nightlife: fallback settles active UI and clears watchdog before deadline (9.44619ms)
✔ nightlife: error settles active UI and clears watchdog before deadline (2.987607ms)
✔ nightlife: AbortError settles active UI and clears watchdog before deadline (2.20776ms)
✔ nightlife: never-settling/abort-ignoring RPC exits loading at 25s (2.371398ms)
✔ nightlife: abort-compliant RPC exits loading at 25s (2.686573ms)
✔ nightlife: late post-timeout success cannot overwrite timeout or a successful retry (2.545019ms)
✔ nightlife: late post-timeout rejection cannot overwrite timeout or a successful retry (2.262073ms)
✔ nightlife: replacement aborts old success; old settles first (2.849269ms)
✔ nightlife: replacement aborts old success; new settles first (3.180348ms)
✔ nightlife: replacement aborts old rejection; old settles first (2.806213ms)
✔ nightlife: replacement aborts old rejection; new settles first (5.072863ms)
✔ nightlife: unmount aborts/cleans up; success cannot write after unmount (1.834187ms)
✔ nightlife: unmount aborts/cleans up; rejection cannot write after unmount (7.41101ms)
✔ nightlife: unmount aborts/cleans up; pending cannot write after unmount (6.1321ms)
✔ nightlife: radius update cancels obsolete transport or retains still-needed core; normal selection works (4.444555ms)
✔ nightlife: timeout then retry success remains current when the first RPC finally resolves (1.75675ms)
✔ Date Night: seasonal dependency replacement aborts the previous request (3.846352ms)
✔ pinned TanStack RPC forwards the exact controller signal to fetch and settles on abort (39.858649ms)
✔ shared lifecycle also settles synchronous RPC throws without leaving a watchdog (5.887741ms)
ℹ tests 162
ℹ suites 0
ℹ pass 162
ℹ fail 0
ℹ cancelled 0
ℹ skipped 0
ℹ todo 0
ℹ duration_ms 10087.322633
