{
  "output": "/tmp/pfu-vdr-controlled",
  "passed": true,
  "testedAt": "2026-10-03T02:01:17.840Z",
  "buildProof": {
    "schemaVersion": 1,
    "status": "BUILT",
    "authFlag": "true",
    "source": {
      "sha256": "e4bda69121b000a0a6f89dbd119c53a68c7a5756b5db6fc06c0e2cadce157cad",
      "files": 411
    },
    "startedAt": "2026-10-03T01:59:47.604Z",
    "output": {
      "sha256": "1af3eb20a0674cc21d9247af9f6b86256c82213acfa7161dea45bc80f659f270",
      "files": 194
    },
    "completedAt": "2026-10-03T01:59:51.256Z"
  },
  "mode": "Production-built local Preview; real browser and TanStack RPC; disposable synthetic provider failures. No live public-provider calls.",
  "checks": [
    "second-mirror: actual browser/RPC, bounded spinner, truthful source, expected provider timing/cancellation, local Open Now reuse, mobile layout",
    "third-mirror: actual browser/RPC, bounded spinner, truthful source, expected provider timing/cancellation, local Open Now reuse, mobile layout",
    "partial-groups: actual browser/RPC, bounded spinner, truthful source, expected provider timing/cancellation, local Open Now reuse, mobile layout",
    "all-stall: actual browser/RPC, bounded spinner, truthful source, expected provider timing/cancellation, local Open Now reuse, mobile layout"
  ],
  "scenarios": [
    {
      "scenario": "second-mirror",
      "passed": true,
      "visibleLoadingMs": 1817,
      "providerDurationMs": 1582,
      "source": "merged",
      "partial": false,
      "attempts": 2,
      "seasonalOffsets": [
        {
          "mirror": 1,
          "offsetMs": 0
        },
        {
          "mirror": 2,
          "offsetMs": 1495
        }
      ],
      "noOpenNowRefetch": true,
      "cancelledLosers": 1
    },
    {
      "scenario": "third-mirror",
      "passed": true,
      "visibleLoadingMs": 3345,
      "providerDurationMs": 3091,
      "source": "merged",
      "partial": false,
      "attempts": 3,
      "seasonalOffsets": [
        {
          "mirror": 1,
          "offsetMs": 0
        },
        {
          "mirror": 2,
          "offsetMs": 1496
        },
        {
          "mirror": 3,
          "offsetMs": 3002
        }
      ],
      "noOpenNowRefetch": true,
      "cancelledLosers": 2
    },
    {
      "scenario": "partial-groups",
      "passed": true,
      "visibleLoadingMs": 12614,
      "providerDurationMs": 12508,
      "source": "merged",
      "partial": true,
      "attempts": 5,
      "seasonalOffsets": [
        {
          "mirror": 1,
          "offsetMs": 0
        }
      ],
      "noOpenNowRefetch": true,
      "cancelledLosers": 0
    },
    {
      "scenario": "all-stall",
      "passed": true,
      "visibleLoadingMs": 12496,
      "providerDurationMs": 12504,
      "source": "fallback",
      "partial": false,
      "attempts": 16,
      "seasonalOffsets": [
        {
          "mirror": 1,
          "offsetMs": 0
        },
        {
          "mirror": 2,
          "offsetMs": 1500
        },
        {
          "mirror": 3,
          "offsetMs": 3001
        },
        {
          "mirror": 4,
          "offsetMs": 4502
        }
      ],
      "noOpenNowRefetch": true,
      "cancelledLosers": 0
    }
  ],
  "errors": []
}
