✔ seasonal live success survives stalled parks and merges saved coverage with honest partial metadata (127.366583ms)
✔ entertainment survives seasonal HTTP failure with selected failed coverage retained (3.406403ms)
✔ valid empty requested group is successful coverage, distinct from missing venues and failed acquisition (1.785099ms)
✔ valid empty success with a failed sibling remains partial live, not fallback or terminal error (2.3671ms)
✔ cross-group equal OSM identity unions disjoint classifications despite changed provider name (1.881654ms)
✔ identical cross-group evidence is deduplicated and permanently closed evidence dominates active siblings (4.337993ms)
✔ malformed missing-elements sibling cannot erase valid seasonal live response (1.89569ms)
✔ malformed remark sibling cannot erase valid seasonal live response (1.749842ms)
✔ malformed invalid-json sibling cannot erase valid seasonal live response (2.4147ms)
✔ all four groups/mirrors stalled settle honest saved fallback at 12.5s (7.142539ms)
✔ all four groups/mirrors stalled settle terminal error at 12.5s (3.218606ms)
✔ all valid-empty groups are live coverage rather than outage even with zero venues (1.563817ms)
ℹ tests 12
ℹ suites 0
ℹ pass 12
ℹ fail 0
ℹ cancelled 0
ℹ skipped 0
ℹ todo 0
ℹ duration_ms 166.651555
