✔ Anything coverage satisfies every later category and subset without acquiring again (4.025873ms)
✔ coverage is category-specific within a group; only missing types are requested (8.069692ms)
✔ valid-empty coverage is reusable and preserves its origin; failed/cancelled categories stay missing (0.363076ms)
✔ complete fallback and legacy missing metadata never establish reusable live coverage (0.406136ms)
✔ cached successes plus fresh failure preserve partial live data and disjoint category outcomes (0.775328ms)
✔ cached live success survives missing-category transport failure without asserting coverage (0.361369ms)
✔ radius narrowing reuses larger coverage but widening cannot use a narrower entry (0.532697ms)
✔ latitude separates incompatible cache coverage (0.209628ms)
✔ longitude separates incompatible cache coverage (0.175963ms)
✔ Halloween activation separates incompatible cache coverage (0.277844ms)
✔ semantic version separates incompatible cache coverage (0.228859ms)
✔ TTL expires exactly at bound; reads and fresh missing-category combinations never rejuvenate old coverage (0.357582ms)
✔ new valid-empty category coverage cannot resurrect old venues through a reused superset (0.359309ms)
✔ equal-timestamp freshness uses admission order even after an older superset becomes most recently used (0.224791ms)
✔ V-DR-02: maxEntries eviction cannot resurrect superseded Corn (increasing timestamps) (0.358807ms)
✔ V-DR-02: maxEntries eviction cannot resurrect superseded Corn (equal timestamps) (0.429917ms)
✔ V-DR-02: maxVenues eviction cannot resurrect superseded Corn (increasing timestamps) (0.819876ms)
✔ V-DR-02: maxVenues eviction cannot resurrect superseded Corn (equal timestamps) (0.341588ms)
✔ V-DR-02: radius 50→15 supersession is durable and never claims wider coverage (0.340564ms)
✔ V-DR-02: radius 15→50 supersession is durable and never claims wider coverage (0.267929ms)
✔ V-DR-02: supersession lasts through the old TTL and never rejuvenates unaffected Movies (0.319034ms)
✔ V-DR-02: successful coverage for another latitude cannot supersede this signature (0.169071ms)
✔ V-DR-02: successful coverage for another longitude cannot supersede this signature (0.165027ms)
✔ V-DR-02: successful coverage for another Halloween activation cannot supersede this signature (0.413719ms)
✔ V-DR-02: successful coverage for another semantic version cannot supersede this signature (0.106171ms)
✔ V-DR-02: valid-empty supersession retains full classification and evidence for an identity still reused through Movies (0.278356ms)
✔ V-DR-02: rejected fallback response cannot supersede successful older coverage (0.229436ms)
✔ V-DR-02: rejected failed response cannot supersede successful older coverage (0.19482ms)
✔ V-DR-02: rejected cancelled response cannot supersede successful older coverage (0.088686ms)
✔ V-DR-02: rejected cache-hit response cannot supersede successful older coverage (0.077225ms)
✔ V-DR-02: rejected legacy response cannot supersede successful older coverage (0.081663ms)
✔ V-DR-02: rejected oversize response cannot supersede successful older coverage (0.160912ms)
✔ V-DR-02: partial success supersedes only its successful categories (0.213181ms)
✔ V-DR-02: an entry with all coverage superseded retains terminal identity evidence until TTL (0.359847ms)
✔ LRU entry and aggregate raw-venue caps evict whole entries without truncated coverage (0.4626ms)
✔ cache assembly preserves catalog aliases, full evidence, hours precedence and lifecycle in either insertion order (0.84826ms)
✔ fresh cross-category lifecycle evidence suppresses an older cached active identity without adding coverage (0.443032ms)
✔ actual DateNightHome: Anything→subsets and every local-only filter reuse data without network (244.871611ms)
✔ actual DateNightHome: stale persisted unknown categories recover to Anything without weakening RPC validation (4.393241ms)
✔ actual DateNightHome: subset then mixed selection fetches only missing categories (4.234721ms)
✔ actual DateNightHome: bounded missing-category timeout preserves cached live contribution and partial warning (6.112116ms)
✔ actual DateNightHome: TTL refreshes on next category acquisition, not local-only toggles or elapsed time (5.77871ms)
✔ actual DateNightHome: radius narrows from acquired 50 mi without RPC; widening 15→50 acquires (8.066111ms)
✔ actual DateNightHome: late replacement response cannot seed reusable cache (8.062443ms)
✔ actual DateNightHome: late timeout response cannot seed reusable cache (7.860414ms)
✔ actual DateNightHome: component cache lifetime does not survive unmount or contaminate another session (6.865758ms)
ℹ tests 46
ℹ suites 0
ℹ pass 46
ℹ fail 0
ℹ cancelled 0
ℹ skipped 0
ℹ todo 0
ℹ duration_ms 328.58852
