✔ dinner: headers stalls settle fallback within the provider bound (24.678656ms)
✔ dinner: headers stalls settle error within the provider bound (1.648588ms)
✔ dinner: body stalls settle fallback within the provider bound (18.333019ms)
✔ dinner: body stalls settle error within the provider bound (1.090773ms)
✔ dinner: first stall then second success returns at 8s and clears timers (30.355815ms)
✔ dinner: immediate 429 advances without delay; saved coverage and terminal error preserved (22.128528ms)
✔ dinner: immediate 500 advances without delay; saved coverage and terminal error preserved (17.411343ms)
✔ dinner: immediate 504 advances without delay; saved coverage and terminal error preserved (14.554537ms)
✔ dinner: immediate missing-elements advances without delay; saved coverage and terminal error preserved (12.824708ms)
✔ dinner: immediate remark advances without delay; saved coverage and terminal error preserved (10.960402ms)
✔ dinner: immediate invalid-json advances without delay; saved coverage and terminal error preserved (10.85827ms)
✔ dinner: valid empty results retain mode-specific mirror and source semantics (2.183615ms)
✔ dinner: normal first success is quiet, abort errors categorized, raw exceptions never logged (10.526302ms)
✔ date-night: headers stalls settle fallback within the provider bound (95.698875ms)
✔ date-night: headers stalls settle error within the provider bound (1.034127ms)
✔ date-night: body stalls settle fallback within the provider bound (1.112315ms)
✔ date-night: body stalls settle error within the provider bound (1.310089ms)
✔ date-night: first stall then second success returns at 1.5s and clears timers (2.635147ms)
✔ date-night: immediate 429 advances without delay; saved coverage and terminal error preserved (3.13722ms)
✔ date-night: immediate 500 advances without delay; saved coverage and terminal error preserved (2.074261ms)
✔ date-night: immediate 504 advances without delay; saved coverage and terminal error preserved (4.648317ms)
✔ date-night: immediate missing-elements advances without delay; saved coverage and terminal error preserved (2.572909ms)
✔ date-night: immediate remark advances without delay; saved coverage and terminal error preserved (2.806664ms)
✔ date-night: immediate invalid-json advances without delay; saved coverage and terminal error preserved (2.339474ms)
✔ date-night: valid empty results retain mode-specific mirror and source semantics (1.405464ms)
✔ date-night: normal first success is quiet, abort errors categorized, raw exceptions never logged (1.473547ms)
✔ nightlife: headers stalls settle fallback within the provider bound (1.359863ms)
✔ nightlife: headers stalls settle error within the provider bound (0.913275ms)
✔ nightlife: body stalls settle fallback within the provider bound (0.686705ms)
✔ nightlife: body stalls settle error within the provider bound (0.599964ms)
✔ nightlife: first stall then second success returns at 8s and clears timers (1.680252ms)
✔ nightlife: immediate 429 advances without delay; saved coverage and terminal error preserved (1.048847ms)
✔ nightlife: immediate 500 advances without delay; saved coverage and terminal error preserved (0.940093ms)
✔ nightlife: immediate 504 advances without delay; saved coverage and terminal error preserved (0.821235ms)
✔ nightlife: immediate missing-elements advances without delay; saved coverage and terminal error preserved (1.553455ms)
✔ nightlife: immediate remark advances without delay; saved coverage and terminal error preserved (1.29641ms)
✔ nightlife: immediate invalid-json advances without delay; saved coverage and terminal error preserved (1.41163ms)
✔ nightlife: valid empty results retain mode-specific mirror and source semantics (0.479616ms)
✔ nightlife: normal first success is quiet, abort errors categorized, raw exceptions never logged (0.983752ms)
✔ Dinner retains successful-empty precedence when subsequent mirrors exhaust the budget (0.84776ms)
✔ shared provider attempt uses native timer and real fetch body abort (114.069233ms)
ℹ tests 41
ℹ suites 0
ℹ pass 41
ℹ fail 0
ℹ cancelled 0
ℹ skipped 0
ℹ todo 0
ℹ duration_ms 446.376
