✔ dinner: success settles active UI and clears watchdog before deadline (310.05742ms)
✔ dinner: fallback settles active UI and clears watchdog before deadline (4.17361ms)
✔ dinner: error settles active UI and clears watchdog before deadline (3.175678ms)
✔ dinner: AbortError settles active UI and clears watchdog before deadline (3.000045ms)
✔ dinner: never-settling/abort-ignoring RPC exits loading at 25s (4.941193ms)
✔ dinner: abort-compliant RPC exits loading at 25s (6.14771ms)
✔ dinner: late post-timeout success cannot overwrite timeout or a successful retry (9.97199ms)
✔ dinner: late post-timeout rejection cannot overwrite timeout or a successful retry (9.048104ms)
✔ dinner: replacement aborts old success; old settles first (10.793372ms)
✔ dinner: replacement aborts old success; new settles first (8.231665ms)
✔ dinner: replacement aborts old rejection; old settles first (14.128842ms)
✔ dinner: replacement aborts old rejection; new settles first (8.389105ms)
✔ dinner: unmount aborts/cleans up; success cannot write after unmount (6.15935ms)
✔ dinner: unmount aborts/cleans up; rejection cannot write after unmount (5.200072ms)
✔ dinner: unmount aborts/cleans up; pending cannot write after unmount (5.422663ms)
✔ dinner: radius replacement cancels transport; normal filters/options/pick still work (16.737213ms)
✔ dinner: timeout then retry success remains current when the first RPC finally resolves (7.754617ms)
✔ date-night: success settles active UI and clears watchdog before deadline (91.618249ms)
✔ date-night: fallback settles active UI and clears watchdog before deadline (4.17674ms)
✔ date-night: error settles active UI and clears watchdog before deadline (2.920044ms)
✔ date-night: AbortError settles active UI and clears watchdog before deadline (2.357381ms)
✔ date-night: never-settling/abort-ignoring RPC exits loading at 25s (2.803809ms)
✔ date-night: abort-compliant RPC exits loading at 25s (4.15458ms)
✔ date-night: late post-timeout success cannot overwrite timeout or a successful retry (6.850052ms)
✔ date-night: late post-timeout rejection cannot overwrite timeout or a successful retry (8.273726ms)
✔ date-night: replacement aborts old success; old settles first (12.978668ms)
✔ date-night: replacement aborts old success; new settles first (7.187959ms)
✔ date-night: replacement aborts old rejection; old settles first (7.761596ms)
✔ date-night: replacement aborts old rejection; new settles first (6.326604ms)
✔ date-night: unmount aborts/cleans up; success cannot write after unmount (6.131381ms)
✔ date-night: unmount aborts/cleans up; rejection cannot write after unmount (6.094172ms)
✔ date-night: unmount aborts/cleans up; pending cannot write after unmount (4.75172ms)
✔ date-night: radius replacement cancels transport; normal filters/options/pick still work (12.989356ms)
✔ date-night: timeout then retry success remains current when the first RPC finally resolves (5.346909ms)
✔ nightlife: success settles active UI and clears watchdog before deadline (33.641075ms)
✔ nightlife: fallback settles active UI and clears watchdog before deadline (3.308307ms)
✔ nightlife: error settles active UI and clears watchdog before deadline (1.630971ms)
✔ nightlife: AbortError settles active UI and clears watchdog before deadline (1.643518ms)
✔ nightlife: never-settling/abort-ignoring RPC exits loading at 25s (2.279995ms)
✔ nightlife: abort-compliant RPC exits loading at 25s (2.810276ms)
✔ nightlife: late post-timeout success cannot overwrite timeout or a successful retry (7.582243ms)
✔ nightlife: late post-timeout rejection cannot overwrite timeout or a successful retry (1.636681ms)
✔ nightlife: replacement aborts old success; old settles first (2.082178ms)
✔ nightlife: replacement aborts old success; new settles first (1.382632ms)
✔ nightlife: replacement aborts old rejection; old settles first (1.635155ms)
✔ nightlife: replacement aborts old rejection; new settles first (1.267858ms)
✔ nightlife: unmount aborts/cleans up; success cannot write after unmount (1.477516ms)
✔ nightlife: unmount aborts/cleans up; rejection cannot write after unmount (1.121145ms)
✔ nightlife: unmount aborts/cleans up; pending cannot write after unmount (1.304425ms)
✔ nightlife: radius replacement cancels transport; normal filters/options/pick still work (2.448483ms)
✔ nightlife: timeout then retry success remains current when the first RPC finally resolves (1.235899ms)
✔ Date Night: seasonal dependency replacement aborts the previous request (2.314754ms)
✔ pinned TanStack RPC forwards the exact controller signal to fetch and settles on abort (47.00604ms)
✔ shared lifecycle also settles synchronous RPC throws without leaving a watchdog (4.628939ms)
ℹ tests 54
ℹ suites 0
ℹ pass 54
ℹ fail 0
ℹ cancelled 0
ℹ skipped 0
ℹ todo 0
ℹ duration_ms 767.275288
