✔ seasonal live success survives stalled parks and merges saved coverage with honest partial metadata (48.277794ms)
✔ entertainment survives seasonal HTTP failure with selected failed coverage retained (6.398626ms)
✔ valid empty requested group is successful coverage, distinct from missing venues and failed acquisition (3.880008ms)
✔ valid empty success with a failed sibling remains partial live, not fallback or terminal error (3.471025ms)
✔ cross-group equal OSM identity unions disjoint classifications despite changed provider name (3.308941ms)
✔ identical cross-group evidence is deduplicated and permanently closed evidence dominates active siblings (7.507897ms)
✔ malformed missing-elements sibling cannot erase valid seasonal live response (3.138515ms)
✔ malformed remark sibling cannot erase valid seasonal live response (2.795414ms)
✔ malformed invalid-json sibling cannot erase valid seasonal live response (4.339605ms)
✔ all four groups/mirrors stalled settle honest saved fallback at 12.5s (14.495753ms)
✔ all four groups/mirrors stalled settle terminal error at 12.5s (2.770744ms)
✔ all valid-empty groups are live coverage rather than outage even with zero venues (1.631078ms)
ℹ tests 12
ℹ suites 0
ℹ pass 12
ℹ fail 0
ℹ cancelled 0
ℹ skipped 0
ℹ todo 0
ℹ duration_ms 113.927321
