npm warn Unknown env config "http-proxy". This will stop working in the next major version of npm.

> test
> node scripts/test-runner.mjs

✔ persistent Android identity, SDK, lockfile and approved artwork agree (30.695425ms)
✔ native audit rejects package drift, insecure content and exposed WebView debugging (4.517807ms)
✔ Android version parser accepts future releases and rejects invalid Play codes (9.222393ms)
✔ Android workflow is artifact-only and does not regenerate the project or migrate (3.530759ms)
✔ Settings does not advertise an Android artifact that has not been published (0.502282ms)
✔ non-canvas app with no custom card gets a soft BRAND NOTE (utility exception) (8.498233ms)
✔ non-canvas app with a compliant card is silent (6.200736ms)
✔ card file without site.json card=custom warns (1.763945ms)
✔ card file with missing site.json warns for card=custom (2.189278ms)
✔ card file with invalid site.json warns for card=custom (2.09974ms)
✔ oversized card warns for non-canvas apps too (6.372464ms)
✔ canvas app with no card warns 'missing' and missing og:type (4.733851ms)
✔ canvas card without type still warns for og:type (2.523814ms)
✔ oversized card warns on the scraper budget (jpg and legacy png) (14.051571ms)
✔ compliant game (custom card + site.json type + x-banner) is silent (6.750711ms)
✔ __root.tsx og:type no longer satisfies the canvas gate (1.59911ms)
✔ oversized x-banner warns on the same scraper budget as og.jpg (3.521459ms)
✔ legacy png + site.json type still needs the X feed card (0.90728ms)
✔ siteDeclaresOgTypeGame reads the site contract (2.084936ms)
✔ a fresh og-pending marker silences the whole gate view (1.800311ms)
✔ a stale og-pending marker is ignored and the warnings return (1.130809ms)
✔ the marker goes stale on the clock, not on the file (3.706539ms)
✔ no marker means nothing is in flight (0.563549ms)
✔ parseBrandCheckArgs takes --game, --placeholder-ok and --root, and rejects the rest (0.477054ms)
✔ cli: a game missing its card reports JSON and exits 1 (258.936223ms)
✔ cli: a compliant game passes (317.24453ms)
✔ cli: the task's own marker is reported, not honoured (329.466042ms)
✔ cli: a bad argument fails with JSON on stderr (554.246332ms)
✔ cli: a non-game with no card fails too — the pass exists to produce one (285.763384ms)
✔ cli: --placeholder-ok is how a plain-utility pass reports no card as expected (662.670799ms)
✔ cli: a non-game with a compliant card passes (293.822946ms)
﹣ SKILL.md and AGENTS.md name the marker path and bound this script uses (0.119364ms) # External workspace OG documentation package is not installed in this checkout
﹣ the sections that own the brand-task prohibition never affirm a wait (0.202193ms) # External workspace OG documentation package is not installed in this checkout
﹣ SKILL.md tells the pass to self-check with the flag this CLI accepts (0.105105ms) # External workspace OG documentation package is not installed in this checkout
✔ browser acceptance rejects source/output drift and auth-disabled previews (44.083498ms)
✔ unfinished builds and sources changed during compilation cannot be blessed (42.3568ms)
✔ normalizes whitespace before hashing (6.024973ms)
✔ nullish and blank body text normalize to the empty string (0.367712ms)
✔ body text prefix is normalized and capped (0.220102ms)
✔ identical runs do not diverge (1.378325ms)
✔ status change diverges (1.65629ms)
✔ title change diverges (0.920896ms)
✔ title comparison is skipped when either side lacks one (0.432244ms)
✔ canvas disappearing diverges; canvas appearing does not (0.63884ms)
✔ horizontal overflow appearing diverges; clearing does not (0.339669ms)
✔ new console errors diverge (5.561925ms)
✔ errors already present in the baseline do not re-diverge (15.07406ms)
✔ body text collapse diverges (0.204122ms)
✔ body text dropping to zero reports collapse (0.476685ms)
✔ zero-length baseline reports growth via the hash branch, not collapse (0.172453ms)
✔ hash mismatch with a trivial length delta and same page start is tolerated (0.105094ms)
✔ hash mismatch with a trivial length delta but changed page start diverges (0.131812ms)
✔ prefix check is skipped when either side lacks a prefix (0.893647ms)
✔ length-delta tolerance boundary: 50 tolerated, 51 diverges (500-char baseline) (0.220173ms)
✔ length-delta floor dominates small baselines: 20 tolerated, 21 diverges (100-char baseline) (0.139462ms)
✔ collapse boundary: exactly half is 'changed', one below is 'collapsed' (0.135078ms)
✔ missing baseline viewport diverges (0.117687ms)
✔ empty or null baseline diverges for every viewport (0.340473ms)
✔ degenerate current verdict fails closed (0.951706ms)
✔ multiple signals across viewports all accumulate (0.220106ms)
✔ baselineComparison round-trips a valid baseline (0.394529ms)
✔ baselineComparison fails closed on malformed or wrong-shape baselines (0.730696ms)
✔ parseSmokeArgs defaults (0.311263ms)
✔ parseSmokeArgs consumes --baseline without shifting positionals (0.648563ms)
✔ parseSmokeArgs rejects a trailing --baseline flag (0.309353ms)
✔ parseSmokeArgs supports the --baseline= form (0.184906ms)
✔ parseSmokeArgs rejects unknown flags instead of treating them as positionals (0.141716ms)
✔ parseSmokeArgs env fallback and flag precedence (0.135619ms)
✔ derivedPaths handles .png, .PNG, and extensionless inputs (0.489021ms)
✔ exitCodeFor: clean run exits 0 (0.268453ms)
✔ exitCodeFor: errors in any single viewport exit 2 (0.259903ms)
✔ exitCodeFor: navigation failure in any viewport exits 1, beating errors (0.317367ms)
✔ exitCodeFor: 4xx boundary and missing status (0.370036ms)
✔ exitCodeFor: no viewport data is a failure (1.94472ms)
✔ browser-smoke wires the guard and verdict helpers (2.542255ms)
✔ browser-smoke file I/O only touches guarded paths (2.7016ms)
✔ casino evidence JSON is parseable; truncated ledgers cannot masquerade as complete (49.503333ms)
✔ keyed manifests preserve state names and integration override precedence (10.153641ms)
✔ missing or malformed jurisdiction objects fail closed (1.134137ms)
✔ nearby same-name rows reconcile once with latest ID and metadata (20.07963ms)
✔ same ID at distinct locations remains a hard failure (0.217865ms)
✔ small successive moves cannot conceal a distant same-ID conflict (0.275279ms)
✔ distant same-name destinations with distinct IDs are retained (0.212806ms)
✔ complete jurisdiction counts reject both missing and excess destinations (0.980604ms)
✔ legacy IDs use exported jurisdiction metadata rather than ID prefixes (1.008687ms)
✔ invalid coordinates, jurisdictions and complete-count values fail closed (0.292221ms)
✔ pending decision universes are not treated as runtime quotas (0.360018ms)
✔ nearby same-ID records with a renamed property use latest metadata (0.209414ms)
✔ missing identities cannot silently disappear from the audit (0.133055ms)
✔ every active jurisdiction needs an explicit manifest status (0.331993ms)
✔ unknown totals are allowed only for explicitly pending jurisdictions (0.402651ms)
✔ a supplied pending count must still be a positive integer (3.996948ms)
✔ authoritative sources and allowed status values remain required (0.520373ms)
✔ Beau Rivage keeps its original stable ID and one latest-property destination (371.409965ms)
✔ MGM Grand Las Vegas keeps its original stable ID and one latest-property destination (129.657631ms)
✔ audit follows runtime registration, including renamed imports (52.400319ms)
✔ unregistered imports and unknown runtime arrays fail closed (12.092358ms)
✔ duplicate, skipped and out-of-order passes cannot change audit precedence (6.677544ms)
✔ empty or missing runtime registration cannot pass validation (9.327916ms)
✔ real exported factory IDs and metadata survive loading (387.639029ms)
✔ missing or empty module exports fail instead of undercounting (17.118912ms)
✔ resumed additions preserve explicit point evidence, casino schema and active canonical identity (33.208647ms)
✔ local operator aliases merge without losing canonical points or merging distant same-brand casinos (11.477241ms)
✔ neighboring Otoe-Missouria casino floors and related travel components retain separate identity (1.273355ms)
✔ Casino Oklahoma uses its named casino point and routing street, separately from Sugar Creek (4.130905ms)
✔ Golden Eagle casinos in Oklahoma and Kansas survive identical names across states (0.380493ms)
✔ Prairie Sun closure cannot be revived by stale live tags or suppress current Prairie Moon (7.462074ms)
✔ new operator aliases cannot merge nearby independently operated casino floors (2.698999ms)
✔ reconciled travel-center destinations use the right city and current postal identity (1.050378ms)
✔ invalid query coordinates and nonfinite radii cannot reach providers (2.587076ms)
✔ malformed provider records are discarded individually (2.52647ms)
✔ casino words in an unrelated bar name do not satisfy the casino filter (0.706628ms)
✔ closed property holds are geographically scoped and cannot suppress successors (0.284662ms)
✔ lifecycle tags exclude inactive venues but preserve a current repurposed bar (0.24389ms)
✔ same-brand neighboring casino floors do not borrow each other's live metadata (0.83098ms)
✔ canonical casino location and identity survive live merging (0.278093ms)
✔ valid empty responses remain empty results; invalid JSON shape falls back (26.869842ms)
✔ provider outages preserve the complete local canonical casino pool (3.973481ms)
✔ malformed optional fields cannot poison a provider response or create unsafe actions (1.240662ms)
✔ generic casino names cannot collapse distinct nearby properties into an empty identity (0.380317ms)
✔ reviewed predecessor names merge only into the same nearby current property (8.008038ms)
✔ closed Oklahoma predecessors stay excluded without suppressing operating successors (0.38618ms)
✔ Golden Pony closure cannot be revived by stale live tags or suppress unrelated places (12.180825ms)
✔ final casino aliases preserve canonical routing and do not absorb distant same-name properties (34.810414ms)
✔ nearby final-pass casinos remain distinct even inside the alias distance threshold (7.558474ms)
✔ same-brand town names and Pawnee satellite aliases cannot redirect live details to another casino (2.15755ms)
✔ Gold Town closure rejects stale casino tags while nearby Pahrump properties survive (8.311508ms)
✔ conflicting casino map metadata cannot replace the reviewed property or component point (0.87685ms)
✔ freeze accounting preserves resolved holds, unresolved candidates and historical rows honestly (5.624375ms)
✔ captured live casino responses exclude closed aliases and reconcile the reviewed regional pools (9.359037ms)
✔ Pass 50 has exactly four distinct evidence-backed physical destinations (5.928394ms)
✔ runtime points use source destination fields, never map viewport centres (1.644938ms)
✔ Cadence Crossing remains tied to corrected named-property evidence (49.570768ms)
✔ global manual origins retain final-pass casino identities and routing through actual discovery handlers (38.539527ms)
✔ switching a casino origin internationally keeps bounded closures local and preserves exact GPS coordinates (9.693009ms)
✔ incomplete provider replies retain honest casino fallback and international errors while valid empty replies stay empty (36.981115ms)
✔ current RC points match observed destination or named source fields (10.323159ms)
✔ rejected map centres cannot silently replace verified casino points (1.522218ms)
✔ current casinos survive while all reviewed closure aliases remain out of the curated catalog (31.538591ms)
✔ newly registered destinations preserve numerical property evidence and scope decisions (2.824171ms)
✔ additions enter once while pin corrections retain IDs and historical evidence (2.710209ms)
✔ nearby branded buildings and separately operated Oneida venues survive canonicalization (1.045315ms)
✔ final adversarial additions and correction preserve observed property destinations (12.03907ms)
✔ Slot Palace routing uses its operator directions address and preserves the separate resort (1.121321ms)
✔ final frontier destinations retain property evidence and survive all closure scopes (29.797159ms)
✔ casino floors remain distinct from nearby casino properties, off-site lodges and closed predecessors (16.155821ms)
✔ recent legacy exports retain their latest source identity and property point (8.003522ms)
✔ every serialized runtime casino satisfies the application data schema (22.139484ms)
✔ missing required fields, duplicate type tags, wrong categories and malformed nulls fail (0.563874ms)
✔ coordinate range, state leakage and jurisdiction disagreement are rejected (0.210175ms)
✔ new passes cannot activate without identity and coordinate evidence (1.087493ms)
✔ unsafe website schemes cannot enter destination actions (0.5256ms)
✔ strict open-now requires known open hours; default exposes saved destinations honestly (3.497616ms)
✔ casino type, radius and known/unknown price filters compose (0.28391ms)
✔ favorites, permanent exclusions and expiring exclusions protect selection (0.296394ms)
✔ empty and singleton pools terminate with correct option counts (0.265927ms)
✔ options never return duplicate identifiers or mutate the input (0.207843ms)
✔ energy and repeat penalties influence weighted picks without excluding all shown places (0.242504ms)
✔ large catalog sampling retains Unicode names and distinct options (28.450695ms)
✔ the flag predicate matches src/lib/auth (1.95588ms)
✔ reads the value a live dev server resolved (0.549792ms)
✔ a server started without the flag reads as sign-in on (0.469581ms)
✔ agreement passes (0.279114ms)
✔ divergence fails in either direction (0.293456ms)
✔ an unobservable dev server is indeterminate, not agreement (0.184564ms)
✔ a dev server that cannot be reached probes as null (0.698036ms)
✔ a server without the endpoint probes as null, not as agreement (0.673067ms)
✔ only a divergence warns the smoke verdict (3.096581ms)
✔ the build side resolves the template's shipped app-env (0.948301ms)
✔ the CLI reports rather than silently passing when run via a symlink (238.243069ms)
✔ injects before </head> (12.388133ms)
✔ injects the extensions script without a project id (7.168181ms)
✔ injects project id on the script and meta when provided (2.380785ms)
✔ does not duplicate grok:app_id (3.551651ms)
✔ omits x:creator tags without both creator values (1.130919ms)
✔ injects x:creator tags when both creator values are set (0.315969ms)
✔ escapes x:creator values (0.363859ms)
✔ does not duplicate x:creator tags (0.488346ms)
✔ platform chrome overwrites share-card metas and always sets og:title (6.247228ms)
✔ does not duplicate twitter:card or og:title (0.738833ms)
✔ a baked site.image is treated as a custom card (1.747748ms)
✔ baked identity does not need a workspace filesystem (0.614275ms)
✔ a public card file wins over a baked site without card=custom (0.917489ms)
✔ public/og.png wins when jpg is absent (0.456956ms)
✔ resolveOgCardAsset: disk file, then bake, then empty (placeholder) (0.647593ms)
✔ snapshotOgIdentity stamps card=custom from a public card file (0.767531ms)
✔ snapshotOgIdentity stamps banner from public/x-banner.jpg (0.708524ms)
✔ emits x:game:image for a public host when site.banner is set (0.470896ms)
✔ does not emit x:game:image without a public host or banner (0.409355ms)
✔ site title Grok App is a real name, not a sentinel (0.380126ms)
✔ published grok.me slug is still a title fallback (0.757232ms)
✔ rejects Vercel system hosts as og:image origins (0.1657ms)
✔ published VITE_PUBLIC_HOSTNAME wins over request Host for og:image (4.779885ms)
✔ vercel Host without a public hostname emits no og:image (0.30214ms)
✔ emits og:image for a public host and prefers a custom card (0.394932ms)
✔ placeholder og:image appends site.color when it is 6-digit hex (0.556631ms)
✔ document title entities are not double-escaped on og:title (0.365424ms)
✔ site.json title wins over the host slug (0.286406ms)
✔ injects into documents with no head element (1.508678ms)
✔ streaming injector matches </HEAD> case-insensitively (9.375007ms)
✔ does not duplicate the extensions script (0.588612ms)
✔ is idempotent (0.453249ms)
✔ uses the app name in the injected title tag (0.27601ms)
✔ streaming injector handles </head> split across chunks (0.694516ms)
✔ streaming injector passes post-head chunks through untouched (4.321043ms)
✔ streaming injector falls back when no </head> is seen (0.553022ms)
✔ detects install query (0.342085ms)
✔ filters non-document paths (0.390106ms)
✔ strips install params from the app link (0.13797ms)
✔ names the install page from host slug (0.232753ms)
✔ rejects hosts that are not plain slugs (0.071433ms)
✔ renders install page markup (0.254463ms)
✔ escapes host-derived values in the install page (0.149926ms)
✔ renders the manifest with the per-app name (0.146762ms)
✔ vite config keeps the nitro serverDir wiring (0.157685ms)
✔ nitro middleware and its bundled assets exist (6.335184ms)
✔ vite plugin bakes og identity as a virtual module (0.283204ms)
✔ restaurants: six locations reach the real coordinate query and normalize local results (27.062717ms)
✔ restaurants: valid empty areas, all-mirror outage, and coordinate validation remain distinct (64.94547ms)
✔ nightlife and casinos: six locations reach the real coordinate query and normalize local results (16.075676ms)
✔ nightlife and casinos: valid empty areas, all-mirror outage, and coordinate validation remain distinct (4.165256ms)
✔ date night: six locations reach the real coordinate query and normalize local results (11.574654ms)
✔ date night: valid empty areas, all-mirror outage, and coordinate validation remain distinct (7.44802ms)
✔ restaurant distance, cuisine and price filters behave with Canadian results (6.124944ms)
✔ local closure exclusions do not hide same-named international businesses (7.790736ms)
✔ Maps destinations preserve exact Canadian/U.S. points and encode legacy international addresses (0.632443ms)
✔ stored legacy U.S. locations and country metadata survive hydration; corrupt coordinates fall back (94.92926ms)
✔ spatial restaurant dedupe exactly preserves name rules, source priority, ordering and radius boundaries (11.155807ms)
✔ spatial restaurant candidates preserve duplicates across the antimeridian and near both poles (0.69779ms)
✔ dense international pools preserve thousands of distinct restaurants and duplicate identities (503.163552ms)
✔ _migrations keys on basename, not path (1.656259ms)
✔ a file already applied from another directory does not re-apply (1.168705ms)
✔ pending migrations are returned in name order (15.185554ms)
✔ non-.sql entries are dropped (readdir also yields the auth/ directory) (0.414167ms)
✔ the auth schema ships outside the globbed directory (2.107718ms)
✔ this workspace's auth schema copy is byte-identical to its source (0.461084ms)
✔ the copy check reads both files and catches an edit (1.784302ms)
✔ absent external workspace package gets an explicit skip reason (1.529958ms)
✔ installed documentation contracts are not skipped (0.304813ms)
✔ required documentation cannot be skipped even when absent (0.227085ms)
✔ parsePreviewArgs accepts the two actions (7.163672ms)
✔ parsePreviewArgs rejects missing, unknown and extra arguments (0.386685ms)
✔ parsePid reads a pidfile and rejects junk (0.257188ms)
✔ parsePgid reads the pgrp field past a comm containing spaces (0.351034ms)
✔ parseListenerInodes picks LISTEN sockets on the wanted port only (0.56635ms)
✔ parseListenerInodes reads the tcp6 dump the same way (0.452242ms)
✔ looksLikePreviewProcess matches the npm wrapper and its vite child (0.533481ms)
✔ looksLikePreviewProcess spares the sibling scripts and re-used pids (0.427883ms)
✔ previewOwners trusts port owners and dedupes the pidfile pid (2.115616ms)
✔ previewOwners adds a pidfile pid whose command line is still the preview (0.820633ms)
✔ previewOwners drops a stale pidfile pid re-used by another process (0.801421ms)
✔ previewOwners drops a pidfile pid that no longer exists (0.253133ms)
✔ previewOwners on a free port with no pidfile signals nothing (0.147155ms)
✔ stopOutcome fails when a pid survives or the port is still held (0.482266ms)
✔ stopOutcome reports a verified free port (0.441455ms)
✔ stopOutcome fails on a listener whose owner cannot be attributed (0.298016ms)
✔ terminatePids SIGTERMs live pids and skips dead ones (0.597164ms)
✔ terminatePids escalates to SIGKILL when SIGTERM is ignored (3.845915ms)
✔ terminatePids reports a pid that survives SIGKILL as stubborn (0.97349ms)
✔ terminatePids on a free port signals nothing (0.257705ms)
✔ light Dinner artwork retains the visually correct cuisine in its own asset pack (1.571095ms)
✔ dark Dinner artwork preserves the accepted visually verified mapping (0.470395ms)
✔ specific Dinner cuisines outrank broad provider categories without guessing food for generic venues (0.399523ms)
✔ Nightlife result artwork covers all approved categories and preserves Casino precedence (0.296848ms)
✔ Exeter's actual theme-park record is acquired by the real seasonal query and reaches the eligible pool (23.559959ms)
✔ precise activity evidence admits corn, pumpkin and haunted trail without admitting generic places (23.313388ms)
✔ same identity preserves C/P, provenance, stable ID and representative metadata in either provider order (9.242091ms)
✔ structured lifecycle cannot survive eligibility or be resurrected by an active duplicate (3.356263ms)
✔ all availability states share one OFF/ON policy, including expiry and next-year revalidation (3.489362ms)
✔ all seven seasonal selections preserve union and the radius boundary (9.32247ms)
✔ saved-only successful sparse coverage, missing categories and provider outage remain distinct (4.615731ms)
✔ per-category provenance never labels a saved haunt as live because its ordinary park duplicate is live (2.126757ms)
✔ ordinary Date Night and seasonal toggle still work internationally; unknown hours fail strict ON (1.086969ms)
✔ actual component: handler → count/options/pick/plan and all seven category combinations (401.121763ms)
✔ actual component: OFF/ON/OFF, labels, saved-only disclosure, and clock-dependent pool/overlay refresh (289.542034ms)
✔ actual component displays schedule uncertainty distinctly for live weekly-hours-only venues (267.771171ms)
✔ V-F03-01 actual component: not-operating stays excluded before and after revalidation expiry (339.864938ms)
✔ V-F03-01 actual component: an expired negative cannot fill a plan until stored positive evidence replaces it (931.615153ms)
✔ V-F03-01 control: positive calendar expiry remains uncertain OFF and refreshes ON result/options/plan (234.584768ms)
✔ real clock hook refreshes at minute boundaries and focus/visibility resume, then cleans up (31.732641ms)
✔ retained regional provider captures replay through the new handler without generic-maze false positives (3740.017855ms)
✔ preview: a successful sign-out clears the token, then redirects (6.662925ms)
✔ preview: a rejected sign-out still clears the token and redirects (0.954639ms)
✔ preview: a sign-out that throws synchronously still clears and redirects (0.281845ms)
✔ preview: a sign-out that never settles clears and redirects once the wait expires (22.109639ms)
✔ preview: no bearer means nothing to invalidate, so no request is made (0.51894ms)
✔ preview: a stored bearer is still invalidated server-side (0.24114ms)
✔ deployed: a confirmed sign-out clears the token, then redirects (0.448879ms)
✔ deployed: a sign-out that never settles throws and does NOT redirect (25.68861ms)
✔ deployed: a rejected sign-out throws and does NOT redirect (0.600377ms)
✔ deployed: the timeout is distinguishable from a rejection (20.90848ms)
✔ settleWithin reports the outcome and never rejects (28.14004ms)
✔ settleWithin waits its full window, then gives up rather than hanging (0.760652ms)
✔ pre-sign-in: the preview clear gives up at the preview bound (0.717873ms)
✔ pre-sign-in: a deployed session gets the deployed window, not the preview one (12.500789ms)
✔ pre-sign-in: a failed clear never blocks sign-in (0.488705ms)
✔ pre-sign-in: the preview skips the request when there is no bearer (0.18075ms)
✔ every sign-out bound comes from one rule (0.103199ms)
✔ the defaults are bounded, and deployed waits longer than preview (0.747511ms)
✔ both suites execute with the current Node and success exits zero (4.651375ms)
✔ script failure cannot suppress application tests or become success (0.481584ms)
✔ application failures make the overall command fail (0.531707ms)
✔ spawn errors and terminated children are failures, not false greens (0.427591ms)
✔ keeps VITE_-prefixed string entries (6.176524ms)
✔ drops non-VITE keys, non-string values and malformed documents (0.262093ms)
✔ a missing app-env.json is a clean no-op (0.679419ms)
✔ reads the app env from a workspace (0.452821ms)
✔ an explicit process-env override wins over the file (0.19627ms)
✔ the template ships auth off (0.215212ms)
✔ vite loadEnv resolves the wrapped value (0.405634ms)
✔ the wrapped command runs with the app env applied (529.864022ms)
✔ the wrapped command sees an explicit override, not the file value (317.894096ms)
✔ the wrapper propagates the command's exit code (253.879773ms)
✔ a signal-killed command is never reported as success (284.796023ms)
✔ the CLI still runs when invoked through a symlinked path (293.804284ms)
✔ parseWriteAtomicArgs needs exactly a staged file and a target (3.597632ms)
✔ stagingError refuses a temp inside public/ and a no-op move (0.427157ms)
✔ handOver replaces the target and clears the staged file (1.299287ms)
✔ handOver creates a missing target directory (0.910486ms)
✔ an interrupted pass leaves the target on its old bytes, temp-free (1.335572ms)
✔ a failed hand-over creates no directory for the target it never wrote (0.732403ms)
✔ a staged file on another filesystem is refused, not copied (1.510932ms)
✔ cli: hands the file over, and refuses a temp staged in public/ (373.719858ms)
✔ cli: relative paths follow the script's root, not the caller's cwd (193.893524ms)
﹣ every hand-over the og skill prints is one this script accepts (1.881475ms) # External workspace OG documentation package is not installed in this checkout
✔ cli: a missing staged file fails without touching the target (174.552473ms)
ℹ tests 326
ℹ suites 0
ℹ pass 322
ℹ fail 0
ℹ cancelled 0
ℹ skipped 4
ℹ todo 0
ℹ duration_ms 16217.882948
▶ callTool failure memo
  ✔ replays an identical failure within the memo window without refetching (7.394158ms)
  ✔ keys by token identity so a reminted token shares the memo entry (1.013489ms)
  ✔ sweeps expired entries on write so unique keys do not accumulate (2.184239ms)
  ✔ never memoizes login-required 401s (1.47351ms)
✔ callTool failure memo (13.173081ms)
▶ callTool
  ✔ resolves ok:false for non-serializable args instead of rejecting (0.993349ms)
✔ callTool (1.248645ms)
▶ isLoginRequired
  ✔ is true only for login-required failures (0.30183ms)
✔ isLoginRequired (0.471783ms)
▶ redirectToLoginIfRequired
  ✔ no-ops when login is not required (0.445628ms)
  ✔ navigates to the server-built loginUrl in the browser (0.193639ms)
  ✔ opens a new tab instead of navigating when framed (0.170701ms)
  ✔ falls back to navigation when framed and the popup is blocked (0.234877ms)
  ✔ returns false when the result has no loginUrl (0.210175ms)
  ✔ returns false on the server (no window) (0.075743ms)
✔ redirectToLoginIfRequired (1.677347ms)
▶ classifyCallToolError
  ✔ returns null for successful results (1.485651ms)
  ✔ classifies login-required before message matching (0.168111ms)
  ✔ classifies not_connected and failed_precondition (0.092123ms)
  ✔ classifies scope_denied without claiming a missing grant (0.080038ms)
  ✔ classifies access_denied (0.281818ms)
  ✔ falls back to a generic error with the raw message (0.091322ms)
✔ classifyCallToolError (2.476955ms)
▶ verifyGateIdentityToken
  ✔ returns the identity for a valid token (18.310214ms)
  ✔ omits optional claims as nulls (2.992717ms)
  ✔ rejects a wrong audience (3.480835ms)
  ✔ rejects a wrong issuer (2.142872ms)
  ✔ rejects an expired token (4.970594ms)
  ✔ rejects a token without exp (1.776564ms)
  ✔ rejects a token signed by a different key with the same kid (1.808862ms)
  ✔ refetches the JWKS when the kid rotates (3.555622ms)
✔ verifyGateIdentityToken (41.716563ms)
▶ gateIdentityFromHeaders
  ✔ verifies the header token end to end and fails closed without it (3.924625ms)
  ✔ activates on a deployed-shaped request without GROK_GATE_ORIGIN (2.876884ms)
  ✔ verifies a preview-audience token with no gate env vars via the loopback default (5.71587ms)
  ✔ rejects a wrong-issuer token in the loopback default mode (2.914606ms)
  ✔ verifies a preview-audience token when only GROK_GATE_ORIGIN is set (8.57651ms)
  ✔ rejects a preview-audience token when GROK_PROJECT_ID is set (1.584729ms)
  ✔ rejects an app-audience token in preview mode (1.342855ms)
✔ gateIdentityFromHeaders (28.439114ms)
▶ gateIdentityEnabled
  ✔ is enabled by default with no gate env vars (0.139019ms)
  ✔ is disabled when VITE_AUTH_ENABLED is false (0.11892ms)
✔ gateIdentityEnabled (0.625661ms)
▶ gateTokenAudience
  ✔ pins app:<id> when GROK_PROJECT_ID is set, even alongside GROK_GATE_ORIGIN (0.19228ms)
  ✔ pins preview when GROK_PROJECT_ID is unset (0.074531ms)
✔ gateTokenAudience (0.350952ms)
▶ gateIdentityUserInfo
  ✔ falls back to a synthetic email and name for sub-only claims (0.119614ms)
  ✔ keeps real claims, lowercasing the email and marking it verified (0.079799ms)
✔ gateIdentityUserInfo (0.259999ms)
▶ sessionBoundToGateIdentity
  ✔ keeps the session when it is bound to the same gate sub (0.107666ms)
  ✔ rotates when the session belongs to a different gate sub (0.045069ms)
  ✔ rotates when the session user has no gate-bound account (0.078502ms)
✔ sessionBoundToGateIdentity (0.310643ms)
▶ resolveSignInGateState
  ✔ is pending while the session check is in flight, user or not (1.615157ms)
  ✔ is signed_in once a user is present (0.222552ms)
  ✔ is signed_out only after the check resolved with no user (0.181324ms)
✔ resolveSignInGateState (3.77468ms)
▶ seasonal date-night availability
  ✔ keeps The Werehouse closed before its verified 2026 season starts (3.978654ms)
  ✔ allows The Werehouse during the conservative verified season window (0.430903ms)
  ✔ closes The Werehouse after the conservative verified window (0.252533ms)
  ✔ uses Myer's retained operator 2026 calendar (0.270821ms)
  ✔ fails closed for Open now when hours or the seasonal date are not confirmed (0.723139ms)
  ✔ requires different real venues for a Scare/Settle pair (0.337153ms)
✔ seasonal date-night availability (9.93794ms)
✔ global manual resolution preserves Joplin, Missouri, USA (10.470913ms)
✔ global manual resolution preserves Toronto, Ontario, Canada (2.120679ms)
✔ global manual resolution preserves Vancouver, British Columbia, Canada (0.851022ms)
✔ global manual resolution preserves Montréal, Québec, Canada (0.950598ms)
✔ global manual resolution preserves London, United Kingdom (1.43005ms)
✔ countries without regions and provider province/locality variants remain valid (0.416101ms)
✔ invalid coordinates and malformed geocoder hits cannot become active locations (1.929312ms)
✔ manual input preserves international addresses and postal codes without a U.S. parser (0.62096ms)
✔ no-result, provider errors and malformed payloads are distinct from valid places (5.692312ms)
✔ reverse lookup enriches metadata while preserving the original GPS coordinates (3.671942ms)
✔ all reverse failures retain a usable coordinate location; invalid input never fetches (1.893684ms)
✔ international business addresses retain province, postcode, country and full-address tags (0.433115ms)
✔ native geolocation is opt-in, bounded, and reports each failure accurately (2.127523ms)
✔ GPS commits before reverse resolves and preserves exact coordinates even if the label point differs (2.261868ms)
✔ reverse failure retains coordinates and reports success; GPS failure leaves the old location alone (0.644675ms)
✔ a newer manual choice wins over a delayed GPS callback (0.35697ms)
✔ manual editing and unmount invalidate stale reverse and manual completions (0.627382ms)
✔ manual no-result and invalid input retain active location and allow retry (0.511435ms)
✔ combined control suppresses repeated GPS calls through reverse enrichment (0.443911ms)
✔ cancelling a pending GPS request permits retry without reviving stale callbacks (0.405685ms)
ℹ tests 71
ℹ suites 13
ℹ pass 71
ℹ fail 0
ℹ cancelled 0
ℹ skipped 0
ℹ todo 0
ℹ duration_ms 487.760736
[test-runner] repository scripts: passed
[test-runner] application: passed
