TAP version 13
# Subtest: V-F03-01 actual component: not-operating stays excluded before and after revalidation expiry
ok 1 - V-F03-01 actual component: not-operating stays excluded before and after revalidation expiry
  ---
  duration_ms: 328.413809
  type: 'test'
  ...
# Subtest: V-F03-01 actual component: an expired negative cannot fill a plan until stored positive evidence replaces it
ok 2 - V-F03-01 actual component: an expired negative cannot fill a plan until stored positive evidence replaces it
  ---
  duration_ms: 505.517123
  type: 'test'
  ...
# Subtest: V-F03-01 control: positive calendar expiry remains uncertain OFF and refreshes ON result/options/plan
ok 3 - V-F03-01 control: positive calendar expiry remains uncertain OFF and refreshes ON result/options/plan
  ---
  duration_ms: 169.023453
  type: 'test'
  ...
1..3
# tests 3
# suites 0
# pass 3
# fail 0
# cancelled 0
# skipped 0
# todo 0
# duration_ms 1793.673467
