✔ Exeter's actual theme-park record is acquired by the real seasonal query and reaches the eligible pool (49.043748ms)
✔ precise activity evidence admits corn, pumpkin and haunted trail without admitting generic places (33.917021ms)
✔ same identity preserves C/P, provenance, stable ID and representative metadata in either provider order (21.846386ms)
✔ structured lifecycle cannot survive eligibility or be resurrected by an active duplicate (3.537565ms)
✔ all availability states share one OFF/ON policy, including expiry and next-year revalidation (10.49935ms)
✔ all seven seasonal selections preserve union and the radius boundary (8.813773ms)
✔ saved-only successful sparse coverage, missing categories and provider outage remain distinct (7.490455ms)
✔ per-category provenance never labels a saved haunt as live because its ordinary park duplicate is live (3.082774ms)
✔ ordinary Date Night and seasonal toggle still work internationally; unknown hours fail strict ON (3.311459ms)
✔ actual component: handler → count/options/pick/plan and all seven category combinations (939.772577ms)
✔ actual component: OFF/ON/OFF, labels, saved-only disclosure, and clock-dependent pool/overlay refresh (632.278731ms)
✔ actual component displays schedule uncertainty distinctly for live weekly-hours-only venues (487.795417ms)
✔ V-F03-01 actual component: not-operating stays excluded before and after revalidation expiry (328.004517ms)
✔ V-F03-01 actual component: an expired negative cannot fill a plan until stored positive evidence replaces it (1267.730854ms)
✔ V-F03-01 control: positive calendar expiry remains uncertain OFF and refreshes ON result/options/plan (402.935229ms)
✔ real clock hook refreshes at minute boundaries and focus/visibility resume, then cleans up (25.713176ms)
✔ retained regional provider captures replay through the new handler without generic-maze false positives (4645.51756ms)
ℹ tests 17
ℹ suites 0
ℹ pass 17
ℹ fail 0
ℹ cancelled 0
ℹ skipped 0
ℹ todo 0
ℹ duration_ms 11628.597446
