✔ healthy readiness is immediate; four zero patches stop with incomplete coverage and 28 avoided audit acquisitions (109.930742ms)
✔ honest recall tradeoff: sole fifth-patch omission at 15–20mi is lost, retained radial reference finds it (318.644326ms)
✔ useful fourth-patch omission resets streak and is retained before a later stop (65.254926ms)
✔ thin starts immediately, promotes to healthy after useful recovery, then requires four fresh zero patches (29.672025ms)
✔ failed primary recovers immediately and never yield-stops even with four eligible recovered venues (225.544546ms)
✔ fourth patch negative applies before stop and makes four-venue primary thin (48.519002ms)
✔ fourth patch failure resets zero streak without sacrificing usable primary (31.692633ms)
✔ dispose cancels healthy deferred dispatch (2.5853ms)
✔ location cancels healthy deferred dispatch (1.945184ms)
✔ category cancels healthy deferred dispatch (2.610297ms)
✔ local exclusion during deferral accelerates existing audit without refetching primary (4.801362ms)
✔ semantic category coverage and genuine Plan applicability use the user's selection (0.621528ms)
✔ affirmed aliases do not inflate useful-yield count (0.386523ms)
✔ actual UI gets four options before healthy audit dispatch (383.267825ms)
✔ unobserved negative in skipped patch remains a disclosed stale-positive risk, radial reference removes it (210.968381ms)
✔ expiry at deferred dispatch reclassifies as thin; expired identity cannot support health (9.318576ms)
✔ filtered-only patch additions have zero useful yield (16.409746ms)
✔ partial mixed primary remains immediate recovery despite a rich eligible pool (4.173515ms)
✔ primary disk resolves READY independently; serial audit recovers omitted unique venues without foreground loading (49.573173ms)
✔ curated-first readiness carries no live coverage and waits for primary settlement before auditing (26.004754ms)
✔ obsolete primary is aborted on {"lat":42} and late results cannot seed cache (10.480248ms)
✔ obsolete primary is aborted on {"activityTypes":["park"]} and late results cannot seed cache (1.464008ms)
✔ obsolete primary is aborted on {"radiusMiles":20} and late results cannot seed cache (1.085577ms)
✔ audit aborts on category/location change and disposal; cancelled audit cannot publish (3.603055ms)
✔ 50-mile disk authority permits local decrease and covered increase; widening beyond authority requests disk (10.761402ms)
✔ negative eviction retires older disk positives, patch=none (1.036874ms)
✔ negative eviction retires older disk positives, patch=radial-v1:core (0.388596ms)
✔ audit lifecycle negatives override disk positives through radius/category changes (6.60385ms)
✔ actual server handler propagates abort upstream and never starts later mirrors (primary) (288.804834ms)
✔ actual server handler propagates abort upstream and never starts later mirrors (radial-v1:core) (189.060546ms)
✔ audit positive ownership remains spatially clipped and primary disk does not claim patch coverage (5.638104ms)
✔ bounded negative retirement survives repeated cap pressure and alias/category/radius changes (cap 2) (2.006978ms)
✔ bounded negative retirement survives repeated cap pressure and alias/category/radius changes (cap 3) (2.231165ms)
✔ bounded negative retirement survives repeated cap pressure and alias/category/radius changes (cap 8) (3.02346ms)
✔ HYB-IV-01 capacity-rejected core negative still suppresses primary and cached aliases (cap 1) (4.850316ms)
✔ HYB-IV-01 capacity-rejected outer negative still suppresses primary and cached aliases (cap 1) (6.760367ms)
✔ HYB-IV-01 capacity-rejected core negative still suppresses primary and cached aliases (cap 20000) (57.375832ms)
✔ HYB-IV-01 capacity-rejected outer negative still suppresses primary and cached aliases (cap 20000) (32.175371ms)
✔ cancelled oversized audit cannot retire a newer origin's positive identity (2.822747ms)
✔ HYB-IV-02 ResultOverlay follows affirmed rekey z→a but still invalidates lifecycle negatives (352.173485ms)
✔ HYB-IV-02 OptionsOverlay follows affirmed rekey z→a but still invalidates lifecycle negatives (28.40817ms)
✔ HYB-IV-02 DateNightPlanOverlay follows affirmed rekey z→a but still invalidates lifecycle negatives (26.024468ms)
✔ HYB-IV-02 ResultOverlay follows affirmed rekey a→z but still invalidates lifecycle negatives (22.025737ms)
✔ HYB-IV-02 OptionsOverlay follows affirmed rekey a→z but still invalidates lifecycle negatives (18.82883ms)
✔ HYB-IV-02 DateNightPlanOverlay follows affirmed rekey a→z but still invalidates lifecycle negatives (18.073341ms)
✔ settled succeeded-empty primary ends spinner without claiming usable READY; audit can recover (4.268318ms)
✔ settled failed primary ends spinner without claiming usable READY; audit can recover (2.965884ms)
✔ failed primary with an eligible curated pool remains usable (19.785203ms)
✔ actual UI: empty failed primary stops foreground loading without a Ready label or enabled decisions (8.600693ms)
✔ radial cache counts valid-empty successful patches as proof and outer success never covers missing core (20.110884ms)
✔ a failed outermost patch preserves 0–40 completeness; retry work is only missing patch/category (59.239267ms)
✔ radial cache rejects fallback as coverage (0.571983ms)
✔ radial cache rejects failed as coverage (0.416499ms)
✔ radial cache rejects cancelled as coverage (0.43738ms)
✔ radial cache rejects cache-hit as coverage (0.77515ms)
✔ radial cache rejects legacy as coverage (0.328886ms)
✔ radial cache rejects wrong-patch as coverage (0.410379ms)
✔ radial cache rejects wrong-version as coverage (0.376388ms)
✔ positive circle overlap is owned once; identities/evidence dedupe without clipping classifications (17.156939ms)
✔ radial V-DR-02: maxEntries eviction cannot resurrect superseded patch/category authority (8.881096ms)
✔ radial V-DR-02: maxVenues eviction cannot resurrect superseded patch/category authority (1.053579ms)
✔ radial cross-patch/category negative evidence suppresses positives and eviction cannot resurrect them (1.593474ms)
✔ legacy disk authority and patch authority never satisfy or supersede one another (0.48439ms)
✔ TTL/eviction remove proof; radius and semantic changes are scoped; local eligibility strictly clips (2.725341ms)
✔ succeeded-nonempty: core first, then exactly 250ms after a slow successful outer settlement (130.415922ms)
✔ succeeded-empty: core first, then exactly 250ms after a slow successful outer settlement (13.331769ms)
✔ outer start floor with 0ms latency survives repeated compatible updates (18.747197ms)
✔ outer start floor with 100ms latency survives repeated compatible updates (21.183161ms)
✔ outer start floor with 749ms latency survives repeated compatible updates (33.101709ms)
✔ outer start floor with 750ms latency survives repeated compatible updates (14.057663ms)
✔ outer start floor with 900ms latency survives repeated compatible updates (11.723513ms)
✔ failed: outer degradation retains 1000ms settlement delay, even on explicit retry (17.096818ms)
✔ throw: outer degradation retains 1000ms settlement delay, even on explicit retry (27.659761ms)
✔ partial: outer degradation retains 1000ms settlement delay, even on explicit retry (10.075427ms)
✔ explicit retry of older missing work honors the most recent successful outer start (8.701935ms)
✔ dispose clears a pending success timer (5.002195ms)
✔ shrink clears a pending success timer (4.548691ms)
✔ radius shrink cancels outer work; immediate re-expansion is spaced and ignores late settlement (6.409908ms)
✔ generation replacement rejects late abort-ignoring outer response and remains serial (10.385594ms)
✔ incomplete core blocks expansion with no automatic retry loop (12.947269ms)
✔ three consecutive degraded outer patches pause without retrying attempted work (10.88609ms)
✔ 32-start cap also blocks newly requested categories after a complete successful-empty pass (137.103718ms)
✔ synthetic 6-second cold pass measures 199750ms; baseline model is 223000ms (154.90662ms)
✔ radial IDs and geometry are deterministic; larger plans preserve the exact inner prefix (6.611042ms)
✔ radial partition has no sampled holes or double owners at 37.176447,-94.310223 (226.71378ms)
✔ radial partition has no sampled holes or double owners at 0,179.99 (229.416481ms)
✔ radial partition has no sampled holes or double owners at 80,-179.99 (215.086592ms)
✔ radial partition has no sampled holes or double owners at -80,30 (203.495799ms)
✔ every sector corner fits its bounded circle; no patch approaches a 50-mile monolith (0.876702ms)
✔ exact poles have a deterministic bearing frame and complete bounded coverage (5.837635ms)
✔ out-of-radius points have no logical owner and overlap maps to only one patch (0.625874ms)
✔ server resolves only enumerated patch IDs and rejects arbitrary geometry and hostile inputs (1.158137ms)
✔ continuous coverage requires every inner patch and requested category; outer success cannot fill a gap (3.554822ms)
✔ eviction/removal of a required proof makes continuous coverage incomplete; smaller maximum clips the claim (0.614847ms)
✔ actual UI: selected-radius primary enables all actions before serial background audit (1160.930695ms)
✔ actual UI: open ResultOverlay stays stable when audit venues arrive; future action uses enlarged pool (331.359005ms)
✔ actual UI: open OptionsOverlay stays stable when audit venues arrive; future action uses enlarged pool (342.032503ms)
✔ actual UI: open DateNightPlanOverlay stays stable when audit venues arrive; future action uses enlarged pool (270.540655ms)
✔ audit middle failure retains primary picks and explicit retry targets missing sector (644.432744ms)
✔ outermost audit failure preserves primary and bounded audit never auto-retries (4221.703379ms)
✔ three consecutive degraded audit patches stop bounded pass without removing primary (322.868157ms)
✔ 15→50 acquires missing disk authority; narrowing cancels obsolete work and clips locally (104.349179ms)
✔ rapid radius change cancels obsolete primary and strictly clips its replacement (23.901411ms)
✔ all local-only filters cause zero RPCs and do not cancel background audit (113.899629ms)
✔ location change cancels audit and late response cannot replace newer primary (58.947142ms)
✔ stalled primary watchdog cancels obsolete work and settles foreground state (40.4487ms)
✔ saved primary fallback remains usable without inventing live coverage (53.851781ms)
✔ dinner: success settles active UI and clears watchdog before deadline (772.978619ms)
✔ dinner: fallback settles active UI and clears watchdog before deadline (6.094683ms)
✔ dinner: error settles active UI and clears watchdog before deadline (3.17556ms)
✔ dinner: AbortError settles active UI and clears watchdog before deadline (2.480411ms)
✔ dinner: never-settling/abort-ignoring RPC exits loading at 25s (5.21105ms)
✔ dinner: abort-compliant RPC exits loading at 25s (5.759187ms)
✔ dinner: late post-timeout success cannot overwrite timeout or a successful retry (13.275664ms)
✔ dinner: late post-timeout rejection cannot overwrite timeout or a successful retry (15.677882ms)
✔ dinner: replacement aborts old success; old settles first (17.375598ms)
✔ dinner: replacement aborts old success; new settles first (10.101947ms)
✔ dinner: replacement aborts old rejection; old settles first (21.072474ms)
✔ dinner: replacement aborts old rejection; new settles first (10.211532ms)
✔ dinner: unmount aborts/cleans up; success cannot write after unmount (6.739545ms)
✔ dinner: unmount aborts/cleans up; rejection cannot write after unmount (6.694848ms)
✔ dinner: unmount aborts/cleans up; pending cannot write after unmount (6.500665ms)
✔ dinner: radius update cancels obsolete transport or retains still-needed core; normal selection works (18.597752ms)
✔ dinner: timeout then retry success remains current when the first RPC finally resolves (8.975629ms)
✔ date-night: success settles active UI and clears watchdog before deadline (382.649423ms)
✔ date-night: fallback settles active UI and clears watchdog before deadline (25.791172ms)
✔ date-night: error settles active UI and clears watchdog before deadline (7.321864ms)
✔ date-night: AbortError settles active UI and clears watchdog before deadline (5.590613ms)
✔ date-night: never-settling/abort-ignoring RPC exits loading at 25s (4.344653ms)
✔ date-night: abort-compliant RPC exits loading at 25s (5.230799ms)
✔ date-night: late post-timeout success cannot overwrite timeout or a successful retry (7.044555ms)
✔ date-night: late post-timeout rejection cannot overwrite timeout or a successful retry (6.84876ms)
✔ date-night: replacement aborts old success; old settles first (8.360821ms)
✔ date-night: replacement aborts old success; new settles first (8.518319ms)
✔ date-night: replacement aborts old rejection; old settles first (9.48788ms)
✔ date-night: replacement aborts old rejection; new settles first (9.410445ms)
✔ date-night: unmount aborts/cleans up; success cannot write after unmount (6.354144ms)
✔ date-night: unmount aborts/cleans up; rejection cannot write after unmount (6.713756ms)
✔ date-night: unmount aborts/cleans up; pending cannot write after unmount (6.821939ms)
✔ date-night: radius update cancels obsolete transport or retains still-needed core; normal selection works (14.054459ms)
✔ date-night: timeout then retry success remains current when the first RPC finally resolves (7.391819ms)
✔ nightlife: success settles active UI and clears watchdog before deadline (50.459364ms)
✔ nightlife: fallback settles active UI and clears watchdog before deadline (3.152034ms)
✔ nightlife: error settles active UI and clears watchdog before deadline (4.614921ms)
✔ nightlife: AbortError settles active UI and clears watchdog before deadline (1.986336ms)
✔ nightlife: never-settling/abort-ignoring RPC exits loading at 25s (3.621833ms)
✔ nightlife: abort-compliant RPC exits loading at 25s (2.598709ms)
✔ nightlife: late post-timeout success cannot overwrite timeout or a successful retry (2.160769ms)
✔ nightlife: late post-timeout rejection cannot overwrite timeout or a successful retry (2.1545ms)
✔ nightlife: replacement aborts old success; old settles first (8.676837ms)
✔ nightlife: replacement aborts old success; new settles first (2.454492ms)
✔ nightlife: replacement aborts old rejection; old settles first (2.779512ms)
✔ nightlife: replacement aborts old rejection; new settles first (9.134122ms)
✔ nightlife: unmount aborts/cleans up; success cannot write after unmount (1.933205ms)
✔ nightlife: unmount aborts/cleans up; rejection cannot write after unmount (1.627966ms)
✔ nightlife: unmount aborts/cleans up; pending cannot write after unmount (1.687265ms)
✔ nightlife: radius update cancels obsolete transport or retains still-needed core; normal selection works (2.991152ms)
✔ nightlife: timeout then retry success remains current when the first RPC finally resolves (2.248681ms)
✔ Date Night: seasonal dependency replacement aborts the previous request (4.986291ms)
✔ pinned TanStack RPC forwards the exact controller signal to fetch and settles on abort (36.471521ms)
✔ shared lifecycle also settles synchronous RPC throws without leaving a watchdog (5.301477ms)
ℹ tests 161
ℹ suites 0
ℹ pass 161
ℹ fail 0
ℹ cancelled 0
ℹ skipped 0
ℹ todo 0
ℹ duration_ms 9063.199352
