npm warn Unknown env config "http-proxy". This will stop working in the next major version of npm.
app-builder-workspace@ /workspace/scratch/fed6bfa5deac/repository
├─┬ @capacitor/android@8.5.2
│ └── @capacitor/core@8.5.2 deduped
├─┬ @capacitor/cli@8.5.2
│ ├─┬ @ionic/cli-framework-output@2.2.8
│ │ ├── @ionic/utils-terminal@2.3.5 deduped
│ │ ├── debug@4.4.3 deduped
│ │ └── tslib@2.8.1 deduped
│ ├─┬ @ionic/utils-subprocess@3.0.1
│ │ ├─┬ @ionic/utils-array@2.1.6
│ │ │ ├── debug@4.4.3 deduped
│ │ │ └── tslib@2.8.1 deduped
│ │ ├─┬ @ionic/utils-fs@3.1.7
│ │ │ ├─┬ @types/fs-extra@8.1.5
│ │ │ │ └── @types/node@22.20.1 deduped
│ │ │ ├── debug@4.4.3 deduped
│ │ │ ├─┬ fs-extra@9.1.0
│ │ │ │ ├── at-least-node@1.0.0
│ │ │ │ ├── graceful-fs@4.2.11 deduped
│ │ │ │ ├── jsonfile@6.2.1 deduped
│ │ │ │ └── universalify@2.0.1 deduped
│ │ │ └── tslib@2.8.1 deduped
│ │ ├─┬ @ionic/utils-process@2.1.12
│ │ │ ├─┬ @ionic/utils-object@2.1.6
│ │ │ │ ├── debug@4.4.3 deduped
│ │ │ │ └── tslib@2.8.1 deduped
│ │ │ ├── @ionic/utils-terminal@2.3.5 deduped
│ │ │ ├── debug@4.4.3 deduped
│ │ │ ├── signal-exit@3.0.7 deduped
│ │ │ ├── tree-kill@1.2.2
│ │ │ └── tslib@2.8.1 deduped
│ │ ├─┬ @ionic/utils-stream@3.1.7
│ │ │ ├── debug@4.4.3 deduped
│ │ │ └── tslib@2.8.1 deduped
│ │ ├── @ionic/utils-terminal@2.3.5 deduped
│ │ ├── cross-spawn@7.0.6 deduped
│ │ ├── debug@4.4.3 deduped
│ │ └── tslib@2.8.1 deduped
│ ├─┬ @ionic/utils-terminal@2.3.5
│ │ ├── @types/slice-ansi@4.0.0
│ │ ├── debug@4.4.3 deduped
│ │ ├── signal-exit@3.0.7
│ │ ├─┬ slice-ansi@4.0.0
│ │ │ ├── ansi-styles@4.3.0 deduped
│ │ │ ├── astral-regex@2.0.0
│ │ │ └── is-fullwidth-code-point@3.0.0
│ │ ├─┬ string-width@4.2.3
│ │ │ ├── emoji-regex@8.0.0
│ │ │ ├── is-fullwidth-code-point@3.0.0 deduped
│ │ │ └── strip-ansi@6.0.1 deduped
│ │ ├─┬ strip-ansi@6.0.1
│ │ │ └── ansi-regex@5.0.1
│ │ ├── tslib@2.8.1 deduped
│ │ ├── untildify@4.0.0
│ │ └─┬ wrap-ansi@7.0.0
│ │   ├── ansi-styles@4.3.0 deduped
│ │   ├── string-width@4.2.3 deduped
│ │   └── strip-ansi@6.0.1 deduped
│ ├── commander@12.1.0
│ ├─┬ debug@4.4.3
│ │ └── ms@2.1.3
│ ├── env-paths@2.2.1
│ ├─┬ fs-extra@11.4.0
│ │ ├── graceful-fs@4.2.11
│ │ ├─┬ jsonfile@6.2.1
│ │ │ ├── graceful-fs@4.2.11 deduped
│ │ │ └── universalify@2.0.1 deduped
│ │ └── universalify@2.0.1
│ ├── kleur@4.1.5
│ ├─┬ native-run@2.0.3
│ │ ├── @ionic/utils-fs@3.1.7 deduped
│ │ ├── @ionic/utils-terminal@2.3.5 deduped
│ │ ├─┬ bplist-parser@0.3.2
│ │ │ └── big-integer@1.6.52
│ │ ├── debug@4.4.3 deduped
│ │ ├─┬ elementtree@0.1.7
│ │ │ └── sax@1.1.4 deduped
│ │ ├── ini@4.1.3
│ │ ├── plist@3.1.1 deduped
│ │ ├── split2@4.2.0
│ │ ├─┬ through2@4.0.2
│ │ │ └─┬ readable-stream@3.6.2
│ │ │   ├── inherits@2.0.4
│ │ │   ├─┬ string_decoder@1.3.0
│ │ │   │ └── safe-buffer@5.2.1
│ │ │   └── util-deprecate@1.0.2
│ │ ├── tslib@2.8.1 deduped
│ │ └─┬ yauzl@2.10.0
│ │   ├── buffer-crc32@0.2.13
│ │   └─┬ fd-slicer@1.1.0
│ │     └── pend@1.2.0
│ ├─┬ open@8.4.2
│ │ ├── define-lazy-prop@2.0.0
│ │ ├── is-docker@2.2.1
│ │ └─┬ is-wsl@2.2.0
│ │   └── is-docker@2.2.1 deduped
│ ├─┬ plist@3.1.1
│ │ ├── @xmldom/xmldom@0.9.12
│ │ ├── base64-js@1.5.1
│ │ └── xmlbuilder@15.1.1
│ ├─┬ prompts@2.4.2
│ │ ├── kleur@3.0.3
│ │ └── sisteransi@1.0.5
│ ├─┬ rimraf@6.1.3
│ │ ├─┬ glob@13.0.6
│ │ │ ├─┬ minimatch@10.2.6
│ │ │ │ └─┬ brace-expansion@5.0.12
│ │ │ │   └── balanced-match@4.0.4
│ │ │ ├── minipass@7.1.3 deduped
│ │ │ └─┬ path-scurry@2.0.2
│ │ │   ├── lru-cache@11.5.2 deduped
│ │ │   └── minipass@7.1.3 deduped
│ │ └── package-json-from-dist@1.0.1
│ ├── semver@7.8.5
│ ├─┬ tar@7.5.22
│ │ ├─┬ @isaacs/fs-minipass@4.0.1
│ │ │ └── minipass@7.1.3 deduped
│ │ ├── chownr@3.0.0
│ │ ├── minipass@7.1.3
│ │ ├─┬ minizlib@3.1.0
│ │ │ └── minipass@7.1.3 deduped
│ │ └── yallist@5.0.0
│ ├── tslib@2.8.1
│ ├─┬ xcode@3.0.1
│ │ ├─┬ simple-plist@1.3.1
│ │ │ ├─┬ bplist-creator@0.1.0
│ │ │ │ └── stream-buffers@2.2.0
│ │ │ ├─┬ bplist-parser@0.3.1
│ │ │ │ └── big-integer@1.6.52 deduped
│ │ │ └── plist@3.1.1 deduped
│ │ └── uuid@7.0.3
│ └─┬ xml2js@0.6.2
│   ├── sax@1.1.4
│   └── xmlbuilder@11.0.1
├─┬ @capacitor/core@8.5.2
│ └── tslib@2.8.1 deduped
├── @electric-sql/pglite@0.5.8
├── @eslint/js@9.39.5
├─┬ @hookform/resolvers@5.9.1
│ ├── UNMET OPTIONAL DEPENDENCY @sinclair/typebox@>=0.25.24
│ ├── @standard-schema/spec@1.1.0
│ ├── @standard-schema/utils@0.3.0
│ ├── UNMET OPTIONAL DEPENDENCY @typeschema/main@>=0.13.7
│ ├── UNMET OPTIONAL DEPENDENCY @vinejs/vine@^2.0.0 || ^3.0.0 || ^4.0.0
│ ├── UNMET OPTIONAL DEPENDENCY ajv-errors@^3.0.0
│ ├── UNMET OPTIONAL DEPENDENCY ajv-formats@^2.1.1
│ ├── UNMET OPTIONAL DEPENDENCY ajv@^8.12.0
│ ├── UNMET OPTIONAL DEPENDENCY arktype@^2.0.0
│ ├── UNMET OPTIONAL DEPENDENCY ata-validator@^1.2.0
│ ├── UNMET OPTIONAL DEPENDENCY class-transformer@>=0.4.0
│ ├── UNMET OPTIONAL DEPENDENCY class-validator@>=0.12.0
│ ├── UNMET OPTIONAL DEPENDENCY computed-types@^1.0.0
│ ├── UNMET OPTIONAL DEPENDENCY effect@^3.10.3
│ ├── UNMET OPTIONAL DEPENDENCY fluentvalidation-ts@^3.0.0
│ ├── UNMET OPTIONAL DEPENDENCY fp-ts@^2.7.0
│ ├── UNMET OPTIONAL DEPENDENCY io-ts@^2.0.0
│ ├── UNMET OPTIONAL DEPENDENCY joi@^17.0.0 || ^18.0.0
│ ├── UNMET OPTIONAL DEPENDENCY nope-validator@>=0.12.0
│ ├── react-hook-form@7.87.0 deduped
│ ├── UNMET OPTIONAL DEPENDENCY superstruct@>=0.12.0
│ ├── UNMET OPTIONAL DEPENDENCY typanion@^3.3.2
│ ├── UNMET OPTIONAL DEPENDENCY valibot@>=0.31.0 || ^1.0.0-beta.4 || ^1.0.0-rc
│ ├── UNMET OPTIONAL DEPENDENCY vest@>=6.0.0
│ ├── UNMET OPTIONAL DEPENDENCY yup@^1.0.0
│ └── zod@4.5.4 deduped
├─┬ @radix-ui/react-accordion@1.2.20
│ ├── @radix-ui/primitive@1.1.7
│ ├── @radix-ui/react-collapsible@1.1.20 deduped
│ ├─┬ @radix-ui/react-collection@1.1.15
│ │ ├── @radix-ui/react-compose-refs@1.1.5 deduped
│ │ ├── @radix-ui/react-context@1.2.2 deduped
│ │ ├── @radix-ui/react-primitive@2.1.10 deduped
│ │ ├── @radix-ui/react-slot@1.3.3 deduped
│ │ ├── @types/react-dom@19.2.7 deduped
│ │ ├── @types/react@19.2.18 deduped
│ │ ├── react-dom@19.2.8 deduped
│ │ └── react@19.2.8 deduped
│ ├─┬ @radix-ui/react-compose-refs@1.1.5
│ │ ├── @types/react@19.2.18 deduped
│ │ └── react@19.2.8 deduped
│ ├─┬ @radix-ui/react-context@1.2.2
│ │ ├── @types/react@19.2.18 deduped
│ │ └── react@19.2.8 deduped
│ ├─┬ @radix-ui/react-direction@1.1.4
│ │ ├── @types/react@19.2.18 deduped
│ │ └── react@19.2.8 deduped
│ ├─┬ @radix-ui/react-id@1.1.4
│ │ ├── @radix-ui/react-use-layout-effect@1.1.4 deduped
│ │ ├── @types/react@19.2.18 deduped
│ │ └── react@19.2.8 deduped
│ ├─┬ @radix-ui/react-primitive@2.1.10
│ │ ├── @radix-ui/react-slot@1.3.3 deduped
│ │ ├── @types/react-dom@19.2.7 deduped
│ │ ├── @types/react@19.2.18 deduped
│ │ ├── react-dom@19.2.8 deduped
│ │ └── react@19.2.8 deduped
│ ├─┬ @radix-ui/react-use-controllable-state@1.2.6
│ │ ├── @radix-ui/primitive@1.1.7 deduped
│ │ ├─┬ @radix-ui/react-use-effect-event@0.0.5
│ │ │ ├── @radix-ui/react-use-layout-effect@1.1.4 deduped
│ │ │ ├── @types/react@19.2.18 deduped
│ │ │ └── react@19.2.8 deduped
│ │ ├── @radix-ui/react-use-layout-effect@1.1.4 deduped
│ │ ├── @types/react@19.2.18 deduped
│ │ └── react@19.2.8 deduped
│ ├── @types/react-dom@19.2.7 deduped
│ ├── @types/react@19.2.18 deduped
│ ├── react-dom@19.2.8 deduped
│ └── react@19.2.8 deduped
├─┬ @radix-ui/react-alert-dialog@1.1.23
│ ├── @radix-ui/primitive@1.1.7 deduped
│ ├── @radix-ui/react-compose-refs@1.1.5 deduped
│ ├── @radix-ui/react-context@1.2.2 deduped
│ ├── @radix-ui/react-dialog@1.1.23 deduped
│ ├── @radix-ui/react-primitive@2.1.10 deduped
│ ├── @types/react-dom@19.2.7 deduped
│ ├── @types/react@19.2.18 deduped
│ ├── react-dom@19.2.8 deduped
│ └── react@19.2.8 deduped
├─┬ @radix-ui/react-avatar@1.2.6
│ ├── @radix-ui/primitive@1.1.7 deduped
│ ├── @radix-ui/react-context@1.2.2 deduped
│ ├── @radix-ui/react-primitive@2.1.10 deduped
│ ├─┬ @radix-ui/react-use-callback-ref@1.1.4
│ │ ├── @types/react@19.2.18 deduped
│ │ └── react@19.2.8 deduped
│ ├─┬ @radix-ui/react-use-is-hydrated@0.1.3
│ │ ├── @types/react@19.2.18 deduped
│ │ └── react@19.2.8 deduped
│ ├─┬ @radix-ui/react-use-layout-effect@1.1.4
│ │ ├── @types/react@19.2.18 deduped
│ │ └── react@19.2.8 deduped
│ ├── @types/react-dom@19.2.7 deduped
│ ├── @types/react@19.2.18 deduped
│ ├── react-dom@19.2.8 deduped
│ └── react@19.2.8 deduped
├─┬ @radix-ui/react-checkbox@1.3.11
│ ├── @radix-ui/primitive@1.1.7 deduped
│ ├── @radix-ui/react-compose-refs@1.1.5 deduped
│ ├── @radix-ui/react-context@1.2.2 deduped
│ ├─┬ @radix-ui/react-presence@1.1.10
│ │ ├── @radix-ui/react-use-layout-effect@1.1.4 deduped
│ │ ├── @types/react-dom@19.2.7 deduped
│ │ ├── @types/react@19.2.18 deduped
│ │ ├── react-dom@19.2.8 deduped
│ │ └── react@19.2.8 deduped
│ ├── @radix-ui/react-primitive@2.1.10 deduped
│ ├── @radix-ui/react-use-controllable-state@1.2.6 deduped
│ ├─┬ @radix-ui/react-use-size@1.1.4
│ │ ├── @radix-ui/react-use-layout-effect@1.1.4 deduped
│ │ ├── @types/react@19.2.18 deduped
│ │ └── react@19.2.8 deduped
│ ├── @types/react-dom@19.2.7 deduped
│ ├── @types/react@19.2.18 deduped
│ ├── react-dom@19.2.8 deduped
│ └── react@19.2.8 deduped
├─┬ @radix-ui/react-collapsible@1.1.20
│ ├── @radix-ui/primitive@1.1.7 deduped
│ ├── @radix-ui/react-compose-refs@1.1.5 deduped
│ ├── @radix-ui/react-context@1.2.2 deduped
│ ├── @radix-ui/react-id@1.1.4 deduped
│ ├── @radix-ui/react-presence@1.1.10 deduped
│ ├── @radix-ui/react-primitive@2.1.10 deduped
│ ├── @radix-ui/react-use-controllable-state@1.2.6 deduped
│ ├── @radix-ui/react-use-layout-effect@1.1.4 deduped
│ ├── @types/react-dom@19.2.7 deduped
│ ├── @types/react@19.2.18 deduped
│ ├── react-dom@19.2.8 deduped
│ └── react@19.2.8 deduped
├─┬ @radix-ui/react-dialog@1.1.23
│ ├── @radix-ui/primitive@1.1.7 deduped
│ ├── @radix-ui/react-compose-refs@1.1.5 deduped
│ ├── @radix-ui/react-context@1.2.2 deduped
│ ├─┬ @radix-ui/react-dismissable-layer@1.1.19
│ │ ├── @radix-ui/primitive@1.1.7 deduped
│ │ ├── @radix-ui/react-compose-refs@1.1.5 deduped
│ │ ├── @radix-ui/react-primitive@2.1.10 deduped
│ │ ├── @radix-ui/react-use-callback-ref@1.1.4 deduped
│ │ ├── @radix-ui/react-use-effect-event@0.0.5 deduped
│ │ ├── @types/react-dom@19.2.7 deduped
│ │ ├── @types/react@19.2.18 deduped
│ │ ├── react-dom@19.2.8 deduped
│ │ └── react@19.2.8 deduped
│ ├─┬ @radix-ui/react-focus-guards@1.1.6
│ │ ├── @types/react@19.2.18 deduped
│ │ └── react@19.2.8 deduped
│ ├─┬ @radix-ui/react-focus-scope@1.1.16
│ │ ├── @radix-ui/react-compose-refs@1.1.5 deduped
│ │ ├── @radix-ui/react-primitive@2.1.10 deduped
│ │ ├── @radix-ui/react-use-callback-ref@1.1.4 deduped
│ │ ├── @types/react-dom@19.2.7 deduped
│ │ ├── @types/react@19.2.18 deduped
│ │ ├── react-dom@19.2.8 deduped
│ │ └── react@19.2.8 deduped
│ ├── @radix-ui/react-id@1.1.4 deduped
│ ├─┬ @radix-ui/react-portal@1.1.17
│ │ ├── @radix-ui/react-primitive@2.1.10 deduped
│ │ ├── @radix-ui/react-use-layout-effect@1.1.4 deduped
│ │ ├── @types/react-dom@19.2.7 deduped
│ │ ├── @types/react@19.2.18 deduped
│ │ ├── react-dom@19.2.8 deduped
│ │ └── react@19.2.8 deduped
│ ├── @radix-ui/react-presence@1.1.10 deduped
│ ├── @radix-ui/react-primitive@2.1.10 deduped
│ ├── @radix-ui/react-slot@1.3.3 deduped
│ ├── @radix-ui/react-use-controllable-state@1.2.6 deduped
│ ├── @radix-ui/react-use-layout-effect@1.1.4 deduped
│ ├── @types/react-dom@19.2.7 deduped
│ ├── @types/react@19.2.18 deduped
│ ├─┬ aria-hidden@1.2.6
│ │ └── tslib@2.8.1 deduped
│ ├── react-dom@19.2.8 deduped
│ ├─┬ react-remove-scroll@2.7.2
│ │ ├── @types/react@19.2.18 deduped
│ │ ├─┬ react-remove-scroll-bar@2.3.8
│ │ │ ├── @types/react@19.2.18 deduped
│ │ │ ├── react-style-singleton@2.2.3 deduped
│ │ │ ├── react@19.2.8 deduped
│ │ │ └── tslib@2.8.1 deduped
│ │ ├─┬ react-style-singleton@2.2.3
│ │ │ ├── @types/react@19.2.18 deduped
│ │ │ ├── get-nonce@1.0.1
│ │ │ ├── react@19.2.8 deduped
│ │ │ └── tslib@2.8.1 deduped
│ │ ├── react@19.2.8 deduped
│ │ ├── tslib@2.8.1 deduped
│ │ ├─┬ use-callback-ref@1.3.3
│ │ │ ├── @types/react@19.2.18 deduped
│ │ │ ├── react@19.2.8 deduped
│ │ │ └── tslib@2.8.1 deduped
│ │ └─┬ use-sidecar@1.1.3
│ │   ├── @types/react@19.2.18 deduped
│ │   ├── detect-node-es@1.1.0
│ │   ├── react@19.2.8 deduped
│ │   └── tslib@2.8.1 deduped
│ └── react@19.2.8 deduped
├─┬ @radix-ui/react-dropdown-menu@2.1.24
│ ├── @radix-ui/primitive@1.1.7 deduped
│ ├── @radix-ui/react-compose-refs@1.1.5 deduped
│ ├── @radix-ui/react-context@1.2.2 deduped
│ ├── @radix-ui/react-id@1.1.4 deduped
│ ├─┬ @radix-ui/react-menu@2.1.24
│ │ ├── @radix-ui/primitive@1.1.7 deduped
│ │ ├── @radix-ui/react-collection@1.1.15 deduped
│ │ ├── @radix-ui/react-compose-refs@1.1.5 deduped
│ │ ├── @radix-ui/react-context@1.2.2 deduped
│ │ ├── @radix-ui/react-direction@1.1.4 deduped
│ │ ├── @radix-ui/react-dismissable-layer@1.1.19 deduped
│ │ ├── @radix-ui/react-focus-guards@1.1.6 deduped
│ │ ├── @radix-ui/react-focus-scope@1.1.16 deduped
│ │ ├── @radix-ui/react-id@1.1.4 deduped
│ │ ├── @radix-ui/react-popper@1.3.7 deduped
│ │ ├── @radix-ui/react-portal@1.1.17 deduped
│ │ ├── @radix-ui/react-presence@1.1.10 deduped
│ │ ├── @radix-ui/react-primitive@2.1.10 deduped
│ │ ├── @radix-ui/react-roving-focus@1.1.19 deduped
│ │ ├── @radix-ui/react-slot@1.3.3 deduped
│ │ ├── @radix-ui/react-use-callback-ref@1.1.4 deduped
│ │ ├── @types/react-dom@19.2.7 deduped
│ │ ├── @types/react@19.2.18 deduped
│ │ ├── aria-hidden@1.2.6 deduped
│ │ ├── react-dom@19.2.8 deduped
│ │ ├── react-remove-scroll@2.7.2 deduped
│ │ └── react@19.2.8 deduped
│ ├── @radix-ui/react-primitive@2.1.10 deduped
│ ├── @radix-ui/react-use-controllable-state@1.2.6 deduped
│ ├── @types/react-dom@19.2.7 deduped
│ ├── @types/react@19.2.18 deduped
│ ├── react-dom@19.2.8 deduped
│ └── react@19.2.8 deduped
├─┬ @radix-ui/react-label@2.1.15
│ ├── @radix-ui/react-primitive@2.1.10 deduped
│ ├── @types/react-dom@19.2.7 deduped
│ ├── @types/react@19.2.18 deduped
│ ├── react-dom@19.2.8 deduped
│ └── react@19.2.8 deduped
├─┬ @radix-ui/react-popover@1.1.23
│ ├── @radix-ui/primitive@1.1.7 deduped
│ ├── @radix-ui/react-compose-refs@1.1.5 deduped
│ ├── @radix-ui/react-context@1.2.2 deduped
│ ├── @radix-ui/react-dismissable-layer@1.1.19 deduped
│ ├── @radix-ui/react-focus-guards@1.1.6 deduped
│ ├── @radix-ui/react-focus-scope@1.1.16 deduped
│ ├── @radix-ui/react-id@1.1.4 deduped
│ ├─┬ @radix-ui/react-popper@1.3.7
│ │ ├─┬ @floating-ui/react-dom@2.1.9
│ │ │ ├─┬ @floating-ui/dom@1.8.0
│ │ │ │ ├─┬ @floating-ui/core@1.8.0
│ │ │ │ │ └── @floating-ui/utils@0.2.12 deduped
│ │ │ │ └── @floating-ui/utils@0.2.12
│ │ │ ├── react-dom@19.2.8 deduped
│ │ │ └── react@19.2.8 deduped
│ │ ├─┬ @radix-ui/react-arrow@1.1.15
│ │ │ ├── @radix-ui/react-primitive@2.1.10 deduped
│ │ │ ├── @types/react-dom@19.2.7 deduped
│ │ │ ├── @types/react@19.2.18 deduped
│ │ │ ├── react-dom@19.2.8 deduped
│ │ │ └── react@19.2.8 deduped
│ │ ├── @radix-ui/react-compose-refs@1.1.5 deduped
│ │ ├── @radix-ui/react-context@1.2.2 deduped
│ │ ├── @radix-ui/react-primitive@2.1.10 deduped
│ │ ├── @radix-ui/react-use-callback-ref@1.1.4 deduped
│ │ ├── @radix-ui/react-use-layout-effect@1.1.4 deduped
│ │ ├─┬ @radix-ui/react-use-rect@1.1.4
│ │ │ ├── @radix-ui/rect@1.1.3 deduped
│ │ │ ├── @types/react@19.2.18 deduped
│ │ │ └── react@19.2.8 deduped
│ │ ├── @radix-ui/react-use-size@1.1.4 deduped
│ │ ├── @radix-ui/rect@1.1.3
│ │ ├── @types/react-dom@19.2.7 deduped
│ │ ├── @types/react@19.2.18 deduped
│ │ ├── react-dom@19.2.8 deduped
│ │ └── react@19.2.8 deduped
│ ├── @radix-ui/react-portal@1.1.17 deduped
│ ├── @radix-ui/react-presence@1.1.10 deduped
│ ├── @radix-ui/react-primitive@2.1.10 deduped
│ ├── @radix-ui/react-slot@1.3.3 deduped
│ ├── @radix-ui/react-use-controllable-state@1.2.6 deduped
│ ├── @types/react-dom@19.2.7 deduped
│ ├── @types/react@19.2.18 deduped
│ ├── aria-hidden@1.2.6 deduped
│ ├── react-dom@19.2.8 deduped
│ ├── react-remove-scroll@2.7.2 deduped
│ └── react@19.2.8 deduped
├─┬ @radix-ui/react-progress@1.1.16
│ ├── @radix-ui/react-context@1.2.2 deduped
│ ├── @radix-ui/react-primitive@2.1.10 deduped
│ ├── @types/react-dom@19.2.7 deduped
│ ├── @types/react@19.2.18 deduped
│ ├── react-dom@19.2.8 deduped
│ └── react@19.2.8 deduped
├─┬ @radix-ui/react-radio-group@1.4.7
│ ├── @radix-ui/primitive@1.1.7 deduped
│ ├── @radix-ui/react-compose-refs@1.1.5 deduped
│ ├── @radix-ui/react-context@1.2.2 deduped
│ ├── @radix-ui/react-direction@1.1.4 deduped
│ ├── @radix-ui/react-presence@1.1.10 deduped
│ ├── @radix-ui/react-primitive@2.1.10 deduped
│ ├─┬ @radix-ui/react-roving-focus@1.1.19
│ │ ├── @radix-ui/primitive@1.1.7 deduped
│ │ ├── @radix-ui/react-collection@1.1.15 deduped
│ │ ├── @radix-ui/react-compose-refs@1.1.5 deduped
│ │ ├── @radix-ui/react-context@1.2.2 deduped
│ │ ├── @radix-ui/react-direction@1.1.4 deduped
│ │ ├── @radix-ui/react-id@1.1.4 deduped
│ │ ├── @radix-ui/react-primitive@2.1.10 deduped
│ │ ├── @radix-ui/react-use-callback-ref@1.1.4 deduped
│ │ ├── @radix-ui/react-use-controllable-state@1.2.6 deduped
│ │ ├── @radix-ui/react-use-is-hydrated@0.1.3 deduped
│ │ ├── @radix-ui/react-use-layout-effect@1.1.4 deduped
│ │ ├── @types/react-dom@19.2.7 deduped
│ │ ├── @types/react@19.2.18 deduped
│ │ ├── react-dom@19.2.8 deduped
│ │ └── react@19.2.8 deduped
│ ├── @radix-ui/react-use-controllable-state@1.2.6 deduped
│ ├── @radix-ui/react-use-size@1.1.4 deduped
│ ├── @types/react-dom@19.2.7 deduped
│ ├── @types/react@19.2.18 deduped
│ ├── react-dom@19.2.8 deduped
│ └── react@19.2.8 deduped
├─┬ @radix-ui/react-scroll-area@1.2.18
│ ├── @radix-ui/number@1.1.3
│ ├── @radix-ui/primitive@1.1.7 deduped
│ ├── @radix-ui/react-compose-refs@1.1.5 deduped
│ ├── @radix-ui/react-context@1.2.2 deduped
│ ├── @radix-ui/react-direction@1.1.4 deduped
│ ├── @radix-ui/react-presence@1.1.10 deduped
│ ├── @radix-ui/react-primitive@2.1.10 deduped
│ ├── @radix-ui/react-use-callback-ref@1.1.4 deduped
│ ├── @radix-ui/react-use-layout-effect@1.1.4 deduped
│ ├── @types/react-dom@19.2.7 deduped
│ ├── @types/react@19.2.18 deduped
│ ├── react-dom@19.2.8 deduped
│ └── react@19.2.8 deduped
├─┬ @radix-ui/react-select@2.3.7
│ ├── @radix-ui/number@1.1.3 deduped
│ ├── @radix-ui/primitive@1.1.7 deduped
│ ├── @radix-ui/react-collection@1.1.15 deduped
│ ├── @radix-ui/react-compose-refs@1.1.5 deduped
│ ├── @radix-ui/react-context@1.2.2 deduped
│ ├── @radix-ui/react-direction@1.1.4 deduped
│ ├── @radix-ui/react-dismissable-layer@1.1.19 deduped
│ ├── @radix-ui/react-focus-guards@1.1.6 deduped
│ ├── @radix-ui/react-focus-scope@1.1.16 deduped
│ ├── @radix-ui/react-id@1.1.4 deduped
│ ├── @radix-ui/react-popper@1.3.7 deduped
│ ├── @radix-ui/react-portal@1.1.17 deduped
│ ├── @radix-ui/react-presence@1.1.10 deduped
│ ├── @radix-ui/react-primitive@2.1.10 deduped
│ ├── @radix-ui/react-slot@1.3.3 deduped
│ ├── @radix-ui/react-use-callback-ref@1.1.4 deduped
│ ├── @radix-ui/react-use-controllable-state@1.2.6 deduped
│ ├── @radix-ui/react-use-layout-effect@1.1.4 deduped
│ ├─┬ @radix-ui/react-use-previous@1.1.4
│ │ ├── @types/react@19.2.18 deduped
│ │ └── react@19.2.8 deduped
│ ├─┬ @radix-ui/react-visually-hidden@1.2.11
│ │ ├── @radix-ui/react-primitive@2.1.10 deduped
│ │ ├── @types/react-dom@19.2.7 deduped
│ │ ├── @types/react@19.2.18 deduped
│ │ ├── react-dom@19.2.8 deduped
│ │ └── react@19.2.8 deduped
│ ├── @types/react-dom@19.2.7 deduped
│ ├── @types/react@19.2.18 deduped
│ ├── aria-hidden@1.2.6 deduped
│ ├── react-dom@19.2.8 deduped
│ ├── react-remove-scroll@2.7.2 deduped
│ └── react@19.2.8 deduped
├─┬ @radix-ui/react-separator@1.1.15
│ ├── @radix-ui/react-primitive@2.1.10 deduped
│ ├── @types/react-dom@19.2.7 deduped
│ ├── @types/react@19.2.18 deduped
│ ├── react-dom@19.2.8 deduped
│ └── react@19.2.8 deduped
├─┬ @radix-ui/react-slider@1.4.7
│ ├── @radix-ui/number@1.1.3 deduped
│ ├── @radix-ui/primitive@1.1.7 deduped
│ ├── @radix-ui/react-collection@1.1.15 deduped
│ ├── @radix-ui/react-compose-refs@1.1.5 deduped
│ ├── @radix-ui/react-context@1.2.2 deduped
│ ├── @radix-ui/react-direction@1.1.4 deduped
│ ├── @radix-ui/react-primitive@2.1.10 deduped
│ ├── @radix-ui/react-use-controllable-state@1.2.6 deduped
│ ├── @radix-ui/react-use-layout-effect@1.1.4 deduped
│ ├── @radix-ui/react-use-previous@1.1.4 deduped
│ ├── @radix-ui/react-use-size@1.1.4 deduped
│ ├── @types/react-dom@19.2.7 deduped
│ ├── @types/react@19.2.18 deduped
│ ├── react-dom@19.2.8 deduped
│ └── react@19.2.8 deduped
├─┬ @radix-ui/react-slot@1.3.3
│ ├── @radix-ui/react-compose-refs@1.1.5 deduped
│ ├── @types/react@19.2.18 deduped
│ └── react@19.2.8 deduped
├─┬ @radix-ui/react-switch@1.3.7
│ ├── @radix-ui/primitive@1.1.7 deduped
│ ├── @radix-ui/react-compose-refs@1.1.5 deduped
│ ├── @radix-ui/react-context@1.2.2 deduped
│ ├── @radix-ui/react-primitive@2.1.10 deduped
│ ├── @radix-ui/react-use-controllable-state@1.2.6 deduped
│ ├── @radix-ui/react-use-size@1.1.4 deduped
│ ├── @types/react-dom@19.2.7 deduped
│ ├── @types/react@19.2.18 deduped
│ ├── react-dom@19.2.8 deduped
│ └── react@19.2.8 deduped
├─┬ @radix-ui/react-tabs@1.1.21
│ ├── @radix-ui/primitive@1.1.7 deduped
│ ├── @radix-ui/react-context@1.2.2 deduped
│ ├── @radix-ui/react-direction@1.1.4 deduped
│ ├── @radix-ui/react-id@1.1.4 deduped
│ ├── @radix-ui/react-presence@1.1.10 deduped
│ ├── @radix-ui/react-primitive@2.1.10 deduped
│ ├── @radix-ui/react-roving-focus@1.1.19 deduped
│ ├── @radix-ui/react-use-controllable-state@1.2.6 deduped
│ ├── @types/react-dom@19.2.7 deduped
│ ├── @types/react@19.2.18 deduped
│ ├── react-dom@19.2.8 deduped
│ └── react@19.2.8 deduped
├─┬ @radix-ui/react-toggle-group@1.1.19
│ ├── @radix-ui/primitive@1.1.7 deduped
│ ├── @radix-ui/react-context@1.2.2 deduped
│ ├── @radix-ui/react-direction@1.1.4 deduped
│ ├── @radix-ui/react-primitive@2.1.10 deduped
│ ├── @radix-ui/react-roving-focus@1.1.19 deduped
│ ├── @radix-ui/react-toggle@1.1.18 deduped
│ ├── @radix-ui/react-use-controllable-state@1.2.6 deduped
│ ├── @types/react-dom@19.2.7 deduped
│ ├── @types/react@19.2.18 deduped
│ ├── react-dom@19.2.8 deduped
│ └── react@19.2.8 deduped
├─┬ @radix-ui/react-toggle@1.1.18
│ ├── @radix-ui/primitive@1.1.7 deduped
│ ├── @radix-ui/react-primitive@2.1.10 deduped
│ ├── @radix-ui/react-use-controllable-state@1.2.6 deduped
│ ├── @types/react-dom@19.2.7 deduped
│ ├── @types/react@19.2.18 deduped
│ ├── react-dom@19.2.8 deduped
│ └── react@19.2.8 deduped
├─┬ @radix-ui/react-tooltip@1.2.16
│ ├── @radix-ui/primitive@1.1.7 deduped
│ ├── @radix-ui/react-compose-refs@1.1.5 deduped
│ ├── @radix-ui/react-context@1.2.2 deduped
│ ├── @radix-ui/react-dismissable-layer@1.1.19 deduped
│ ├── @radix-ui/react-id@1.1.4 deduped
│ ├── @radix-ui/react-popper@1.3.7 deduped
│ ├── @radix-ui/react-portal@1.1.17 deduped
│ ├── @radix-ui/react-presence@1.1.10 deduped
│ ├── @radix-ui/react-primitive@2.1.10 deduped
│ ├── @radix-ui/react-slot@1.3.3 deduped
│ ├── @radix-ui/react-use-controllable-state@1.2.6 deduped
│ ├── @radix-ui/react-use-layout-effect@1.1.4 deduped
│ ├── @radix-ui/react-visually-hidden@1.2.11 deduped
│ ├── @types/react-dom@19.2.7 deduped
│ ├── @types/react@19.2.18 deduped
│ ├── react-dom@19.2.8 deduped
│ └── react@19.2.8 deduped
├─┬ @tailwindcss/vite@4.3.3
│ ├─┬ @tailwindcss/node@4.3.3
│ │ ├─┬ @jridgewell/remapping@2.3.5
│ │ │ ├─┬ @jridgewell/gen-mapping@0.3.13
│ │ │ │ ├── @jridgewell/sourcemap-codec@1.6.0 deduped
│ │ │ │ └── @jridgewell/trace-mapping@0.3.31 deduped
│ │ │ └─┬ @jridgewell/trace-mapping@0.3.31
│ │ │   ├── @jridgewell/resolve-uri@3.1.2
│ │ │   └── @jridgewell/sourcemap-codec@1.6.0 deduped
│ │ ├─┬ enhanced-resolve@5.24.5
│ │ │ ├── graceful-fs@4.2.11 deduped
│ │ │ └── tapable@2.3.3
│ │ ├── jiti@2.7.0 deduped
│ │ ├─┬ lightningcss@1.32.0
│ │ │ ├── detect-libc@2.1.2 deduped
│ │ │ ├── UNMET OPTIONAL DEPENDENCY lightningcss-android-arm64@1.32.0
│ │ │ ├── UNMET OPTIONAL DEPENDENCY lightningcss-darwin-arm64@1.32.0
│ │ │ ├── UNMET OPTIONAL DEPENDENCY lightningcss-darwin-x64@1.32.0
│ │ │ ├── UNMET OPTIONAL DEPENDENCY lightningcss-freebsd-x64@1.32.0
│ │ │ ├── UNMET OPTIONAL DEPENDENCY lightningcss-linux-arm-gnueabihf@1.32.0
│ │ │ ├── UNMET OPTIONAL DEPENDENCY lightningcss-linux-arm64-gnu@1.32.0
│ │ │ ├── UNMET OPTIONAL DEPENDENCY lightningcss-linux-arm64-musl@1.32.0
│ │ │ ├── lightningcss-linux-x64-gnu@1.32.0
│ │ │ ├── lightningcss-linux-x64-musl@1.32.0
│ │ │ ├── UNMET OPTIONAL DEPENDENCY lightningcss-win32-arm64-msvc@1.32.0
│ │ │ └── UNMET OPTIONAL DEPENDENCY lightningcss-win32-x64-msvc@1.32.0
│ │ ├─┬ magic-string@0.30.21
│ │ │ └── @jridgewell/sourcemap-codec@1.6.0
│ │ ├── source-map-js@1.2.1
│ │ └── tailwindcss@4.3.3 deduped
│ ├─┬ @tailwindcss/oxide@4.3.3
│ │ ├── UNMET OPTIONAL DEPENDENCY @tailwindcss/oxide-android-arm64@4.3.3
│ │ ├── UNMET OPTIONAL DEPENDENCY @tailwindcss/oxide-darwin-arm64@4.3.3
│ │ ├── UNMET OPTIONAL DEPENDENCY @tailwindcss/oxide-darwin-x64@4.3.3
│ │ ├── UNMET OPTIONAL DEPENDENCY @tailwindcss/oxide-freebsd-x64@4.3.3
│ │ ├── UNMET OPTIONAL DEPENDENCY @tailwindcss/oxide-linux-arm-gnueabihf@4.3.3
│ │ ├── UNMET OPTIONAL DEPENDENCY @tailwindcss/oxide-linux-arm64-gnu@4.3.3
│ │ ├── UNMET OPTIONAL DEPENDENCY @tailwindcss/oxide-linux-arm64-musl@4.3.3
│ │ ├── @tailwindcss/oxide-linux-x64-gnu@4.3.3
│ │ ├── @tailwindcss/oxide-linux-x64-musl@4.3.3
│ │ ├── UNMET OPTIONAL DEPENDENCY @tailwindcss/oxide-wasm32-wasi@4.3.3
│ │ ├── UNMET OPTIONAL DEPENDENCY @tailwindcss/oxide-win32-arm64-msvc@4.3.3
│ │ └── UNMET OPTIONAL DEPENDENCY @tailwindcss/oxide-win32-x64-msvc@4.3.3
│ ├── tailwindcss@4.3.3 deduped
│ └── vite@8.2.2 deduped
├─┬ @tanstack/react-query@5.102.8
│ ├── @tanstack/query-core@5.102.8
│ └── react@19.2.8 deduped
├─┬ @tanstack/react-router@1.170.32
│ ├── @tanstack/history@1.162.1
│ ├─┬ @tanstack/react-store@0.9.3
│ │ ├── @tanstack/store@0.9.3
│ │ ├── react-dom@19.2.8 deduped
│ │ ├── react@19.2.8 deduped
│ │ └── use-sync-external-store@1.6.0 deduped
│ ├─┬ @tanstack/router-core@1.171.27
│ │ ├── @tanstack/history@1.162.1 deduped
│ │ ├── cookie-es@3.1.1
│ │ ├─┬ seroval-plugins@1.6.4
│ │ │ └── seroval@1.6.4 deduped
│ │ └── seroval@1.6.4
│ ├── isbot@5.2.2
│ ├── react-dom@19.2.8 deduped
│ └── react@19.2.8 deduped
├─┬ @tanstack/react-start@1.168.49
│ ├── UNMET OPTIONAL DEPENDENCY @rsbuild/core@^2.0.0
│ ├── @tanstack/react-router@1.170.32 deduped
│ ├─┬ @tanstack/react-start-client@1.168.30
│ │ ├── @tanstack/react-router@1.170.32 deduped
│ │ ├── @tanstack/router-core@1.171.27 deduped
│ │ ├── @tanstack/start-client-core@1.170.27 deduped
│ │ ├── react-dom@19.2.8 deduped
│ │ └── react@19.2.8 deduped
│ ├─┬ @tanstack/react-start-rsc@0.1.48
│ │ ├── UNMET OPTIONAL DEPENDENCY @rspack/core@>=2.0.0-0
│ │ ├── @tanstack/react-router@1.170.32 deduped
│ │ ├── @tanstack/router-core@1.171.27 deduped
│ │ ├── @tanstack/router-utils@1.162.2 deduped
│ │ ├── @tanstack/start-client-core@1.170.27 deduped
│ │ ├── @tanstack/start-fn-stubs@1.162.0
│ │ ├── @tanstack/start-plugin-core@1.171.39 deduped
│ │ ├─┬ @tanstack/start-storage-context@1.167.29
│ │ │ └── @tanstack/router-core@1.171.27 deduped
│ │ ├── UNMET OPTIONAL DEPENDENCY @vitejs/plugin-rsc@>=0.5.30
│ │ ├── pathe@2.0.3 deduped
│ │ ├── react-dom@19.2.8 deduped
│ │ ├── UNMET OPTIONAL DEPENDENCY react-server-dom-rspack@>=0.0.2
│ │ └── react@19.2.8 deduped
│ ├─┬ @tanstack/react-start-server@1.167.37
│ │ ├── @tanstack/react-router@1.170.32 deduped
│ │ ├── @tanstack/router-core@1.171.27 deduped
│ │ ├── @tanstack/start-server-core@1.169.31 deduped
│ │ ├── react-dom@19.2.8 deduped
│ │ └── react@19.2.8 deduped
│ ├─┬ @tanstack/router-utils@1.162.2
│ │ ├─┬ @babel/generator@7.29.8
│ │ │ ├── @babel/parser@7.29.8 deduped
│ │ │ ├── @babel/types@7.29.8 deduped
│ │ │ ├── @jridgewell/gen-mapping@0.3.13 deduped
│ │ │ ├── @jridgewell/trace-mapping@0.3.31 deduped
│ │ │ └── jsesc@3.1.0
│ │ ├── @babel/parser@7.29.8 deduped
│ │ ├─┬ @babel/types@7.29.8
│ │ │ ├── @babel/helper-string-parser@7.29.7
│ │ │ └── @babel/helper-validator-identifier@7.29.7
│ │ ├── ansis@4.3.1
│ │ ├─┬ babel-dead-code-elimination@1.0.12
│ │ │ ├── @babel/core@7.29.7 deduped
│ │ │ ├── @babel/parser@7.29.8 deduped
│ │ │ ├── @babel/traverse@7.29.8 deduped
│ │ │ └── @babel/types@7.29.8 deduped
│ │ ├── diff@8.0.4
│ │ ├── pathe@2.0.3 deduped
│ │ └── tinyglobby@0.2.17 deduped
│ ├─┬ @tanstack/start-client-core@1.170.27
│ │ ├── @tanstack/router-core@1.171.27 deduped
│ │ ├── @tanstack/start-fn-stubs@1.162.0 deduped
│ │ ├── @tanstack/start-storage-context@1.167.29 deduped
│ │ └── seroval@1.6.4 deduped
│ ├─┬ @tanstack/start-plugin-core@1.171.39
│ │ ├─┬ @babel/code-frame@7.27.1
│ │ │ ├── @babel/helper-validator-identifier@7.29.7 deduped
│ │ │ ├── js-tokens@4.0.0
│ │ │ └── picocolors@1.1.1 deduped
│ │ ├── @babel/core@7.29.7 deduped
│ │ ├── @babel/types@7.29.8 deduped
│ │ ├── UNMET OPTIONAL DEPENDENCY @rsbuild/core@^2.0.0
│ │ ├── @tanstack/router-core@1.171.27 deduped
│ │ ├─┬ @tanstack/router-generator@1.167.33
│ │ │ ├── @babel/types@7.29.8 deduped
│ │ │ ├── @tanstack/router-core@1.171.27 deduped
│ │ │ ├── @tanstack/router-utils@1.162.2 deduped
│ │ │ ├── @tanstack/virtual-file-routes@1.162.0
│ │ │ ├── jiti@2.7.0 deduped
│ │ │ ├── magic-string@0.30.21 deduped
│ │ │ ├── prettier@3.9.6 deduped
│ │ │ └── zod@4.5.4 deduped
│ │ ├─┬ @tanstack/router-plugin@1.168.35
│ │ │ ├── @babel/core@7.29.7 deduped
│ │ │ ├── @babel/template@7.29.7 deduped
│ │ │ ├── @babel/types@7.29.8 deduped
│ │ │ ├── UNMET OPTIONAL DEPENDENCY @rsbuild/core@>=1.0.2 || ^2.0.0
│ │ │ ├── @tanstack/react-router@1.170.32 deduped
│ │ │ ├── @tanstack/router-core@1.171.27 deduped
│ │ │ ├── @tanstack/router-generator@1.167.33 deduped
│ │ │ ├── @tanstack/router-utils@1.162.2 deduped
│ │ │ ├── chokidar@5.0.0 deduped
│ │ │ ├─┬ unplugin@3.3.0
│ │ │ │ ├── UNMET OPTIONAL DEPENDENCY @farmfe/core@*
│ │ │ │ ├── @jridgewell/remapping@2.3.5 deduped
│ │ │ │ ├── UNMET OPTIONAL DEPENDENCY @rspack/core@*
│ │ │ │ ├── UNMET OPTIONAL DEPENDENCY bun-types-no-globals@*
│ │ │ │ ├── UNMET OPTIONAL DEPENDENCY esbuild@*
│ │ │ │ ├── picomatch@4.0.7 deduped
│ │ │ │ ├── rolldown@1.2.7 deduped
│ │ │ │ ├── UNMET OPTIONAL DEPENDENCY rollup@*
│ │ │ │ ├── UNMET OPTIONAL DEPENDENCY unloader@*
│ │ │ │ ├── vite@8.2.2 deduped
│ │ │ │ ├── webpack-virtual-modules@0.6.2
│ │ │ │ └── UNMET OPTIONAL DEPENDENCY webpack@*
│ │ │ ├── UNMET OPTIONAL DEPENDENCY vite-plugin-solid@^2.11.10 || ^3.0.0-0
│ │ │ ├── vite@8.2.2 deduped
│ │ │ ├── UNMET OPTIONAL DEPENDENCY webpack@>=5.92.0
│ │ │ └── zod@4.5.4 deduped
│ │ ├── @tanstack/router-utils@1.162.2 deduped
│ │ ├── @tanstack/start-server-core@1.169.31 deduped
│ │ ├── exsolve@1.1.1
│ │ ├── lightningcss@1.33.0 deduped
│ │ ├── pathe@2.0.3 deduped
│ │ ├── picomatch@4.0.7 deduped
│ │ ├── seroval@1.6.4 deduped
│ │ ├── source-map@0.7.6
│ │ ├── srvx@0.11.22 deduped
│ │ ├── tinyglobby@0.2.17 deduped
│ │ ├── ufo@1.6.4
│ │ ├── vite@8.2.2 deduped
│ │ ├─┬ vitefu@1.1.3
│ │ │ └── vite@8.2.2 deduped
│ │ ├─┬ xmlbuilder2@4.0.3
│ │ │ ├─┬ @oozcitak/dom@2.0.2
│ │ │ │ ├── @oozcitak/infra@2.0.2 deduped
│ │ │ │ ├─┬ @oozcitak/url@3.0.0
│ │ │ │ │ ├── @oozcitak/infra@2.0.2 deduped
│ │ │ │ │ └── @oozcitak/util@10.0.0 deduped
│ │ │ │ └── @oozcitak/util@10.0.0 deduped
│ │ │ ├─┬ @oozcitak/infra@2.0.2
│ │ │ │ └── @oozcitak/util@10.0.0 deduped
│ │ │ ├── @oozcitak/util@10.0.0
│ │ │ └── js-yaml@4.3.2 deduped
│ │ └── zod@4.5.4 deduped
│ ├─┬ @tanstack/start-server-core@1.169.31
│ │ ├── @tanstack/history@1.162.1 deduped
│ │ ├── @tanstack/router-core@1.171.27 deduped
│ │ ├── @tanstack/start-client-core@1.170.27 deduped
│ │ ├── @tanstack/start-storage-context@1.167.29 deduped
│ │ ├── fetchdts@0.1.7
│ │ ├─┬ h3-v2@npm:h3@2.0.1-rc.20
│ │ │ ├── crossws@0.4.12 deduped
│ │ │ ├── rou3@0.8.1
│ │ │ └── srvx@0.11.22 deduped
│ │ └── seroval@1.6.4 deduped
│ ├── pathe@2.0.3
│ ├── react-dom@19.2.8 deduped
│ ├── react@19.2.8 deduped
│ └── vite@8.2.2 deduped
├─┬ @tanstack/react-table@8.21.3
│ ├── @tanstack/table-core@8.21.3
│ ├── react-dom@19.2.8 deduped
│ └── react@19.2.8 deduped
├─┬ @types/node@22.20.1
│ └── undici-types@6.21.0
├─┬ @types/pg@8.23.1
│ ├── @types/node@22.20.1 deduped
│ ├── pg-protocol@1.16.0
│ └─┬ pg-types@2.2.0
│   ├── pg-int8@1.0.1
│   ├── postgres-array@2.0.0
│   ├── postgres-bytea@1.0.1
│   ├── postgres-date@1.0.7
│   └─┬ postgres-interval@1.2.0
│     └── xtend@4.0.2
├─┬ @types/react-dom@19.2.7
│ └── @types/react@19.2.18 deduped
├─┬ @types/react@19.2.18
│ └── csstype@3.2.3
├─┬ @vitejs/plugin-react@5.2.0
│ ├─┬ @babel/core@7.29.7
│ │ ├─┬ @babel/code-frame@7.29.7
│ │ │ ├── @babel/helper-validator-identifier@7.29.7 deduped
│ │ │ ├── js-tokens@4.0.0 deduped
│ │ │ └── picocolors@1.1.1 deduped
│ │ ├── @babel/generator@7.29.8 deduped
│ │ ├─┬ @babel/helper-compilation-targets@7.29.7
│ │ │ ├── @babel/compat-data@7.29.7
│ │ │ ├── @babel/helper-validator-option@7.29.7
│ │ │ ├─┬ browserslist@4.28.8
│ │ │ │ ├── baseline-browser-mapping@2.11.21
│ │ │ │ ├── caniuse-lite@1.0.30001810
│ │ │ │ ├── electron-to-chromium@1.5.420
│ │ │ │ ├── node-releases@2.0.54
│ │ │ │ └─┬ update-browserslist-db@1.3.2
│ │ │ │   ├── browserslist@4.28.8 deduped
│ │ │ │   ├── escalade@3.2.0
│ │ │ │   └── picocolors@1.1.1 deduped
│ │ │ ├─┬ lru-cache@5.1.1
│ │ │ │ └── yallist@3.1.1
│ │ │ └── semver@6.3.1 deduped
│ │ ├─┬ @babel/helper-module-transforms@7.29.7
│ │ │ ├── @babel/core@7.29.7 deduped
│ │ │ ├─┬ @babel/helper-module-imports@7.29.7
│ │ │ │ ├── @babel/traverse@7.29.8 deduped
│ │ │ │ └── @babel/types@7.29.8 deduped
│ │ │ ├── @babel/helper-validator-identifier@7.29.7 deduped
│ │ │ └── @babel/traverse@7.29.8 deduped
│ │ ├─┬ @babel/helpers@7.29.7
│ │ │ ├── @babel/template@7.29.7 deduped
│ │ │ └── @babel/types@7.29.8 deduped
│ │ ├── @babel/parser@7.29.8 deduped
│ │ ├─┬ @babel/template@7.29.7
│ │ │ ├── @babel/code-frame@7.29.7 deduped
│ │ │ ├── @babel/parser@7.29.8 deduped
│ │ │ └── @babel/types@7.29.8 deduped
│ │ ├─┬ @babel/traverse@7.29.8
│ │ │ ├── @babel/code-frame@7.29.7 deduped
│ │ │ ├── @babel/generator@7.29.8 deduped
│ │ │ ├── @babel/helper-globals@7.29.7
│ │ │ ├── @babel/parser@7.29.8 deduped
│ │ │ ├── @babel/template@7.29.7 deduped
│ │ │ ├── @babel/types@7.29.8 deduped
│ │ │ └── debug@4.4.3 deduped
│ │ ├── @babel/types@7.29.8 deduped
│ │ ├── @jridgewell/remapping@2.3.5 deduped
│ │ ├── convert-source-map@2.0.0
│ │ ├── debug@4.4.3 deduped
│ │ ├── gensync@1.0.0-beta.2
│ │ ├── json5@2.2.3
│ │ └── semver@6.3.1
│ ├─┬ @babel/plugin-transform-react-jsx-self@7.29.7
│ │ ├── @babel/core@7.29.7 deduped
│ │ └── @babel/helper-plugin-utils@7.29.7
│ ├─┬ @babel/plugin-transform-react-jsx-source@7.29.7
│ │ ├── @babel/core@7.29.7 deduped
│ │ └── @babel/helper-plugin-utils@7.29.7 deduped
│ ├── @rolldown/pluginutils@1.0.0-rc.3
│ ├─┬ @types/babel__core@7.20.5
│ │ ├── @babel/parser@7.29.8 deduped
│ │ ├── @babel/types@7.29.8 deduped
│ │ ├─┬ @types/babel__generator@7.27.0
│ │ │ └── @babel/types@7.29.8 deduped
│ │ ├─┬ @types/babel__template@7.4.4
│ │ │ ├── @babel/parser@7.29.8 deduped
│ │ │ └── @babel/types@7.29.8 deduped
│ │ └─┬ @types/babel__traverse@7.28.0
│ │   └── @babel/types@7.29.8 deduped
│ ├── react-refresh@0.18.0
│ └── vite@8.2.2 deduped
├─┬ better-auth@1.6.30
│ ├─┬ @better-auth/core@1.6.30
│ │ ├── @better-auth/utils@0.4.2 deduped
│ │ ├── @better-fetch/fetch@1.3.1 deduped
│ │ ├── UNMET OPTIONAL DEPENDENCY @cloudflare/workers-types@>=4
│ │ ├── UNMET OPTIONAL DEPENDENCY @opentelemetry/api@^1.9.0
│ │ ├── @opentelemetry/semantic-conventions@1.43.0
│ │ ├── @standard-schema/spec@1.1.0 deduped
│ │ ├── better-call@1.4.0 deduped
│ │ ├── jose@6.2.9 deduped
│ │ ├── kysely@0.28.17 deduped
│ │ ├── nanostores@1.5.3 deduped
│ │ └── zod@4.5.4 deduped
│ ├─┬ @better-auth/drizzle-adapter@1.6.30
│ │ ├── @better-auth/core@1.6.30 deduped
│ │ ├── @better-auth/utils@0.4.2 deduped
│ │ └── UNMET OPTIONAL DEPENDENCY drizzle-orm@^0.45.2
│ ├─┬ @better-auth/kysely-adapter@1.6.30
│ │ ├── @better-auth/core@1.6.30 deduped
│ │ ├── @better-auth/utils@0.4.2 deduped
│ │ └── kysely@0.28.17 deduped
│ ├─┬ @better-auth/memory-adapter@1.6.30
│ │ ├── @better-auth/core@1.6.30 deduped
│ │ └── @better-auth/utils@0.4.2 deduped
│ ├─┬ @better-auth/mongo-adapter@1.6.30
│ │ ├── @better-auth/core@1.6.30 deduped
│ │ ├── @better-auth/utils@0.4.2 deduped
│ │ └── UNMET OPTIONAL DEPENDENCY mongodb@^6.0.0 || ^7.0.0
│ ├─┬ @better-auth/prisma-adapter@1.6.30
│ │ ├── @better-auth/core@1.6.30 deduped
│ │ ├── @better-auth/utils@0.4.2 deduped
│ │ ├── UNMET OPTIONAL DEPENDENCY @prisma/client@^5.0.0 || ^6.0.0 || ^7.0.0
│ │ └── UNMET OPTIONAL DEPENDENCY prisma@^5.0.0 || ^6.0.0 || ^7.0.0
│ ├─┬ @better-auth/telemetry@1.6.30
│ │ ├── @better-auth/core@1.6.30 deduped
│ │ ├── @better-auth/utils@0.4.2 deduped
│ │ └── @better-fetch/fetch@1.3.1 deduped
│ ├─┬ @better-auth/utils@0.4.2
│ │ └── @noble/hashes@2.4.0 deduped
│ ├── @better-fetch/fetch@1.3.1
│ ├── UNMET OPTIONAL DEPENDENCY @lynx-js/react@*
│ ├── @noble/ciphers@2.4.0
│ ├── @noble/hashes@2.4.0
│ ├── UNMET OPTIONAL DEPENDENCY @prisma/client@^5.0.0 || ^6.0.0 || ^7.0.0
│ ├── UNMET OPTIONAL DEPENDENCY @sveltejs/kit@^2.0.0
│ ├── @tanstack/react-start@1.168.49 deduped
│ ├── UNMET OPTIONAL DEPENDENCY @tanstack/solid-start@^1.0.0
│ ├─┬ better-call@1.4.0
│ │ ├─┬ @better-auth/utils@0.5.0
│ │ │ └── @noble/hashes@2.4.0 deduped
│ │ ├── @better-fetch/fetch@1.3.1 deduped
│ │ ├── rou3@0.9.2
│ │ ├── set-cookie-parser@3.1.2
│ │ └── zod@4.5.4 deduped
│ ├── UNMET OPTIONAL DEPENDENCY better-sqlite3@^12.0.0
│ ├── defu@6.1.7
│ ├── UNMET OPTIONAL DEPENDENCY drizzle-kit@>=0.31.4
│ ├── UNMET OPTIONAL DEPENDENCY drizzle-orm@^0.45.2
│ ├── jose@6.2.9 deduped
│ ├── kysely@0.28.17 deduped
│ ├── UNMET OPTIONAL DEPENDENCY mongodb@^6.0.0 || ^7.0.0
│ ├── UNMET OPTIONAL DEPENDENCY mysql2@^3.0.0
│ ├── nanostores@1.5.3
│ ├── UNMET OPTIONAL DEPENDENCY next@^14.0.0 || ^15.0.0 || ^16.0.0
│ ├── pg@8.23.0 deduped
│ ├── UNMET OPTIONAL DEPENDENCY prisma@^5.0.0 || ^6.0.0 || ^7.0.0
│ ├── react-dom@19.2.8 deduped
│ ├── react@19.2.8 deduped
│ ├── UNMET OPTIONAL DEPENDENCY solid-js@^1.0.0
│ ├── UNMET OPTIONAL DEPENDENCY svelte@^4.0.0 || ^5.0.0
│ ├── UNMET OPTIONAL DEPENDENCY vitest@^2.0.0 || ^3.0.0 || ^4.0.0
│ ├── UNMET OPTIONAL DEPENDENCY vue@^3.0.0
│ └── zod@4.5.4 deduped
├─┬ class-variance-authority@0.7.1
│ └── clsx@2.1.1 deduped
├── clsx@2.1.1
├─┬ cmdk@1.1.1
│ ├── @radix-ui/react-compose-refs@1.1.5 deduped
│ ├── @radix-ui/react-dialog@1.1.23 deduped
│ ├── @radix-ui/react-id@1.1.4 deduped
│ ├── @radix-ui/react-primitive@2.1.10 deduped
│ ├── react-dom@19.2.8 deduped
│ └── react@19.2.8 deduped
├── date-fns@4.4.0
├─┬ eslint-config-prettier@10.1.8
│ └── eslint@9.39.5 deduped
├─┬ eslint-plugin-prettier@5.5.6
│ ├── UNMET OPTIONAL DEPENDENCY @types/eslint@>=8.0.0
│ ├── eslint-config-prettier@10.1.8 deduped
│ ├── eslint@9.39.5 deduped
│ ├─┬ prettier-linter-helpers@1.0.1
│ │ └── fast-diff@1.3.0
│ ├── prettier@3.9.6 deduped
│ └─┬ synckit@0.11.13
│   └── @pkgr/core@0.3.6
├─┬ eslint-plugin-react-hooks@6.1.1
│ ├── @babel/core@7.29.7 deduped
│ ├─┬ @babel/parser@7.29.8
│ │ └── @babel/types@7.29.8 deduped
│ ├── eslint@9.39.5 deduped
│ ├─┬ zod-validation-error@4.0.2
│ │ └── zod@4.5.4 deduped
│ └── zod@4.5.4 deduped
├─┬ eslint-plugin-react-refresh@0.4.26
│ └── eslint@9.39.5 deduped
├─┬ eslint@9.39.5
│ ├─┬ @eslint-community/eslint-utils@4.10.1
│ │ ├── eslint-visitor-keys@3.4.3
│ │ └── eslint@9.39.5 deduped
│ ├── @eslint-community/regexpp@4.12.2
│ ├─┬ @eslint/config-array@0.21.2
│ │ ├── @eslint/object-schema@2.1.7
│ │ ├── debug@4.4.3 deduped
│ │ └── minimatch@3.1.5 deduped
│ ├─┬ @eslint/config-helpers@0.4.2
│ │ └── @eslint/core@0.17.0 deduped
│ ├─┬ @eslint/core@0.17.0
│ │ └── @types/json-schema@7.0.15
│ ├─┬ @eslint/eslintrc@3.3.7
│ │ ├─┬ ajv@6.15.0
│ │ │ ├── fast-deep-equal@3.1.3 deduped
│ │ │ ├── fast-json-stable-stringify@2.1.0 deduped
│ │ │ ├── json-schema-traverse@0.4.1
│ │ │ └── uri-js@4.4.1 deduped
│ │ ├── debug@4.4.3 deduped
│ │ ├── espree@10.4.0 deduped
│ │ ├── globals@14.0.0
│ │ ├── ignore@5.3.2 deduped
│ │ ├─┬ import-fresh@3.3.1
│ │ │ ├─┬ parent-module@1.0.1
│ │ │ │ └── callsites@3.1.0
│ │ │ └── resolve-from@4.0.0
│ │ ├─┬ js-yaml@4.3.2
│ │ │ └── argparse@2.0.1
│ │ ├── minimatch@3.1.5 deduped
│ │ └── strip-json-comments@3.1.1
│ ├── @eslint/js@9.39.5 deduped
│ ├─┬ @eslint/plugin-kit@0.4.1
│ │ ├── @eslint/core@0.17.0 deduped
│ │ └─┬ levn@0.4.1
│ │   ├── prelude-ls@1.2.1 deduped
│ │   └── type-check@0.4.0 deduped
│ ├─┬ @humanfs/node@0.16.8
│ │ ├─┬ @humanfs/core@0.19.2
│ │ │ └── @humanfs/types@0.15.0 deduped
│ │ ├── @humanfs/types@0.15.0
│ │ └── @humanwhocodes/retry@0.4.3 deduped
│ ├── @humanwhocodes/module-importer@1.0.1
│ ├── @humanwhocodes/retry@0.4.3
│ ├── @types/estree@1.0.9
│ ├─┬ ajv@6.15.0
│ │ ├── fast-deep-equal@3.1.3 deduped
│ │ ├── fast-json-stable-stringify@2.1.0
│ │ ├── json-schema-traverse@0.4.1
│ │ └─┬ uri-js@4.4.1
│ │   └── punycode@2.3.1
│ ├─┬ chalk@4.1.2
│ │ ├─┬ ansi-styles@4.3.0
│ │ │ └─┬ color-convert@2.0.1
│ │ │   └── color-name@1.1.4
│ │ └─┬ supports-color@7.2.0
│ │   └── has-flag@4.0.0
│ ├─┬ cross-spawn@7.0.6
│ │ ├── path-key@3.1.1
│ │ ├─┬ shebang-command@2.0.0
│ │ │ └── shebang-regex@3.0.0
│ │ └─┬ which@2.0.2
│ │   └── isexe@2.0.0
│ ├── debug@4.4.3 deduped
│ ├── escape-string-regexp@4.0.0
│ ├─┬ eslint-scope@8.4.0
│ │ ├─┬ esrecurse@4.3.0
│ │ │ └── estraverse@5.3.0 deduped
│ │ └── estraverse@5.3.0
│ ├── eslint-visitor-keys@4.2.1
│ ├─┬ espree@10.4.0
│ │ ├─┬ acorn-jsx@5.3.2
│ │ │ └── acorn@8.18.0 deduped
│ │ ├── acorn@8.18.0
│ │ └── eslint-visitor-keys@4.2.1 deduped
│ ├─┬ esquery@1.7.0
│ │ └── estraverse@5.3.0 deduped
│ ├── esutils@2.0.3
│ ├── fast-deep-equal@3.1.3
│ ├─┬ file-entry-cache@8.0.0
│ │ └─┬ flat-cache@4.0.1
│ │   ├── flatted@3.4.4
│ │   └─┬ keyv@4.5.4
│ │     └── json-buffer@3.0.1
│ ├─┬ find-up@5.0.0
│ │ ├─┬ locate-path@6.0.0
│ │ │ └─┬ p-locate@5.0.0
│ │ │   └─┬ p-limit@3.1.0
│ │ │     └── yocto-queue@0.1.0
│ │ └── path-exists@4.0.0
│ ├─┬ glob-parent@6.0.2
│ │ └── is-glob@4.0.3 deduped
│ ├── ignore@5.3.2
│ ├── imurmurhash@0.1.4
│ ├─┬ is-glob@4.0.3
│ │ └── is-extglob@2.1.1
│ ├── jiti@2.7.0
│ ├── json-stable-stringify-without-jsonify@1.0.1
│ ├── lodash.merge@4.6.2
│ ├─┬ minimatch@3.1.5
│ │ └─┬ brace-expansion@1.1.18
│ │   ├── balanced-match@1.0.2
│ │   └── concat-map@0.0.1
│ ├── natural-compare@1.4.0
│ └─┬ optionator@0.9.4
│   ├── deep-is@0.1.4
│   ├── fast-levenshtein@2.0.6
│   ├── levn@0.4.1 deduped
│   ├── prelude-ls@1.2.1
│   ├─┬ type-check@0.4.0
│   │ └── prelude-ls@1.2.1 deduped
│   └── word-wrap@1.2.5
├── globals@15.15.0
├── jose@6.2.9
├── kysely@0.28.17
├─┬ lightningcss@1.33.0
│ ├── detect-libc@2.1.2
│ ├── UNMET OPTIONAL DEPENDENCY lightningcss-android-arm64@1.33.0
│ ├── UNMET OPTIONAL DEPENDENCY lightningcss-darwin-arm64@1.33.0
│ ├── UNMET OPTIONAL DEPENDENCY lightningcss-darwin-x64@1.33.0
│ ├── UNMET OPTIONAL DEPENDENCY lightningcss-freebsd-x64@1.33.0
│ ├── UNMET OPTIONAL DEPENDENCY lightningcss-linux-arm-gnueabihf@1.33.0
│ ├── UNMET OPTIONAL DEPENDENCY lightningcss-linux-arm64-gnu@1.33.0
│ ├── UNMET OPTIONAL DEPENDENCY lightningcss-linux-arm64-musl@1.33.0
│ ├── lightningcss-linux-x64-gnu@1.33.0
│ ├── lightningcss-linux-x64-musl@1.33.0
│ ├── UNMET OPTIONAL DEPENDENCY lightningcss-win32-arm64-msvc@1.33.0
│ └── UNMET OPTIONAL DEPENDENCY lightningcss-win32-x64-msvc@1.33.0
├── lru-cache@11.5.2
├─┬ lucide-react@0.510.0
│ └── react@19.2.8 deduped
├─┬ nitro@3.0.260610-beta
│ ├── UNMET OPTIONAL DEPENDENCY @vercel/queue@^0.3.0
│ ├── consola@3.4.2
│ ├─┬ crossws@0.4.12
│ │ └── srvx@0.11.22 deduped
│ ├─┬ db0@0.3.4
│ │ ├── @electric-sql/pglite@0.5.8 deduped
│ │ ├── UNMET OPTIONAL DEPENDENCY @libsql/client@*
│ │ ├── UNMET OPTIONAL DEPENDENCY better-sqlite3@*
│ │ ├── UNMET OPTIONAL DEPENDENCY drizzle-orm@*
│ │ ├── UNMET OPTIONAL DEPENDENCY mysql2@*
│ │ └── UNMET OPTIONAL DEPENDENCY sqlite3@*
│ ├── UNMET OPTIONAL DEPENDENCY dotenv@*
│ ├─┬ env-runner@0.1.16
│ │ ├── UNMET OPTIONAL DEPENDENCY @netlify/runtime@^4.1.23
│ │ ├── UNMET OPTIONAL DEPENDENCY @vercel/queue@>=0.2.0
│ │ ├── crossws@0.4.12 deduped
│ │ ├── exsolve@1.1.1 deduped
│ │ ├── httpxy@0.5.5
│ │ ├── UNMET OPTIONAL DEPENDENCY miniflare@^4.20260515.0
│ │ ├── srvx@0.11.22 deduped
│ │ └── UNMET OPTIONAL DEPENDENCY wrangler@^4.0.0
│ ├── UNMET OPTIONAL DEPENDENCY giget@*
│ ├─┬ h3@2.0.1-rc.22
│ │ ├── crossws@0.4.12 deduped
│ │ ├── rou3@0.8.1
│ │ └── srvx@0.11.22 deduped
│ ├── hookable@6.1.1
│ ├── jiti@2.7.0 deduped
│ ├── nf3@0.3.17 overridden
│ ├─┬ ocache@0.1.5
│ │ └── ohash@2.0.12 deduped
│ ├── ofetch@2.0.0-alpha.3
│ ├── ohash@2.0.12
│ ├─┬ rolldown@1.2.7
│ │ ├── @oxc-project/types@0.148.0
│ │ ├── UNMET OPTIONAL DEPENDENCY @rolldown/binding-android-arm-eabi@1.2.7
│ │ ├── UNMET OPTIONAL DEPENDENCY @rolldown/binding-android-arm64@1.2.7
│ │ ├── UNMET OPTIONAL DEPENDENCY @rolldown/binding-darwin-arm64@1.2.7
│ │ ├── UNMET OPTIONAL DEPENDENCY @rolldown/binding-darwin-x64@1.2.7
│ │ ├── UNMET OPTIONAL DEPENDENCY @rolldown/binding-freebsd-x64@1.2.7
│ │ ├── UNMET OPTIONAL DEPENDENCY @rolldown/binding-linux-arm-gnueabihf@1.2.7
│ │ ├── UNMET OPTIONAL DEPENDENCY @rolldown/binding-linux-arm64-gnu@1.2.7
│ │ ├── UNMET OPTIONAL DEPENDENCY @rolldown/binding-linux-arm64-musl@1.2.7
│ │ ├── UNMET OPTIONAL DEPENDENCY @rolldown/binding-linux-ppc64-gnu@1.2.7
│ │ ├── UNMET OPTIONAL DEPENDENCY @rolldown/binding-linux-s390x-gnu@1.2.7
│ │ ├── @rolldown/binding-linux-x64-gnu@1.2.7
│ │ ├── @rolldown/binding-linux-x64-musl@1.2.7
│ │ ├── UNMET OPTIONAL DEPENDENCY @rolldown/binding-openharmony-arm64@1.2.7
│ │ ├── UNMET OPTIONAL DEPENDENCY @rolldown/binding-win32-arm64-msvc@1.2.7
│ │ ├── UNMET OPTIONAL DEPENDENCY @rolldown/binding-win32-x64-msvc@1.2.7
│ │ └── @rolldown/pluginutils@1.0.1
│ ├── UNMET OPTIONAL DEPENDENCY rollup@^4.61.1
│ ├── srvx@0.11.22
│ ├─┬ unenv@2.0.0-rc.24
│ │ └── pathe@2.0.3 deduped
│ ├─┬ unstorage@2.0.0-alpha.7
│ │ ├── UNMET OPTIONAL DEPENDENCY @azure/app-configuration@^1.11.0
│ │ ├── UNMET OPTIONAL DEPENDENCY @azure/cosmos@^4.9.1
│ │ ├── UNMET OPTIONAL DEPENDENCY @azure/data-tables@^13.3.2
│ │ ├── UNMET OPTIONAL DEPENDENCY @azure/identity@^4.13.0
│ │ ├── UNMET OPTIONAL DEPENDENCY @azure/keyvault-secrets@^4.10.0
│ │ ├── UNMET OPTIONAL DEPENDENCY @azure/storage-blob@^12.31.0
│ │ ├── UNMET OPTIONAL DEPENDENCY @capacitor/preferences@^6 || ^7 || ^8
│ │ ├── UNMET OPTIONAL DEPENDENCY @deno/kv@>=0.13.0
│ │ ├── UNMET OPTIONAL DEPENDENCY @netlify/blobs@^6.5.0 || ^7.0.0 || ^8.1.0 || ^9.0.0 || ^10.0.0
│ │ ├── UNMET OPTIONAL DEPENDENCY @planetscale/database@^1.19.0
│ │ ├── UNMET OPTIONAL DEPENDENCY @upstash/redis@^1.36.2
│ │ ├── UNMET OPTIONAL DEPENDENCY @vercel/blob@>=0.27.3
│ │ ├── UNMET OPTIONAL DEPENDENCY @vercel/functions@^2.2.12 || ^3.0.0
│ │ ├── UNMET OPTIONAL DEPENDENCY @vercel/kv@^1.0.1
│ │ ├── UNMET OPTIONAL DEPENDENCY aws4fetch@^1.0.20
│ │ ├─┬ chokidar@5.0.0
│ │ │ └── readdirp@5.1.1
│ │ ├── db0@0.3.4 deduped
│ │ ├── UNMET OPTIONAL DEPENDENCY idb-keyval@^6.2.2
│ │ ├── UNMET OPTIONAL DEPENDENCY ioredis@^5.9.3
│ │ ├── lru-cache@11.5.2 deduped
│ │ ├── UNMET OPTIONAL DEPENDENCY mongodb@^6 || ^7
│ │ ├── ofetch@2.0.0-alpha.3 deduped
│ │ └── UNMET OPTIONAL DEPENDENCY uploadthing@^7.7.4
│ ├── vite@8.2.2 deduped
│ ├── xml2js@0.6.2 deduped
│ └── UNMET OPTIONAL DEPENDENCY zephyr-agent@^0.2.0
├─┬ pg@8.23.0
│ ├── pg-cloudflare@1.4.0
│ ├── pg-connection-string@2.14.0
│ ├── UNMET OPTIONAL DEPENDENCY pg-native@>=3.0.1
│ ├─┬ pg-pool@3.14.0
│ │ └── pg@8.23.0 deduped
│ ├── pg-protocol@1.16.0 deduped
│ ├── pg-types@2.2.0 deduped
│ └─┬ pgpass@1.0.5
│   └── split2@4.2.0 deduped
├─┬ playwright@1.62.1
│ ├── UNMET OPTIONAL DEPENDENCY fsevents@2.3.2
│ └── playwright-core@1.62.1
├── prettier@3.9.6
├─┬ react-day-picker@9.14.0
│ ├── @date-fns/tz@1.5.0
│ ├── @tabby_ai/hijri-converter@1.0.5
│ ├── date-fns-jalali@4.1.0-0
│ ├── date-fns@4.4.0 deduped
│ └── react@19.2.8 deduped
├─┬ react-dom@19.2.8
│ ├── react@19.2.8 deduped
│ └── scheduler@0.27.0
├─┬ react-hook-form@7.87.0
│ └── react@19.2.8 deduped
├─┬ react-resizable-panels@4.12.3
│ ├── react-dom@19.2.8 deduped
│ └── react@19.2.8 deduped
├── react@19.2.8
├─┬ recharts@2.15.4
│ ├── clsx@2.1.1 deduped
│ ├── eventemitter3@4.0.7
│ ├── lodash@4.18.1
│ ├── react-dom@19.2.8 deduped
│ ├── react-is@18.3.1
│ ├─┬ react-smooth@4.0.4
│ │ ├── fast-equals@5.4.2
│ │ ├─┬ prop-types@15.8.1
│ │ │ ├─┬ loose-envify@1.4.0
│ │ │ │ └── js-tokens@4.0.0 deduped
│ │ │ ├── object-assign@4.1.1
│ │ │ └── react-is@16.13.1
│ │ ├── react-dom@19.2.8 deduped
│ │ ├─┬ react-transition-group@4.4.5
│ │ │ ├── @babel/runtime@7.29.7
│ │ │ ├─┬ dom-helpers@5.2.1
│ │ │ │ ├── @babel/runtime@7.29.7 deduped
│ │ │ │ └── csstype@3.2.3 deduped
│ │ │ ├── loose-envify@1.4.0 deduped
│ │ │ ├── prop-types@15.8.1 deduped
│ │ │ ├── react-dom@19.2.8 deduped
│ │ │ └── react@19.2.8 deduped
│ │ └── react@19.2.8 deduped
│ ├── react@19.2.8 deduped
│ ├─┬ recharts-scale@0.4.5
│ │ └── decimal.js-light@2.5.1
│ ├── tiny-invariant@1.3.3
│ └─┬ victory-vendor@36.9.2
│   ├── @types/d3-array@3.2.2
│   ├── @types/d3-ease@3.0.2
│   ├─┬ @types/d3-interpolate@3.0.4
│   │ └── @types/d3-color@3.1.3
│   ├─┬ @types/d3-scale@4.0.9
│   │ └── @types/d3-time@3.0.4 deduped
│   ├─┬ @types/d3-shape@3.2.0
│   │ └── @types/d3-path@3.1.1
│   ├── @types/d3-time@3.0.4
│   ├── @types/d3-timer@3.0.2
│   ├─┬ d3-array@3.2.4
│   │ └── internmap@2.0.3
│   ├── d3-ease@3.0.1
│   ├─┬ d3-interpolate@3.0.1
│   │ └── d3-color@3.1.0
│   ├─┬ d3-scale@4.0.2
│   │ ├── d3-array@3.2.4 deduped
│   │ ├── d3-format@3.1.2
│   │ ├── d3-interpolate@3.0.1 deduped
│   │ ├─┬ d3-time-format@4.1.0
│   │ │ └── d3-time@3.1.0 deduped
│   │ └── d3-time@3.1.0 deduped
│   ├─┬ d3-shape@3.2.0
│   │ └── d3-path@3.1.0
│   ├─┬ d3-time@3.1.0
│   │ └── d3-array@3.2.4 deduped
│   └── d3-timer@3.0.1
├─┬ sonner@2.0.8
│ ├── @types/react@19.2.18 deduped
│ ├── react-dom@19.2.8 deduped
│ └── react@19.2.8 deduped
├── tailwind-merge@3.6.0
├── tailwindcss@4.3.3
├── tw-animate-css@1.4.0
├─┬ typescript-eslint@8.69.0
│ ├─┬ @typescript-eslint/eslint-plugin@8.69.0
│ │ ├── @eslint-community/regexpp@4.12.2 deduped
│ │ ├── @typescript-eslint/parser@8.69.0 deduped
│ │ ├─┬ @typescript-eslint/scope-manager@8.69.0
│ │ │ ├── @typescript-eslint/types@8.69.0 deduped
│ │ │ └── @typescript-eslint/visitor-keys@8.69.0 deduped
│ │ ├─┬ @typescript-eslint/type-utils@8.69.0
│ │ │ ├── @typescript-eslint/types@8.69.0 deduped
│ │ │ ├── @typescript-eslint/typescript-estree@8.69.0 deduped
│ │ │ ├── @typescript-eslint/utils@8.69.0 deduped
│ │ │ ├── debug@4.4.3 deduped
│ │ │ ├── eslint@9.39.5 deduped
│ │ │ ├── ts-api-utils@2.5.0 deduped
│ │ │ └── typescript@5.9.3 deduped
│ │ ├── @typescript-eslint/utils@8.69.0 deduped
│ │ ├─┬ @typescript-eslint/visitor-keys@8.69.0
│ │ │ ├── @typescript-eslint/types@8.69.0 deduped
│ │ │ └── eslint-visitor-keys@5.0.1
│ │ ├── eslint@9.39.5 deduped
│ │ ├── ignore@7.0.8
│ │ ├── natural-compare@1.4.0 deduped
│ │ ├─┬ ts-api-utils@2.5.0
│ │ │ └── typescript@5.9.3 deduped
│ │ └── typescript@5.9.3 deduped
│ ├─┬ @typescript-eslint/parser@8.69.0
│ │ ├── @typescript-eslint/scope-manager@8.69.0 deduped
│ │ ├── @typescript-eslint/types@8.69.0
│ │ ├── @typescript-eslint/typescript-estree@8.69.0 deduped
│ │ ├── @typescript-eslint/visitor-keys@8.69.0 deduped
│ │ ├── debug@4.4.3 deduped
│ │ ├── eslint@9.39.5 deduped
│ │ └── typescript@5.9.3 deduped
│ ├─┬ @typescript-eslint/typescript-estree@8.69.0
│ │ ├─┬ @typescript-eslint/project-service@8.69.0
│ │ │ ├── @typescript-eslint/tsconfig-utils@8.69.0 deduped
│ │ │ ├── @typescript-eslint/types@8.69.0 deduped
│ │ │ ├── debug@4.4.3 deduped
│ │ │ └── typescript@5.9.3 deduped
│ │ ├─┬ @typescript-eslint/tsconfig-utils@8.69.0
│ │ │ └── typescript@5.9.3 deduped
│ │ ├── @typescript-eslint/types@8.69.0 deduped
│ │ ├── @typescript-eslint/visitor-keys@8.69.0 deduped
│ │ ├── debug@4.4.3 deduped
│ │ ├─┬ minimatch@10.2.6
│ │ │ └─┬ brace-expansion@5.0.9
│ │ │   └── balanced-match@4.0.4
│ │ ├── semver@7.8.5
│ │ ├── tinyglobby@0.2.17 deduped
│ │ ├── ts-api-utils@2.5.0 deduped
│ │ └── typescript@5.9.3 deduped
│ ├─┬ @typescript-eslint/utils@8.69.0
│ │ ├── @eslint-community/eslint-utils@4.10.1 deduped
│ │ ├── @typescript-eslint/scope-manager@8.69.0 deduped
│ │ ├── @typescript-eslint/types@8.69.0 deduped
│ │ ├── @typescript-eslint/typescript-estree@8.69.0 deduped
│ │ ├── eslint@9.39.5 deduped
│ │ └── typescript@5.9.3 deduped
│ ├── eslint@9.39.5 deduped
│ └── typescript@5.9.3 deduped
├── typescript@5.9.3
├─┬ vaul@1.1.2
│ ├── @radix-ui/react-dialog@1.1.23 deduped
│ ├── react-dom@19.2.8 deduped
│ └── react@19.2.8 deduped
├─┬ vite@8.2.2
│ ├── @types/node@22.20.1 deduped
│ ├── UNMET OPTIONAL DEPENDENCY @vitejs/devtools@^0.4.0 || ^0.5.0
│ ├── UNMET OPTIONAL DEPENDENCY esbuild@^0.27.0 || ^0.28.0
│ ├── UNMET OPTIONAL DEPENDENCY fsevents@~2.3.3
│ ├── jiti@2.7.0 deduped
│ ├── UNMET OPTIONAL DEPENDENCY less@^4.0.0
│ ├── lightningcss@1.33.0 deduped
│ ├── picomatch@4.0.7
│ ├─┬ postcss@8.5.28
│ │ ├── nanoid@3.3.18
│ │ ├── picocolors@1.1.1
│ │ └── source-map-js@1.2.1 deduped
│ ├── rolldown@1.2.7 deduped
│ ├── UNMET OPTIONAL DEPENDENCY sass-embedded@^1.70.0
│ ├── UNMET OPTIONAL DEPENDENCY sass@^1.70.0
│ ├── UNMET OPTIONAL DEPENDENCY stylus@>=0.54.8
│ ├── UNMET OPTIONAL DEPENDENCY sugarss@^5.0.0
│ ├── UNMET OPTIONAL DEPENDENCY terser@^5.16.0
│ ├─┬ tinyglobby@0.2.17
│ │ ├─┬ fdir@6.5.0
│ │ │ └── picomatch@4.0.7 deduped
│ │ └── picomatch@4.0.7 deduped
│ ├── UNMET OPTIONAL DEPENDENCY tsx@^4.8.1
│ └── UNMET OPTIONAL DEPENDENCY yaml@^2.4.2
├── zod@4.5.4
└─┬ zustand@5.0.15
  ├── @types/react@19.2.18 deduped
  ├── UNMET OPTIONAL DEPENDENCY immer@>=9.0.6
  ├── react@19.2.8 deduped
  └─┬ use-sync-external-store@1.6.0
    └── react@19.2.8 deduped
