✔ Exeter's actual theme-park record is acquired by the real seasonal query and reaches the eligible pool (11.841127ms)
✔ precise activity evidence admits corn, pumpkin and haunted trail without admitting generic places (11.154012ms)
✔ same identity preserves C/P, provenance, stable ID and representative metadata in either provider order (4.969072ms)
✔ structured lifecycle cannot survive eligibility or be resurrected by an active duplicate (2.067146ms)
✔ all availability states share one OFF/ON policy, including expiry and next-year revalidation (1.437068ms)
✔ all seven seasonal selections preserve union and the radius boundary (4.730502ms)
✔ saved-only successful sparse coverage, missing categories and provider outage remain distinct (2.68643ms)
✔ per-category provenance never labels a saved haunt as live because its ordinary park duplicate is live (2.044247ms)
✔ ordinary Date Night and seasonal toggle still work internationally; unknown hours fail strict ON (1.223237ms)
✔ actual component: handler → count/options/pick/plan and all seven category combinations (340.705454ms)
✔ actual component: OFF/ON/OFF, labels, saved-only disclosure, and clock-dependent pool/overlay refresh (210.46352ms)
✔ actual component displays schedule uncertainty distinctly for live weekly-hours-only venues (160.796551ms)
ℹ tests 12
ℹ suites 0
ℹ pass 12
ℹ fail 0
ℹ cancelled 0
ℹ skipped 0
ℹ todo 0
ℹ duration_ms 1486.547714
