✔ Exeter's actual theme-park record is acquired by the real seasonal query and reaches the eligible pool (11.390318ms)
✔ precise activity evidence admits corn, pumpkin and haunted trail without admitting generic places (9.561932ms)
✔ same identity preserves C/P, provenance, stable ID and representative metadata in either provider order (3.32372ms)
✔ structured lifecycle cannot survive eligibility or be resurrected by an active duplicate (1.824873ms)
✔ all availability states share one OFF/ON policy, including expiry and next-year revalidation (1.832312ms)
✔ all seven seasonal selections preserve union and the radius boundary (4.506651ms)
✔ saved-only successful sparse coverage, missing categories and provider outage remain distinct (2.807169ms)
✔ per-category provenance never labels a saved haunt as live because its ordinary park duplicate is live (1.806686ms)
✔ ordinary Date Night and seasonal toggle still work internationally; unknown hours fail strict ON (1.444194ms)
✔ actual component: handler → count/options/pick/plan and all seven category combinations (321.342397ms)
✔ actual component: OFF/ON/OFF, labels, saved-only disclosure, and clock-dependent pool/overlay refresh (178.228566ms)
✔ actual component displays schedule uncertainty distinctly for live weekly-hours-only venues (115.518564ms)
✔ real clock hook refreshes at minute boundaries and focus/visibility resume, then cleans up (13.696224ms)
✔ retained regional provider captures replay through the new handler without generic-maze false positives (2966.913808ms)
ℹ tests 14
ℹ suites 0
ℹ pass 14
ℹ fail 0
ℹ cancelled 0
ℹ skipped 0
ℹ todo 0
ℹ duration_ms 4291.824654
