TAP version 13
# Subtest: strict factual assertion rejects reviewProse
ok 1 - strict factual assertion rejects reviewProse
  ---
  duration_ms: 35.711305
  type: 'test'
  ...
# Subtest: strict factual assertion rejects marketingDescriptions
ok 2 - strict factual assertion rejects marketingDescriptions
  ---
  duration_ms: 3.828957
  type: 'test'
  ...
# Subtest: strict factual assertion rejects photos
ok 3 - strict factual assertion rejects photos
  ---
  duration_ms: 3.664839
  type: 'test'
  ...
# Subtest: strict factual assertion rejects logos
ok 4 - strict factual assertion rejects logos
  ---
  duration_ms: 2.355494
  type: 'test'
  ...
# Subtest: strict factual assertion rejects screenshots
ok 5 - strict factual assertion rejects screenshots
  ---
  duration_ms: 3.717719
  type: 'test'
  ...
# Subtest: strict factual assertion rejects rankings
ok 6 - strict factual assertion rejects rankings
  ---
  duration_ms: 2.352158
  type: 'test'
  ...
# Subtest: strict factual assertion rejects popularity
ok 7 - strict factual assertion rejects popularity
  ---
  duration_ms: 2.080859
  type: 'test'
  ...
# Subtest: strict factual assertion rejects ratings
ok 8 - strict factual assertion rejects ratings
  ---
  duration_ms: 2.296785
  type: 'test'
  ...
# Subtest: strict factual assertion rejects prices
ok 9 - strict factual assertion rejects prices
  ---
  duration_ms: 2.069271
  type: 'test'
  ...
# Subtest: strict factual assertion rejects articleText
ok 10 - strict factual assertion rejects articleText
  ---
  duration_ms: 6.568609
  type: 'test'
  ...
# Subtest: nested unknown field rejected: location
ok 11 - nested unknown field rejected: location
  ---
  duration_ms: 2.019357
  type: 'test'
  ...
# Subtest: nested unknown field rejected: observation
ok 12 - nested unknown field rejected: observation
  ---
  duration_ms: 1.406532
  type: 'test'
  ...
# Subtest: nested unknown field rejected: calendar
ok 13 - nested unknown field rejected: calendar
  ---
  duration_ms: 1.914168
  type: 'test'
  ...
# Subtest: nested unknown field rejected: hours
ok 14 - nested unknown field rejected: hours
  ---
  duration_ms: 1.559994
  type: 'test'
  ...
# Subtest: nested unknown field rejected: relationship
ok 15 - nested unknown field rejected: relationship
  ---
  duration_ms: 5.219524
  type: 'test'
  ...
# Subtest: nested unknown field rejected: identity
ok 16 - nested unknown field rejected: identity
  ---
  duration_ms: 1.219761
  type: 'test'
  ...
# Subtest: full fixture identity distinctions, recurring year, moved version, and crosswalks
ok 17 - full fixture identity distinctions, recurring year, moved version, and crosswalks
  ---
  duration_ms: 59.959116
  type: 'test'
  ...
# Subtest: name correction preserves immutable occurrence id
ok 18 - name correction preserves immutable occurrence id
  ---
  duration_ms: 3.955437
  type: 'test'
  ...
# Subtest: deep input permutations reproduce identical bytes
ok 19 - deep input permutations reproduce identical bytes
  ---
  duration_ms: 45.836566
  type: 'test'
  ...
# Subtest: conflict requires complete reviewed assertion accounting
ok 20 - conflict requires complete reviewed assertion accounting
  ---
  duration_ms: 8.108353
  type: 'test'
  ...
# Subtest: candidate coordinate publication denied
ok 21 - candidate coordinate publication denied
  ---
  duration_ms: 2.804931
  type: 'test'
  ...
# Subtest: unresolved coordinate publication denied
ok 22 - unresolved coordinate publication denied
  ---
  duration_ms: 2.363106
  type: 'test'
  ...
# Subtest: moved address with stale fingerprint fails
ok 23 - moved address with stale fingerprint fails
  ---
  duration_ms: 6.344352
  type: 'test'
  ...
# Subtest: location version cannot reuse evidence attached to another version
ok 24 - location version cannot reuse evidence attached to another version
  ---
  duration_ms: 1.685422
  type: 'test'
  ...
# Subtest: verification quality: operator-confirmed
ok 25 - verification quality: operator-confirmed
  ---
  duration_ms: 2.727284
  type: 'test'
  ...
# Subtest: verification quality: current-season-directory
ok 26 - verification quality: current-season-directory
  ---
  duration_ms: 2.541604
  type: 'test'
  ...
# Subtest: verification quality: current-season-secondary
ok 27 - verification quality: current-season-secondary
  ---
  duration_ms: 2.586643
  type: 'test'
  ...
# Subtest: verification quality: historical/unconfirmed
ok 28 - verification quality: historical/unconfirmed
  ---
  duration_ms: 3.555623
  type: 'test'
  ...
# Subtest: no current season inferred from footer-only
ok 29 - no current season inferred from footer-only
  ---
  duration_ms: 2.172417
  type: 'test'
  ...
# Subtest: no current season inferred from absent
ok 30 - no current season inferred from absent
  ---
  duration_ms: 2.142703
  type: 'test'
  ...
# Subtest: negative correctly scoped to operator
ok 31 - negative correctly scoped to operator
  ---
  duration_ms: 3.928707
  type: 'test'
  ...
# Subtest: negative correctly scoped to venue
ok 32 - negative correctly scoped to venue
  ---
  duration_ms: 4.452558
  type: 'test'
  ...
# Subtest: negative correctly scoped to attraction
ok 33 - negative correctly scoped to attraction
  ---
  duration_ms: 3.964931
  type: 'test'
  ...
# Subtest: negative correctly scoped to occurrence
ok 34 - negative correctly scoped to occurrence
  ---
  duration_ms: 4.738699
  type: 'test'
  ...
# Subtest: negative persists after omission: season-not-operating
ok 35 - negative persists after omission: season-not-operating
  ---
  duration_ms: 7.269217
  type: 'test'
  ...
# Subtest: negative persists after omission: event-cancelled
ok 36 - negative persists after omission: event-cancelled
  ---
  duration_ms: 9.201562
  type: 'test'
  ...
# Subtest: negative persists after omission: moved
ok 37 - negative persists after omission: moved
  ---
  duration_ms: 8.356186
  type: 'test'
  ...
# Subtest: negative persists after omission: disused
ok 38 - negative persists after omission: disused
  ---
  duration_ms: 12.420649
  type: 'test'
  ...
# Subtest: negative persists after omission: permanently-closed
ok 39 - negative persists after omission: permanently-closed
  ---
  duration_ms: 8.196856
  type: 'test'
  ...
# Subtest: omission preserves prior optional fact and checkedAt
ok 40 - omission preserves prior optional fact and checkedAt
  ---
  duration_ms: 8.376097
  type: 'test'
  ...
# Subtest: failed refresh returns exactly last-good serialized bytes
ok 41 - failed refresh returns exactly last-good serialized bytes
  ---
  duration_ms: 21.856312
  type: 'test'
  ...
# Subtest: transitive do-not-merge overrides explicit equivalence
ok 42 - transitive do-not-merge overrides explicit equivalence
  ---
  duration_ms: 1.395285
  type: 'test'
  ...
# Subtest: publication bound 100 inclusive and 101 explicit failure
ok 43 - publication bound 100 inclusive and 101 explicit failure
  ---
  duration_ms: 342.15841
  type: 'test'
  ...
# Subtest: identity bound 512 includes quarantined and tombstone identities
ok 44 - identity bound 512 includes quarantined and tombstone identities
  ---
  duration_ms: 12.287276
  type: 'test'
  ...
# Subtest: observation bound retains 20 provenances and rejects 21
ok 45 - observation bound retains 20 provenances and rejects 21
  ---
  duration_ms: 6.262157
  type: 'test'
  ...
# Subtest: text bound rejects name
ok 46 - text bound rejects name
  ---
  duration_ms: 1.0208
  type: 'test'
  ...
# Subtest: text bound rejects operatorWebsite
ok 47 - text bound rejects operatorWebsite
  ---
  duration_ms: 2.728867
  type: 'test'
  ...
# Subtest: address combined bound rejects overflow
ok 48 - address combined bound rejects overflow
  ---
  duration_ms: 1.060209
  type: 'test'
  ...
# Subtest: runtime 2 MiB overflow explicitly rejected
ok 49 - runtime 2 MiB overflow explicitly rejected
  ---
  duration_ms: 1132.170451
  type: 'test'
  ...
# Subtest: snapshot cannot forge materialized fact by updating hashes and revision
ok 50 - snapshot cannot forge materialized fact by updating hashes and revision
  ---
  duration_ms: 7.086541
  type: 'test'
  ...
# Subtest: schema and manifest failures preserve atomic file bytes
ok 51 - schema and manifest failures preserve atomic file bytes
  ---
  duration_ms: 11.89145
  type: 'test'
  ...
# Subtest: permission state never enables source: unknown
ok 52 - permission state never enables source: unknown
  ---
  duration_ms: 0.514746
  type: 'test'
  ...
# Subtest: permission state never enables source: conflicting
ok 53 - permission state never enables source: conflicting
  ---
  duration_ms: 0.228495
  type: 'test'
  ...
# Subtest: permission state never enables source: denied
ok 54 - permission state never enables source: denied
  ---
  duration_ms: 0.171619
  type: 'test'
  ...
# Subtest: permission state never enables source: approved
ok 55 - permission state never enables source: approved
  ---
  duration_ms: 0.201754
  type: 'test'
  ...
# Subtest: malformed approvals and enabled flags fail validation
ok 56 - malformed approvals and enabled flags fail validation
  ---
  duration_ms: 0.789922
  type: 'test'
  ...
# Subtest: expired affirmative permission still cannot activate collector
ok 57 - expired affirmative permission still cannot activate collector
  ---
  duration_ms: 0.350098
  type: 'test'
  ...
# Subtest: exact URL policy rejects http://seasonal.invalid/events/x
ok 58 - exact URL policy rejects http://seasonal.invalid/events/x
  ---
  duration_ms: 0.268485
  type: 'test'
  ...
# Subtest: exact URL policy rejects https://seasonal.invalid:8443/events/x
ok 59 - exact URL policy rejects https://seasonal.invalid:8443/events/x
  ---
  duration_ms: 0.208915
  type: 'test'
  ...
# Subtest: exact URL policy rejects https://name@seasonal.invalid/events/x
ok 60 - exact URL policy rejects https://name@seasonal.invalid/events/x
  ---
  duration_ms: 0.24573
  type: 'test'
  ...
# Subtest: exact URL policy rejects https://[::1]/events/x
ok 61 - exact URL policy rejects https://[::1]/events/x
  ---
  duration_ms: 0.173873
  type: 'test'
  ...
# Subtest: exact URL policy rejects https://seasonal.invalid.evil.invalid/events/x
ok 62 - exact URL policy rejects https://seasonal.invalid.evil.invalid/events/x
  ---
  duration_ms: 0.140792
  type: 'test'
  ...
# Subtest: exact URL policy rejects https://seasonal.invalid/eventsx
ok 63 - exact URL policy rejects https://seasonal.invalid/eventsx
  ---
  duration_ms: 0.144718
  type: 'test'
  ...
# Subtest: exact URL policy rejects https://seasonal.invalid/events/%2fsecret
ok 64 - exact URL policy rejects https://seasonal.invalid/events/%2fsecret
  ---
  duration_ms: 0.161193
  type: 'test'
  ...
# Subtest: exact URL policy rejects https://seasonal.invalid/events/x?year=2026&year=2026
ok 65 - exact URL policy rejects https://seasonal.invalid/events/x?year=2026&year=2026
  ---
  duration_ms: 0.227343
  type: 'test'
  ...
# Subtest: exact URL policy rejects https://seasonal.invalid/events/x?unknown=yes
ok 66 - exact URL policy rejects https://seasonal.invalid/events/x?unknown=yes
  ---
  duration_ms: 0.176667
  type: 'test'
  ...
# Subtest: denied IP class 10.255.255.255
ok 67 - denied IP class 10.255.255.255
  ---
  duration_ms: 0.466283
  type: 'test'
  ...
# Subtest: denied IP class 172.16.0.1
ok 68 - denied IP class 172.16.0.1
  ---
  duration_ms: 0.125229
  type: 'test'
  ...
# Subtest: denied IP class 169.254.169.254
ok 69 - denied IP class 169.254.169.254
  ---
  duration_ms: 0.185971
  type: 'test'
  ...
# Subtest: denied IP class 100.64.0.1
ok 70 - denied IP class 100.64.0.1
  ---
  duration_ms: 0.088233
  type: 'test'
  ...
# Subtest: denied IP class 192.0.2.255
ok 71 - denied IP class 192.0.2.255
  ---
  duration_ms: 0.109545
  type: 'test'
  ...
# Subtest: denied IP class 198.19.255.255
ok 72 - denied IP class 198.19.255.255
  ---
  duration_ms: 0.133701
  type: 'test'
  ...
# Subtest: denied IP class 240.0.0.1
ok 73 - denied IP class 240.0.0.1
  ---
  duration_ms: 0.137407
  type: 'test'
  ...
# Subtest: denied IP class ::ffff:169.254.169.254
ok 74 - denied IP class ::ffff:169.254.169.254
  ---
  duration_ms: 0.270869
  type: 'test'
  ...
# Subtest: denied IP class ::ffff:a9fe:a9fe
ok 75 - denied IP class ::ffff:a9fe:a9fe
  ---
  duration_ms: 0.164208
  type: 'test'
  ...
# Subtest: denied IP class ::ffff:0808:0808
ok 76 - denied IP class ::ffff:0808:0808
  ---
  duration_ms: 0.154834
  type: 'test'
  ...
# Subtest: denied IP class fe80::abcd
ok 77 - denied IP class fe80::abcd
  ---
  duration_ms: 0.13881
  type: 'test'
  ...
# Subtest: denied IP class fc00::abcd
ok 78 - denied IP class fc00::abcd
  ---
  duration_ms: 0.141634
  type: 'test'
  ...
# Subtest: denied IP class 2001:db8::abcd
ok 79 - denied IP class 2001:db8::abcd
  ---
  duration_ms: 0.108393
  type: 'test'
  ...
# Subtest: DNS poison and peer rebinding rejected without network
ok 80 - DNS poison and peer rebinding rejected without network
  ---
  duration_ms: 0.752956
  type: 'test'
  ...
# Subtest: redirect count and every present target checked
ok 81 - redirect count and every present target checked
  ---
  duration_ms: 0.720848
  type: 'test'
  ...
# Subtest: response metric upper bound headerBytes
ok 82 - response metric upper bound headerBytes
  ---
  duration_ms: 0.461005
  type: 'test'
  ...
# Subtest: response metric upper bound wireBytes
ok 83 - response metric upper bound wireBytes
  ---
  duration_ms: 0.21839
  type: 'test'
  ...
# Subtest: response metric upper bound decompressedBytes
ok 84 - response metric upper bound decompressedBytes
  ---
  duration_ms: 0.200633
  type: 'test'
  ...
# Subtest: response metric upper bound elapsedMs
ok 85 - response metric upper bound elapsedMs
  ---
  duration_ms: 0.194003
  type: 'test'
  ...
# Subtest: response metric upper bound domNodes
ok 86 - response metric upper bound domNodes
  ---
  duration_ms: 0.18578
  type: 'test'
  ...
# Subtest: response metric upper bound depth
ok 87 - response metric upper bound depth
  ---
  duration_ms: 0.195295
  type: 'test'
  ...
# Subtest: response metric upper bound jsonLdBytes
ok 88 - response metric upper bound jsonLdBytes
  ---
  duration_ms: 0.189075
  type: 'test'
  ...
# Subtest: response metric upper bound requests
ok 89 - response metric upper bound requests
  ---
  duration_ms: 0.190538
  type: 'test'
  ...
# Subtest: missing required response metric must fail: headerBytes
ok 90 - missing required response metric must fail: headerBytes
  ---
  duration_ms: 0.214463
  type: 'test'
  ...
# Subtest: missing required response metric must fail: wireBytes
ok 91 - missing required response metric must fail: wireBytes
  ---
  duration_ms: 0.169937
  type: 'test'
  ...
# Subtest: missing required response metric must fail: decompressedBytes
ok 92 - missing required response metric must fail: decompressedBytes
  ---
  duration_ms: 0.135154
  type: 'test'
  ...
# Subtest: missing required response metric must fail: elapsedMs
ok 93 - missing required response metric must fail: elapsedMs
  ---
  duration_ms: 0.136336
  type: 'test'
  ...
# Subtest: missing required response metric must fail: domNodes
ok 94 - missing required response metric must fail: domNodes
  ---
  duration_ms: 0.142224
  type: 'test'
  ...
# Subtest: missing required response metric must fail: depth
ok 95 - missing required response metric must fail: depth
  ---
  duration_ms: 0.130227
  type: 'test'
  ...
# Subtest: missing required response metric must fail: jsonLdBytes
ok 96 - missing required response metric must fail: jsonLdBytes
  ---
  duration_ms: 0.119661
  type: 'test'
  ...
# Subtest: missing required response metric must fail: requests
ok 97 - missing required response metric must fail: requests
  ---
  duration_ms: 0.192791
  type: 'test'
  ...
# Subtest: sparse redirect chain must fail rather than skip an unvalidated hop
ok 98 - sparse redirect chain must fail rather than skip an unvalidated hop
  ---
  duration_ms: 0.25201
  type: 'test'
  ...
# Subtest: independent execution made zero unmocked collector network attempts
ok 99 - independent execution made zero unmocked collector network attempts
  ---
  duration_ms: 0.095474
  type: 'test'
  ...
# OFFLINE_NETWORK_PROOF unmocked_attempts=0
1..99
# tests 99
# suites 0
# pass 99
# fail 0
# cancelled 0
# skipped 0
# todo 0
# duration_ms 2290.168541
