[
  {
    "openNowOnly": false,
    "count": "2 activities match",
    "optionsDisabled": false,
    "pickDisabled": false,
    "options": [
      {
        "id": "date-night-werehouse-joplin",
        "name": "The Werehouse",
        "distanceMiles": 11.44811300482452,
        "isOpen": false,
        "hoursKnown": true,
        "closesLabel": null
      },
      {
        "id": "date-night-myers-inn-carthage",
        "name": "Myer's Inn Haunt",
        "distanceMiles": 2.0329841506408552,
        "isOpen": false,
        "hoursKnown": true,
        "closesLabel": "Schedule unconfirmed"
      }
    ],
    "optionsText": "🎃 Date Night · Halloween Tonight&#x27;s options Pick one, or let us shuffle again. The Werehouse Haunted House 11 miles · Closed Myer&#x27;s Inn Haunt Haunted House 2.0 miles · Closed Shuffle options",
    "pick": "The Werehouse",
    "planNames": [
      "The Werehouse",
      "Myer's Inn Haunt"
    ],
    "planText": "October after dark No complete seasonal pair yet. Pick For Us only labels a stop Scare or Settle when a real matching venue exists. Widen the radius or relax your filters and try again. A two-stop Halloween plan needs at least one genuine thrill and one different genuine settle stop within your current filters. Nothing ordinary will be relabeled just to fill the card. Try the plan again"
  },
  {
    "openNowOnly": true,
    "count": "0 activities match",
    "optionsDisabled": true,
    "pickDisabled": true
  },
  {
    "openNowOnly": false,
    "count": "2 activities match",
    "optionsDisabled": false,
    "pickDisabled": false,
    "options": [
      {
        "id": "date-night-myers-inn-carthage",
        "name": "Myer's Inn Haunt",
        "distanceMiles": 2.0329841506408552,
        "isOpen": false,
        "hoursKnown": true,
        "closesLabel": "Schedule unconfirmed"
      },
      {
        "id": "date-night-werehouse-joplin",
        "name": "The Werehouse",
        "distanceMiles": 11.44811300482452,
        "isOpen": false,
        "hoursKnown": true,
        "closesLabel": null
      }
    ],
    "optionsText": "🎃 Date Night · Halloween Tonight&#x27;s options Pick one, or let us shuffle again. Myer&#x27;s Inn Haunt Haunted House 2.0 miles · Closed The Werehouse Haunted House 11 miles · Closed Shuffle options",
    "pick": "Myer's Inn Haunt",
    "planNames": [
      "Myer's Inn Haunt",
      "The Werehouse"
    ],
    "planText": "October after dark No complete seasonal pair yet. Pick For Us only labels a stop Scare or Settle when a real matching venue exists. Widen the radius or relax your filters and try again. A two-stop Halloween plan needs at least one genuine thrill and one different genuine settle stop within your current filters. Nothing ordinary will be relabeled just to fill the card. Try the plan again"
  }
]
