✔ dinner: headers stalls settle fallback within the provider bound (25.062083ms)
✔ dinner: headers stalls settle error within the provider bound (1.619877ms)
✔ dinner: body stalls settle fallback within the provider bound (11.823244ms)
✔ dinner: body stalls settle error within the provider bound (0.825933ms)
✔ dinner: first stall then second success returns at 8s and clears timers (24.077886ms)
✔ dinner: immediate 429 advances without delay; saved coverage and terminal error preserved (16.401407ms)
✔ dinner: immediate 500 advances without delay; saved coverage and terminal error preserved (12.795002ms)
✔ dinner: immediate 504 advances without delay; saved coverage and terminal error preserved (12.784456ms)
✔ dinner: immediate missing-elements advances without delay; saved coverage and terminal error preserved (13.355711ms)
✔ dinner: immediate remark advances without delay; saved coverage and terminal error preserved (10.165203ms)
✔ dinner: immediate invalid-json advances without delay; saved coverage and terminal error preserved (10.955038ms)
✔ dinner: valid empty results retain mode-specific mirror and source semantics (1.912306ms)
✔ dinner: normal first success is quiet, abort errors categorized, raw exceptions never logged (10.310139ms)
✔ date-night: headers stalls settle fallback within the provider bound (11.517338ms)
✔ date-night: headers stalls settle error within the provider bound (0.87412ms)
✔ date-night: body stalls settle fallback within the provider bound (1.094553ms)
✔ date-night: body stalls settle error within the provider bound (0.796905ms)
✔ date-night: first stall then second success returns at 1.5s and clears timers (2.243472ms)
✔ date-night: immediate 429 advances without delay; saved coverage and terminal error preserved (1.985696ms)
✔ date-night: immediate 500 advances without delay; saved coverage and terminal error preserved (1.136746ms)
✔ date-night: immediate 504 advances without delay; saved coverage and terminal error preserved (1.552114ms)
✔ date-night: immediate missing-elements advances without delay; saved coverage and terminal error preserved (1.767701ms)
✔ date-night: immediate remark advances without delay; saved coverage and terminal error preserved (1.711305ms)
✔ date-night: immediate invalid-json advances without delay; saved coverage and terminal error preserved (1.959553ms)
✔ date-night: valid empty results retain mode-specific mirror and source semantics (1.382358ms)
✔ date-night: normal first success is quiet, abort errors categorized, raw exceptions never logged (1.068114ms)
✔ nightlife: headers stalls settle fallback within the provider bound (1.517709ms)
✔ nightlife: headers stalls settle error within the provider bound (0.92258ms)
✔ nightlife: body stalls settle fallback within the provider bound (0.470864ms)
✔ nightlife: body stalls settle error within the provider bound (0.644877ms)
✔ nightlife: first stall then second success returns at 8s and clears timers (1.895797ms)
✔ nightlife: immediate 429 advances without delay; saved coverage and terminal error preserved (0.944647ms)
✔ nightlife: immediate 500 advances without delay; saved coverage and terminal error preserved (0.996197ms)
✔ nightlife: immediate 504 advances without delay; saved coverage and terminal error preserved (0.876674ms)
✔ nightlife: immediate missing-elements advances without delay; saved coverage and terminal error preserved (1.544748ms)
✔ nightlife: immediate remark advances without delay; saved coverage and terminal error preserved (1.203603ms)
✔ nightlife: immediate invalid-json advances without delay; saved coverage and terminal error preserved (1.349988ms)
✔ nightlife: valid empty results retain mode-specific mirror and source semantics (0.517504ms)
✔ nightlife: normal first success is quiet, abort errors categorized, raw exceptions never logged (1.010492ms)
✔ Dinner retains successful-empty precedence when subsequent mirrors exhaust the budget (0.880692ms)
✔ shared provider attempt uses native timer and real fetch body abort (111.380037ms)
ℹ tests 41
ℹ suites 0
ℹ pass 41
ℹ fail 0
ℹ cancelled 0
ℹ skipped 0
ℹ todo 0
ℹ duration_ms 323.081679
