✔ dinner: success settles active UI and clears watchdog before deadline (306.528282ms)
✔ dinner: fallback settles active UI and clears watchdog before deadline (4.607314ms)
✔ dinner: error settles active UI and clears watchdog before deadline (2.761138ms)
✔ dinner: AbortError settles active UI and clears watchdog before deadline (2.194944ms)
✔ dinner: never-settling/abort-ignoring RPC exits loading at 25s (4.444178ms)
✔ dinner: abort-compliant RPC exits loading at 25s (5.81288ms)
✔ dinner: late post-timeout success cannot overwrite timeout or a successful retry (8.951626ms)
✔ dinner: late post-timeout rejection cannot overwrite timeout or a successful retry (8.812133ms)
✔ dinner: replacement aborts old success; old settles first (11.496539ms)
✔ dinner: replacement aborts old success; new settles first (9.962287ms)
✔ dinner: replacement aborts old rejection; old settles first (20.490853ms)
✔ dinner: replacement aborts old rejection; new settles first (8.792147ms)
✔ dinner: unmount aborts/cleans up; success cannot write after unmount (7.128074ms)
✔ dinner: unmount aborts/cleans up; rejection cannot write after unmount (5.770046ms)
✔ dinner: unmount aborts/cleans up; pending cannot write after unmount (5.345207ms)
✔ dinner: radius replacement cancels transport; normal filters/options/pick still work (16.086029ms)
✔ dinner: timeout then retry success remains current when the first RPC finally resolves (6.588306ms)
✔ date-night: success settles active UI and clears watchdog before deadline (54.69542ms)
✔ date-night: fallback settles active UI and clears watchdog before deadline (3.322752ms)
✔ date-night: error settles active UI and clears watchdog before deadline (2.507137ms)
✔ date-night: AbortError settles active UI and clears watchdog before deadline (1.799426ms)
✔ date-night: never-settling/abort-ignoring RPC exits loading at 25s (2.182743ms)
✔ date-night: abort-compliant RPC exits loading at 25s (4.924659ms)
✔ date-night: late post-timeout success cannot overwrite timeout or a successful retry (5.604203ms)
✔ date-night: late post-timeout rejection cannot overwrite timeout or a successful retry (5.878368ms)
✔ date-night: replacement aborts old success; old settles first (6.386956ms)
✔ date-night: replacement aborts old success; new settles first (5.319635ms)
✔ date-night: replacement aborts old rejection; old settles first (6.308334ms)
✔ date-night: replacement aborts old rejection; new settles first (5.720089ms)
✔ date-night: unmount aborts/cleans up; success cannot write after unmount (3.91849ms)
✔ date-night: unmount aborts/cleans up; rejection cannot write after unmount (4.611993ms)
✔ date-night: unmount aborts/cleans up; pending cannot write after unmount (5.012662ms)
✔ date-night: radius replacement cancels transport; normal filters/options/pick still work (9.203729ms)
✔ date-night: timeout then retry success remains current when the first RPC finally resolves (4.907234ms)
✔ nightlife: success settles active UI and clears watchdog before deadline (27.364866ms)
✔ nightlife: fallback settles active UI and clears watchdog before deadline (2.250484ms)
✔ nightlife: error settles active UI and clears watchdog before deadline (1.642516ms)
✔ nightlife: AbortError settles active UI and clears watchdog before deadline (1.132168ms)
✔ nightlife: never-settling/abort-ignoring RPC exits loading at 25s (1.865288ms)
✔ nightlife: abort-compliant RPC exits loading at 25s (1.416931ms)
✔ nightlife: late post-timeout success cannot overwrite timeout or a successful retry (1.927249ms)
✔ nightlife: late post-timeout rejection cannot overwrite timeout or a successful retry (1.672696ms)
✔ nightlife: replacement aborts old success; old settles first (1.91101ms)
✔ nightlife: replacement aborts old success; new settles first (1.530145ms)
✔ nightlife: replacement aborts old rejection; old settles first (2.172998ms)
✔ nightlife: replacement aborts old rejection; new settles first (1.569603ms)
✔ nightlife: unmount aborts/cleans up; success cannot write after unmount (1.692124ms)
✔ nightlife: unmount aborts/cleans up; rejection cannot write after unmount (1.621239ms)
✔ nightlife: unmount aborts/cleans up; pending cannot write after unmount (1.557538ms)
✔ nightlife: radius replacement cancels transport; normal filters/options/pick still work (2.461176ms)
✔ nightlife: timeout then retry success remains current when the first RPC finally resolves (7.421933ms)
✔ Date Night: seasonal dependency replacement aborts the previous request (2.336425ms)
✔ pinned TanStack RPC forwards the exact controller signal to fetch and settles on abort (64.052156ms)
✔ shared lifecycle also settles synchronous RPC throws without leaving a watchdog (4.826218ms)
ℹ tests 54
ℹ suites 0
ℹ pass 54
ℹ fail 0
ℹ cancelled 0
ℹ skipped 0
ℹ todo 0
ℹ duration_ms 714.816359
