✔ dinner: headers stalls settle fallback within the provider bound (21.246697ms)
✔ dinner: headers stalls settle error within the provider bound (1.212426ms)
✔ dinner: body stalls settle fallback within the provider bound (11.471067ms)
✔ dinner: body stalls settle error within the provider bound (0.722311ms)
✔ dinner: first stall then second success returns at 8s and clears timers (27.192873ms)
✔ dinner: immediate 429 advances without delay; saved coverage and terminal error preserved (11.825657ms)
✔ dinner: immediate 500 advances without delay; saved coverage and terminal error preserved (10.672052ms)
✔ dinner: immediate 504 advances without delay; saved coverage and terminal error preserved (12.888885ms)
✔ dinner: immediate missing-elements advances without delay; saved coverage and terminal error preserved (12.944363ms)
✔ dinner: immediate remark advances without delay; saved coverage and terminal error preserved (11.014483ms)
✔ dinner: immediate invalid-json advances without delay; saved coverage and terminal error preserved (12.160641ms)
✔ dinner: valid empty results retain mode-specific mirror and source semantics (3.920462ms)
✔ dinner: normal first success is quiet, abort errors categorized, raw exceptions never logged (11.365254ms)
✔ date-night: headers stalls settle fallback within the provider bound (92.99316ms)
✔ date-night: headers stalls settle error within the provider bound (1.213073ms)
✔ date-night: body stalls settle fallback within the provider bound (1.472373ms)
✔ date-night: body stalls settle error within the provider bound (0.889135ms)
✔ date-night: first stall then second success returns at 1.5s and clears timers (2.464659ms)
✔ date-night: immediate 429 advances without delay; saved coverage and terminal error preserved (1.79393ms)
✔ date-night: immediate 500 advances without delay; saved coverage and terminal error preserved (1.520747ms)
✔ date-night: immediate 504 advances without delay; saved coverage and terminal error preserved (1.474793ms)
✔ date-night: immediate missing-elements advances without delay; saved coverage and terminal error preserved (1.634877ms)
✔ date-night: immediate remark advances without delay; saved coverage and terminal error preserved (1.834908ms)
✔ date-night: immediate invalid-json advances without delay; saved coverage and terminal error preserved (1.802901ms)
✔ date-night: valid empty results retain mode-specific mirror and source semantics (1.07968ms)
✔ date-night: normal first success is quiet, abort errors categorized, raw exceptions never logged (1.103231ms)
✔ nightlife: headers stalls settle fallback within the provider bound (1.288175ms)
✔ nightlife: headers stalls settle error within the provider bound (1.019627ms)
✔ nightlife: body stalls settle fallback within the provider bound (0.488103ms)
✔ nightlife: body stalls settle error within the provider bound (0.54987ms)
✔ nightlife: first stall then second success returns at 8s and clears timers (1.532961ms)
✔ nightlife: immediate 429 advances without delay; saved coverage and terminal error preserved (1.294742ms)
✔ nightlife: immediate 500 advances without delay; saved coverage and terminal error preserved (0.913983ms)
✔ nightlife: immediate 504 advances without delay; saved coverage and terminal error preserved (0.7952ms)
✔ nightlife: immediate missing-elements advances without delay; saved coverage and terminal error preserved (1.149008ms)
✔ nightlife: immediate remark advances without delay; saved coverage and terminal error preserved (1.287473ms)
✔ nightlife: immediate invalid-json advances without delay; saved coverage and terminal error preserved (1.284251ms)
✔ nightlife: valid empty results retain mode-specific mirror and source semantics (0.531043ms)
✔ nightlife: normal first success is quiet, abort errors categorized, raw exceptions never logged (0.887951ms)
✔ Dinner retains successful-empty precedence when subsequent mirrors exhaust the budget (0.785065ms)
✔ shared provider attempt uses native timer and real fetch body abort (113.619735ms)
ℹ tests 41
ℹ suites 0
ℹ pass 41
ℹ fail 0
ℹ cancelled 0
ℹ skipped 0
ℹ todo 0
ℹ duration_ms 400.864048
