[discovery] provider-chain {
  mode: 'date-night',
  strategy: 'hedged',
  source: 'merged',
  durationMs: 1,
  budgetExhausted: false,
  requestedGroups: 1,
  successfulGroups: 1,
  failedGroups: 0,
  partial: false,
  groups: [
    {
      group: 'culture',
      outcome: 'empty',
      durationMs: 1,
      winnerMirror: 1
    }
  ],
  attempts: [
    {
      group: 'culture',
      mirror: 1,
      hedgeOffsetMs: 0,
      durationMs: 1,
      outcome: 'empty'
    }
  ]
}
[discovery] provider-chain {
  mode: 'date-night',
  strategy: 'hedged',
  source: 'merged',
  durationMs: 1,
  budgetExhausted: false,
  requestedGroups: 1,
  successfulGroups: 1,
  failedGroups: 0,
  partial: false,
  groups: [
    {
      group: 'seasonal',
      outcome: 'empty',
      durationMs: 1,
      winnerMirror: 1
    }
  ],
  attempts: [
    {
      group: 'seasonal',
      mirror: 1,
      hedgeOffsetMs: 0,
      durationMs: 1,
      outcome: 'empty'
    }
  ]
}
[discovery] provider-chain {
  mode: 'date-night',
  strategy: 'hedged',
  source: 'merged',
  durationMs: 1,
  budgetExhausted: false,
  requestedGroups: 1,
  successfulGroups: 1,
  failedGroups: 0,
  partial: false,
  groups: [
    {
      group: 'culture',
      outcome: 'empty',
      durationMs: 0,
      winnerMirror: 1
    }
  ],
  attempts: [
    {
      group: 'culture',
      mirror: 1,
      hedgeOffsetMs: 0,
      durationMs: 0,
      outcome: 'empty'
    }
  ]
}
✔ all Date Night category plans use exact keys, including every seasonal subset and lifecycle prefix (3.501623ms)
✔ exact-key refinement preserves canonical reachability/classification for all seven subsets, contexts, fields and lifecycle prefixes (489.704065ms)
✔ exact text keys preserve classifier key casing while still matching case-insensitive values (1.590148ms)
✔ Anything, omitted and empty category input produce all and only active query groups (0.629594ms)
✔ specific categories plan only required groups and combine selected siblings (0.233339ms)
✔ query plans and normalized coverage signatures are deterministic without mutating caller input (0.308993ms)
✔ Halloween OFF strips stale seasonal selections and preserves existing Anything fallback (0.316677ms)
✔ activity validation rejects malformed, inherited, unknown and query-injection inputs (0.855049ms)
✔ every ordinary category owns its exact active clauses and only relevant lifecycle companions (5.7555ms)
✔ query construction independently enforces concrete whitelist input, finite coordinates and capped radius (0.8869ms)
✔ seasonal-only queries do not acquire unrelated ordinary or seasonal offerings (2.616368ms)
✔ precise seasonal attraction and agricultural maze representations remain reachable (0.888559ms)
✔ selected seasonal metadata remains reachable across every supported context, field and separator (11.430877ms)
✔ retained Exeter theme-park record remains acquired by a Corn Maze-only plan (0.510698ms)
✔ narrowed seasonal acquisition retains lifecycle-only evidence previously reached through broad contexts (5.231345ms)
✔ real selected query cannot resurrect an active duplicate by dropping its lifecycle-only theme-park record (38.989017ms)
✔ narrowed acquisition never turns generic, negative or unrelated evidence into seasonal classification (2.652548ms)
✔ real server validator rejects hostile category input before any provider request (0.711938ms)
✔ real server request uses validated selected clauses, normalizes inactive seasonal input and preserves radius cap (6.245094ms)
ℹ tests 19
ℹ suites 0
ℹ pass 19
ℹ fail 0
ℹ cancelled 0
ℹ skipped 0
ℹ todo 0
ℹ duration_ms 581.464417
