✔ Anything coverage satisfies every later category and subset without acquiring again (6.082453ms)
✔ coverage is category-specific within a group; only missing types are requested (13.806553ms)
✔ valid-empty coverage is reusable and preserves its origin; failed/cancelled categories stay missing (0.706989ms)
✔ complete fallback and legacy missing metadata never establish reusable live coverage (0.717254ms)
✔ cached successes plus fresh failure preserve partial live data and disjoint category outcomes (1.487712ms)
✔ cached live success survives missing-category transport failure without asserting coverage (0.483284ms)
✔ radius narrowing reuses larger coverage but widening cannot use a narrower entry (0.561586ms)
✔ latitude separates incompatible cache coverage (0.278155ms)
✔ longitude separates incompatible cache coverage (0.359402ms)
✔ Halloween activation separates incompatible cache coverage (0.533118ms)
✔ semantic version separates incompatible cache coverage (0.28352ms)
✔ TTL expires exactly at bound; reads and fresh missing-category combinations never rejuvenate old coverage (0.709486ms)
✔ new valid-empty category coverage cannot resurrect old venues through a reused superset (0.502154ms)
✔ equal-timestamp freshness uses admission order even after an older superset becomes most recently used (0.350414ms)
✔ LRU entry and aggregate raw-venue caps evict whole entries without truncated coverage (1.689017ms)
✔ cache assembly preserves catalog aliases, full evidence, hours precedence and lifecycle in either insertion order (1.486756ms)
✔ fresh cross-category lifecycle evidence suppresses an older cached active identity without adding coverage (0.774688ms)
✔ actual DateNightHome: Anything→subsets and every local-only filter reuse data without network (1551.208369ms)
✔ actual DateNightHome: stale persisted unknown categories recover to Anything without weakening RPC validation (5.37634ms)
✔ actual DateNightHome: subset then mixed selection fetches only missing categories (9.699201ms)
✔ actual DateNightHome: bounded missing-category timeout preserves cached live contribution and partial warning (16.304781ms)
✔ actual DateNightHome: TTL refreshes on next category acquisition, not local-only toggles or elapsed time (12.046471ms)
✔ actual DateNightHome: radius narrows from acquired 50 mi without RPC; widening 15→50 acquires (18.645535ms)
✔ actual DateNightHome: late replacement response cannot seed reusable cache (17.305627ms)
✔ actual DateNightHome: late timeout response cannot seed reusable cache (18.776271ms)
✔ actual DateNightHome: component cache lifetime does not survive unmount or contaminate another session (12.262805ms)
ℹ tests 26
ℹ suites 0
ℹ pass 26
ℹ fail 0
ℹ cancelled 0
ℹ skipped 0
ℹ todo 0
ℹ duration_ms 1707.048459
