npm warn Unknown env config "http-proxy". This will stop working in the next major version of npm.

> test
> node scripts/test-runner.mjs

✔ persistent Android identity, SDK, lockfile and approved artwork agree (14.05358ms)
✔ native audit rejects package drift, insecure content and exposed WebView debugging (3.551282ms)
✔ Android version parser accepts future releases and rejects invalid Play codes (2.508874ms)
✔ Android workflow is artifact-only and does not regenerate the project or migrate (0.510589ms)
✔ Settings does not advertise an Android artifact that has not been published (0.812084ms)
✔ non-canvas app with no custom card gets a soft BRAND NOTE (utility exception) (4.038791ms)
✔ non-canvas app with a compliant card is silent (2.52715ms)
✔ card file without site.json card=custom warns (2.311973ms)
✔ card file with missing site.json warns for card=custom (2.77934ms)
✔ card file with invalid site.json warns for card=custom (1.682455ms)
✔ oversized card warns for non-canvas apps too (3.346235ms)
✔ canvas app with no card warns 'missing' and missing og:type (1.145433ms)
✔ canvas card without type still warns for og:type (1.297027ms)
✔ oversized card warns on the scraper budget (jpg and legacy png) (5.117469ms)
✔ compliant game (custom card + site.json type + x-banner) is silent (2.351307ms)
✔ __root.tsx og:type no longer satisfies the canvas gate (1.931064ms)
✔ oversized x-banner warns on the same scraper budget as og.jpg (3.081472ms)
✔ legacy png + site.json type still needs the X feed card (1.205771ms)
✔ siteDeclaresOgTypeGame reads the site contract (0.237224ms)
✔ a fresh og-pending marker silences the whole gate view (0.857114ms)
✔ a stale og-pending marker is ignored and the warnings return (0.779853ms)
✔ the marker goes stale on the clock, not on the file (1.322656ms)
✔ no marker means nothing is in flight (0.629517ms)
✔ parseBrandCheckArgs takes --game, --placeholder-ok and --root, and rejects the rest (0.489003ms)
✔ cli: a game missing its card reports JSON and exits 1 (57.890879ms)
✔ cli: a compliant game passes (73.274809ms)
✔ cli: the task's own marker is reported, not honoured (87.90617ms)
✔ cli: a bad argument fails with JSON on stderr (62.05678ms)
✔ cli: a non-game with no card fails too — the pass exists to produce one (64.983957ms)
✔ cli: --placeholder-ok is how a plain-utility pass reports no card as expected (108.122392ms)
✔ cli: a non-game with a compliant card passes (96.000495ms)
﹣ SKILL.md and AGENTS.md name the marker path and bound this script uses (0.125903ms) # External workspace OG documentation package is not installed in this checkout
﹣ the sections that own the brand-task prohibition never affirm a wait (0.065819ms) # External workspace OG documentation package is not installed in this checkout
﹣ SKILL.md tells the pass to self-check with the flag this CLI accepts (0.047484ms) # External workspace OG documentation package is not installed in this checkout
✔ browser acceptance rejects source/output drift and auth-disabled previews (12.266587ms)
✔ unfinished builds and sources changed during compilation cannot be blessed (16.430024ms)
✔ normalizes whitespace before hashing (2.928839ms)
✔ nullish and blank body text normalize to the empty string (0.254082ms)
✔ body text prefix is normalized and capped (0.183146ms)
✔ identical runs do not diverge (1.276772ms)
✔ status change diverges (0.497705ms)
✔ title change diverges (0.241378ms)
✔ title comparison is skipped when either side lacks one (0.475361ms)
✔ canvas disappearing diverges; canvas appearing does not (0.297133ms)
✔ horizontal overflow appearing diverges; clearing does not (0.622984ms)
✔ new console errors diverge (0.472471ms)
✔ errors already present in the baseline do not re-diverge (0.951166ms)
✔ body text collapse diverges (0.217606ms)
✔ body text dropping to zero reports collapse (0.199038ms)
✔ zero-length baseline reports growth via the hash branch, not collapse (0.936972ms)
✔ hash mismatch with a trivial length delta and same page start is tolerated (0.177967ms)
✔ hash mismatch with a trivial length delta but changed page start diverges (0.134993ms)
✔ prefix check is skipped when either side lacks a prefix (0.202576ms)
✔ length-delta tolerance boundary: 50 tolerated, 51 diverges (500-char baseline) (0.114745ms)
✔ length-delta floor dominates small baselines: 20 tolerated, 21 diverges (100-char baseline) (0.08166ms)
✔ collapse boundary: exactly half is 'changed', one below is 'collapsed' (0.097359ms)
✔ missing baseline viewport diverges (0.098805ms)
✔ empty or null baseline diverges for every viewport (0.219214ms)
✔ degenerate current verdict fails closed (0.242646ms)
✔ multiple signals across viewports all accumulate (0.105605ms)
✔ baselineComparison round-trips a valid baseline (0.204453ms)
✔ baselineComparison fails closed on malformed or wrong-shape baselines (0.354848ms)
✔ parseSmokeArgs defaults (0.23063ms)
✔ parseSmokeArgs consumes --baseline without shifting positionals (0.098367ms)
✔ parseSmokeArgs rejects a trailing --baseline flag (0.150956ms)
✔ parseSmokeArgs supports the --baseline= form (0.079322ms)
✔ parseSmokeArgs rejects unknown flags instead of treating them as positionals (0.073563ms)
✔ parseSmokeArgs env fallback and flag precedence (0.13645ms)
✔ derivedPaths handles .png, .PNG, and extensionless inputs (0.27177ms)
✔ exitCodeFor: clean run exits 0 (0.456088ms)
✔ exitCodeFor: errors in any single viewport exit 2 (0.200697ms)
✔ exitCodeFor: navigation failure in any viewport exits 1, beating errors (0.188945ms)
✔ exitCodeFor: 4xx boundary and missing status (0.135541ms)
✔ exitCodeFor: no viewport data is a failure (0.078752ms)
✔ browser-smoke wires the guard and verdict helpers (0.493569ms)
✔ browser-smoke file I/O only touches guarded paths (0.69597ms)
✔ casino evidence JSON is parseable; truncated ledgers cannot masquerade as complete (26.329881ms)
✔ keyed manifests preserve state names and integration override precedence (3.708475ms)
✔ missing or malformed jurisdiction objects fail closed (0.822572ms)
✔ nearby same-name rows reconcile once with latest ID and metadata (1.007462ms)
✔ same ID at distinct locations remains a hard failure (0.275349ms)
✔ small successive moves cannot conceal a distant same-ID conflict (0.295198ms)
✔ distant same-name destinations with distinct IDs are retained (0.257303ms)
✔ complete jurisdiction counts reject both missing and excess destinations (0.271985ms)
✔ legacy IDs use exported jurisdiction metadata rather than ID prefixes (0.242471ms)
✔ invalid coordinates, jurisdictions and complete-count values fail closed (0.757894ms)
✔ pending decision universes are not treated as runtime quotas (0.439875ms)
✔ nearby same-ID records with a renamed property use latest metadata (0.284336ms)
✔ missing identities cannot silently disappear from the audit (0.147264ms)
✔ every active jurisdiction needs an explicit manifest status (0.531034ms)
✔ unknown totals are allowed only for explicitly pending jurisdictions (0.429062ms)
✔ a supplied pending count must still be a positive integer (0.270285ms)
✔ authoritative sources and allowed status values remain required (0.137961ms)
✔ Beau Rivage keeps its original stable ID and one latest-property destination (139.026706ms)
✔ MGM Grand Las Vegas keeps its original stable ID and one latest-property destination (62.097092ms)
✔ audit follows runtime registration, including renamed imports (27.464957ms)
✔ unregistered imports and unknown runtime arrays fail closed (30.798906ms)
✔ duplicate, skipped and out-of-order passes cannot change audit precedence (1.977583ms)
✔ empty or missing runtime registration cannot pass validation (4.434018ms)
✔ real exported factory IDs and metadata survive loading (51.560145ms)
✔ missing or empty module exports fail instead of undercounting (19.629613ms)
✔ resumed additions preserve explicit point evidence, casino schema and active canonical identity (9.031809ms)
✔ local operator aliases merge without losing canonical points or merging distant same-brand casinos (4.870792ms)
✔ neighboring Otoe-Missouria casino floors and related travel components retain separate identity (1.43098ms)
✔ Casino Oklahoma uses its named casino point and routing street, separately from Sugar Creek (1.128165ms)
✔ Golden Eagle casinos in Oklahoma and Kansas survive identical names across states (0.516855ms)
✔ Prairie Sun closure cannot be revived by stale live tags or suppress current Prairie Moon (2.398155ms)
✔ new operator aliases cannot merge nearby independently operated casino floors (2.429427ms)
✔ reconciled travel-center destinations use the right city and current postal identity (1.098787ms)
[discovery] provider-chain {
  mode: 'nightlife',
  source: 'live',
  durationMs: 68,
  budgetExhausted: false,
  attempts: [ { mirror: 1, durationMs: 67, outcome: 'empty' } ]
}
[discovery] provider-chain {
  mode: 'nightlife',
  source: 'fallback',
  durationMs: 1,
  budgetExhausted: false,
  attempts: [
    { mirror: 1, durationMs: 0, outcome: 'network-error' },
    { mirror: 2, durationMs: 0, outcome: 'network-error' },
    { mirror: 3, durationMs: 0, outcome: 'network-error' },
    { mirror: 4, durationMs: 0, outcome: 'network-error' }
  ]
}
✔ invalid query coordinates and nonfinite radii cannot reach providers (2.412173ms)
✔ malformed provider records are discarded individually (2.050992ms)
✔ casino words in an unrelated bar name do not satisfy the casino filter (1.695984ms)
✔ closed property holds are geographically scoped and cannot suppress successors (0.558795ms)
✔ lifecycle tags exclude inactive venues but preserve a current repurposed bar (0.327916ms)
✔ same-brand neighboring casino floors do not borrow each other's live metadata (1.366177ms)
✔ canonical casino location and identity survive live merging (0.432152ms)
✔ valid empty responses remain empty results; invalid JSON shape falls back (74.959543ms)
✔ provider outages preserve the complete local canonical casino pool (2.211557ms)
✔ malformed optional fields cannot poison a provider response or create unsafe actions (2.334508ms)
✔ generic casino names cannot collapse distinct nearby properties into an empty identity (0.808232ms)
✔ reviewed predecessor names merge only into the same nearby current property (6.866211ms)
✔ closed Oklahoma predecessors stay excluded without suppressing operating successors (0.474071ms)
✔ Golden Pony closure cannot be revived by stale live tags or suppress unrelated places (5.625426ms)
✔ final casino aliases preserve canonical routing and do not absorb distant same-name properties (5.667447ms)
✔ nearby final-pass casinos remain distinct even inside the alias distance threshold (4.071036ms)
✔ same-brand town names and Pawnee satellite aliases cannot redirect live details to another casino (1.329097ms)
✔ Gold Town closure rejects stale casino tags while nearby Pahrump properties survive (2.555248ms)
✔ conflicting casino map metadata cannot replace the reviewed property or component point (1.156723ms)
✔ freeze accounting preserves resolved holds, unresolved candidates and historical rows honestly (2.388685ms)
✔ captured live casino responses exclude closed aliases and reconcile the reviewed regional pools (7.633592ms)
✔ Pass 50 has exactly four distinct evidence-backed physical destinations (1.953407ms)
✔ runtime points use source destination fields, never map viewport centres (1.626843ms)
✔ Cadence Crossing remains tied to corrected named-property evidence (68.532309ms)
[discovery] provider-chain {
  mode: 'nightlife',
  source: 'fallback',
  durationMs: 2,
  budgetExhausted: false,
  attempts: [
    { mirror: 1, durationMs: 1, outcome: 'malformed' },
    { mirror: 2, durationMs: 0, outcome: 'malformed' },
    { mirror: 3, durationMs: 0, outcome: 'malformed' },
    { mirror: 4, durationMs: 1, outcome: 'malformed' }
  ]
}
[discovery] provider-chain {
  mode: 'nightlife',
  source: 'error',
  durationMs: 2,
  budgetExhausted: false,
  attempts: [
    { mirror: 1, durationMs: 1, outcome: 'malformed' },
    { mirror: 2, durationMs: 0, outcome: 'malformed' },
    { mirror: 3, durationMs: 0, outcome: 'malformed' },
    { mirror: 4, durationMs: 0, outcome: 'malformed' }
  ]
}
[discovery] provider-chain {
  mode: 'nightlife',
  source: 'live',
  durationMs: 1,
  budgetExhausted: false,
  attempts: [ { mirror: 1, durationMs: 1, outcome: 'empty' } ]
}
✔ global manual origins retain final-pass casino identities and routing through actual discovery handlers (46.236571ms)
✔ switching a casino origin internationally keeps bounded closures local and preserves exact GPS coordinates (6.082161ms)
✔ incomplete provider replies retain honest casino fallback and international errors while valid empty replies stay empty (8.812941ms)
✔ current RC points match observed destination or named source fields (15.555778ms)
✔ rejected map centres cannot silently replace verified casino points (6.18792ms)
✔ current casinos survive while all reviewed closure aliases remain out of the curated catalog (6.323851ms)
✔ newly registered destinations preserve numerical property evidence and scope decisions (2.397966ms)
✔ additions enter once while pin corrections retain IDs and historical evidence (2.889986ms)
✔ nearby branded buildings and separately operated Oneida venues survive canonicalization (1.293395ms)
✔ final adversarial additions and correction preserve observed property destinations (5.603449ms)
✔ Slot Palace routing uses its operator directions address and preserves the separate resort (1.415883ms)
✔ final frontier destinations retain property evidence and survive all closure scopes (7.376411ms)
✔ casino floors remain distinct from nearby casino properties, off-site lodges and closed predecessors (1.866786ms)
✔ recent legacy exports retain their latest source identity and property point (7.978038ms)
✔ every serialized runtime casino satisfies the application data schema (11.226284ms)
✔ missing required fields, duplicate type tags, wrong categories and malformed nulls fail (1.287427ms)
✔ coordinate range, state leakage and jurisdiction disagreement are rejected (0.347986ms)
✔ new passes cannot activate without identity and coordinate evidence (0.60273ms)
✔ unsafe website schemes cannot enter destination actions (0.418873ms)
✔ strict open-now requires known open hours; default exposes saved destinations honestly (2.237202ms)
✔ casino type, radius and known/unknown price filters compose (0.372298ms)
✔ favorites, permanent exclusions and expiring exclusions protect selection (0.354258ms)
✔ empty and singleton pools terminate with correct option counts (0.528308ms)
✔ options never return duplicate identifiers or mutate the input (0.298083ms)
✔ energy and repeat penalties influence weighted picks without excluding all shown places (0.352154ms)
✔ large catalog sampling retains Unicode names and distinct options (32.069841ms)
✔ the flag predicate matches src/lib/auth (3.58759ms)
✔ reads the value a live dev server resolved (0.523088ms)
✔ a server started without the flag reads as sign-in on (0.166803ms)
✔ agreement passes (0.19258ms)
✔ divergence fails in either direction (0.49396ms)
✔ an unobservable dev server is indeterminate, not agreement (0.124164ms)
✔ a dev server that cannot be reached probes as null (0.199332ms)
✔ a server without the endpoint probes as null, not as agreement (0.303644ms)
✔ only a divergence warns the smoke verdict (2.170129ms)
✔ the build side resolves the template's shipped app-env (0.948139ms)
✔ the CLI reports rather than silently passing when run via a symlink (157.509559ms)
✔ Anything coverage satisfies every later category and subset without acquiring again (3.420258ms)
✔ coverage is category-specific within a group; only missing types are requested (15.344093ms)
✔ valid-empty coverage is reusable and preserves its origin; failed/cancelled categories stay missing (0.414602ms)
✔ complete fallback and legacy missing metadata never establish reusable live coverage (0.466154ms)
✔ cached successes plus fresh failure preserve partial live data and disjoint category outcomes (1.414748ms)
✔ cached live success survives missing-category transport failure without asserting coverage (0.519924ms)
✔ radius narrowing reuses larger coverage but widening cannot use a narrower entry (1.148506ms)
✔ latitude separates incompatible cache coverage (0.492602ms)
✔ longitude separates incompatible cache coverage (0.342227ms)
✔ Halloween activation separates incompatible cache coverage (0.458461ms)
✔ semantic version separates incompatible cache coverage (0.321454ms)
✔ TTL expires exactly at bound; reads and fresh missing-category combinations never rejuvenate old coverage (0.63062ms)
✔ new valid-empty category coverage cannot resurrect old venues through a reused superset (0.49261ms)
✔ equal-timestamp freshness uses admission order even after an older superset becomes most recently used (0.404532ms)
✔ LRU entry and aggregate raw-venue caps evict whole entries without truncated coverage (1.10975ms)
✔ cache assembly preserves catalog aliases, full evidence, hours precedence and lifecycle in either insertion order (3.054598ms)
✔ fresh cross-category lifecycle evidence suppresses an older cached active identity without adding coverage (0.719208ms)
✔ actual DateNightHome: Anything→subsets and every local-only filter reuse data without network (415.674318ms)
✔ actual DateNightHome: stale persisted unknown categories recover to Anything without weakening RPC validation (37.66296ms)
✔ actual DateNightHome: subset then mixed selection fetches only missing categories (12.623287ms)
✔ actual DateNightHome: bounded missing-category timeout preserves cached live contribution and partial warning (10.259886ms)
✔ actual DateNightHome: TTL refreshes on next category acquisition, not local-only toggles or elapsed time (12.038927ms)
✔ actual DateNightHome: radius narrows from acquired 50 mi without RPC; widening 15→50 acquires (24.952808ms)
✔ actual DateNightHome: late replacement response cannot seed reusable cache (11.910893ms)
✔ actual DateNightHome: late timeout response cannot seed reusable cache (14.639619ms)
✔ actual DateNightHome: component cache lifetime does not survive unmount or contaminate another session (13.422468ms)
✔ Date Night hedge mirror 2 wins at 1500ms and cancels losing attempts (30.937858ms)
✔ Date Night hedge mirror 3 wins at 3000ms and cancels losing attempts (3.268916ms)
✔ Date Night hedge mirror 4 wins at 4500ms and cancels losing attempts (2.90817ms)
✔ Date Night all fetch stalls settle by 12.5s even when abort is honored (3.3228ms)
✔ Date Night all fetch stalls settle by 12.5s even when abort is ignored (1.920467ms)
✔ Date Night all body stalls settle by 12.5s even when abort is honored (1.74263ms)
✔ Date Night all body stalls settle by 12.5s even when abort is ignored (1.545161ms)
✔ Date Night groups share the unchanged absolute 20s deadline, including abort-ignoring work (1.850817ms)
✔ Date Night immediate 429 advances immediately and preserves normalized failure (2.127426ms)
✔ Date Night immediate 500 advances immediately and preserves normalized failure (1.141571ms)
✔ Date Night immediate 504 advances immediately and preserves normalized failure (1.226956ms)
✔ Date Night immediate malformed advances immediately and preserves normalized failure (0.732296ms)
✔ Date Night immediate invalid-json advances immediately and preserves normalized failure (1.642614ms)
✔ Date Night immediate abort advances immediately and preserves normalized failure (0.818141ms)
✔ Date Night immediate network-error advances immediately and preserves normalized failure (0.660323ms)
✔ Date Night valid empty wins and differs from failure (0.585894ms)
✔ Date Night late loser success/rejection cannot replace winner or mutate recorded outcome (13.201548ms)
✔ Date Night cancellation aborts active attempts, stops scheduled hedges and records cancelled group (1.533602ms)
✔ Date Night four groups never exceed sixteen fixed-mirror attempts and reject duplicate/untrusted group IDs (4.363714ms)
✔ seasonal live success survives stalled parks and merges saved coverage with honest partial metadata (113.515796ms)
✔ entertainment survives seasonal HTTP failure with selected failed coverage retained (10.794808ms)
✔ valid empty requested group is successful coverage, distinct from missing venues and failed acquisition (3.974912ms)
✔ valid empty success with a failed sibling remains partial live, not fallback or terminal error (2.579899ms)
✔ cross-group equal OSM identity unions disjoint classifications despite changed provider name (7.903305ms)
✔ identical cross-group evidence is deduplicated and permanently closed evidence dominates active siblings (17.628318ms)
✔ malformed missing-elements sibling cannot erase valid seasonal live response (5.368392ms)
✔ malformed remark sibling cannot erase valid seasonal live response (1.524347ms)
✔ malformed invalid-json sibling cannot erase valid seasonal live response (8.550565ms)
✔ all four groups/mirrors stalled settle honest saved fallback at 12.5s (16.419114ms)
✔ all four groups/mirrors stalled settle terminal error at 12.5s (3.438008ms)
✔ all valid-empty groups are live coverage rather than outage even with zero venues (10.592293ms)
✔ Date Night ordinary partial UI preserves live picks and discloses failed groups (821.323715ms)
✔ Date Night seasonal partial UI preserves live picks and discloses failed groups (16.94946ms)
[discovery] provider-chain {
  mode: 'date-night',
  strategy: 'hedged',
  source: 'merged',
  durationMs: 2,
  budgetExhausted: false,
  requestedGroups: 1,
  successfulGroups: 1,
  failedGroups: 0,
  partial: false,
  groups: [
    {
      group: 'culture',
      outcome: 'empty',
      durationMs: 1,
      winnerMirror: 1
    }
  ],
  attempts: [
    {
      group: 'culture',
      mirror: 1,
      hedgeOffsetMs: 0,
      durationMs: 1,
      outcome: 'empty'
    }
  ]
}
[discovery] provider-chain {
  mode: 'date-night',
  strategy: 'hedged',
  source: 'merged',
  durationMs: 2,
  budgetExhausted: false,
  requestedGroups: 1,
  successfulGroups: 1,
  failedGroups: 0,
  partial: false,
  groups: [
    {
      group: 'seasonal',
      outcome: 'empty',
      durationMs: 1,
      winnerMirror: 1
    }
  ],
  attempts: [
    {
      group: 'seasonal',
      mirror: 1,
      hedgeOffsetMs: 0,
      durationMs: 1,
      outcome: 'empty'
    }
  ]
}
[discovery] provider-chain {
  mode: 'date-night',
  strategy: 'hedged',
  source: 'merged',
  durationMs: 1,
  budgetExhausted: false,
  requestedGroups: 1,
  successfulGroups: 1,
  failedGroups: 0,
  partial: false,
  groups: [
    {
      group: 'culture',
      outcome: 'empty',
      durationMs: 1,
      winnerMirror: 1
    }
  ],
  attempts: [
    {
      group: 'culture',
      mirror: 1,
      hedgeOffsetMs: 0,
      durationMs: 1,
      outcome: 'empty'
    }
  ]
}
✔ all Date Night category plans use exact keys, including every seasonal subset and lifecycle prefix (10.025897ms)
✔ exact-key refinement preserves canonical reachability/classification for all seven subsets, contexts, fields and lifecycle prefixes (1175.587565ms)
✔ bounded context preselection never leaks generic places into seasonal output (6.461117ms)
✔ precise and lifecycle selectors stay independent of the active context set (3.926023ms)
✔ query fixture interpreter rejects missing/unknown sets, unbounded selectors and unexpected output grammar (3.785153ms)
✔ exact text keys preserve classifier key casing while still matching case-insensitive values (4.607312ms)
✔ Anything, omitted and empty category input produce all and only active query groups (0.950089ms)
✔ specific categories plan only required groups and combine selected siblings (0.789918ms)
✔ query plans and normalized coverage signatures are deterministic without mutating caller input (0.429658ms)
✔ Halloween OFF strips stale seasonal selections and preserves existing Anything fallback (0.657877ms)
✔ activity validation rejects malformed, inherited, unknown and query-injection inputs (1.068679ms)
✔ every ordinary category owns its exact active clauses and only relevant lifecycle companions (19.827361ms)
✔ query construction independently enforces concrete whitelist input, finite coordinates and capped radius (0.795336ms)
✔ seasonal-only queries do not acquire unrelated ordinary or seasonal offerings (3.995635ms)
✔ precise seasonal attraction and agricultural maze representations remain reachable (10.228431ms)
✔ selected seasonal metadata remains reachable across every supported context, field and separator (31.77932ms)
✔ retained Exeter theme-park record remains acquired by a Corn Maze-only plan (0.550246ms)
✔ narrowed seasonal acquisition retains lifecycle-only evidence previously reached through broad contexts (7.971837ms)
✔ real selected query cannot resurrect an active duplicate by dropping its lifecycle-only theme-park record (55.279106ms)
✔ narrowed acquisition never turns generic, negative or unrelated evidence into seasonal classification (5.45458ms)
✔ real server validator rejects hostile category input before any provider request (0.804287ms)
✔ real server request uses validated selected clauses, normalizes inactive seasonal input and preserves radius cap (8.53438ms)
✔ dinner: success settles active UI and clears watchdog before deadline (732.599786ms)
✔ dinner: fallback settles active UI and clears watchdog before deadline (10.371024ms)
✔ dinner: error settles active UI and clears watchdog before deadline (6.309584ms)
✔ dinner: AbortError settles active UI and clears watchdog before deadline (13.865544ms)
✔ dinner: never-settling/abort-ignoring RPC exits loading at 25s (12.864ms)
✔ dinner: abort-compliant RPC exits loading at 25s (12.073947ms)
✔ dinner: late post-timeout success cannot overwrite timeout or a successful retry (14.883896ms)
✔ dinner: late post-timeout rejection cannot overwrite timeout or a successful retry (15.737177ms)
✔ dinner: replacement aborts old success; old settles first (19.987614ms)
✔ dinner: replacement aborts old success; new settles first (12.64308ms)
✔ dinner: replacement aborts old rejection; old settles first (26.955732ms)
✔ dinner: replacement aborts old rejection; new settles first (11.860559ms)
✔ dinner: unmount aborts/cleans up; success cannot write after unmount (7.70544ms)
✔ dinner: unmount aborts/cleans up; rejection cannot write after unmount (7.471136ms)
✔ dinner: unmount aborts/cleans up; pending cannot write after unmount (7.910013ms)
✔ dinner: radius replacement cancels transport; normal filters/options/pick still work (20.347404ms)
✔ dinner: timeout then retry success remains current when the first RPC finally resolves (8.732603ms)
✔ date-night: success settles active UI and clears watchdog before deadline (196.607759ms)
✔ date-night: fallback settles active UI and clears watchdog before deadline (8.26642ms)
✔ date-night: error settles active UI and clears watchdog before deadline (3.683597ms)
✔ date-night: AbortError settles active UI and clears watchdog before deadline (4.048756ms)
✔ date-night: never-settling/abort-ignoring RPC exits loading at 25s (4.388773ms)
✔ date-night: abort-compliant RPC exits loading at 25s (15.216604ms)
✔ date-night: late post-timeout success cannot overwrite timeout or a successful retry (22.690464ms)
✔ date-night: late post-timeout rejection cannot overwrite timeout or a successful retry (12.309405ms)
✔ date-night: replacement aborts old success; old settles first (19.78204ms)
✔ date-night: replacement aborts old success; new settles first (21.834224ms)
✔ date-night: replacement aborts old rejection; old settles first (18.788528ms)
✔ date-night: replacement aborts old rejection; new settles first (13.523021ms)
✔ date-night: unmount aborts/cleans up; success cannot write after unmount (8.136368ms)
✔ date-night: unmount aborts/cleans up; rejection cannot write after unmount (10.239674ms)
✔ date-night: unmount aborts/cleans up; pending cannot write after unmount (13.1191ms)
✔ date-night: radius replacement cancels transport; normal filters/options/pick still work (13.238122ms)
✔ date-night: timeout then retry success remains current when the first RPC finally resolves (11.286655ms)
✔ nightlife: success settles active UI and clears watchdog before deadline (89.694608ms)
✔ nightlife: fallback settles active UI and clears watchdog before deadline (5.376696ms)
✔ nightlife: error settles active UI and clears watchdog before deadline (4.476092ms)
✔ nightlife: AbortError settles active UI and clears watchdog before deadline (1.945857ms)
✔ nightlife: never-settling/abort-ignoring RPC exits loading at 25s (2.93516ms)
✔ nightlife: abort-compliant RPC exits loading at 25s (2.862618ms)
✔ nightlife: late post-timeout success cannot overwrite timeout or a successful retry (8.114493ms)
✔ nightlife: late post-timeout rejection cannot overwrite timeout or a successful retry (9.532987ms)
✔ nightlife: replacement aborts old success; old settles first (3.781326ms)
✔ nightlife: replacement aborts old success; new settles first (5.96827ms)
✔ nightlife: replacement aborts old rejection; old settles first (3.250788ms)
✔ nightlife: replacement aborts old rejection; new settles first (3.991573ms)
✔ nightlife: unmount aborts/cleans up; success cannot write after unmount (2.612499ms)
✔ nightlife: unmount aborts/cleans up; rejection cannot write after unmount (2.625625ms)
✔ nightlife: unmount aborts/cleans up; pending cannot write after unmount (2.591553ms)
✔ nightlife: radius replacement cancels transport; normal filters/options/pick still work (4.445674ms)
✔ nightlife: timeout then retry success remains current when the first RPC finally resolves (3.142079ms)
✔ Date Night: seasonal dependency replacement aborts the previous request (4.367891ms)
✔ pinned TanStack RPC forwards the exact controller signal to fetch and settles on abort (82.629449ms)
✔ shared lifecycle also settles synchronous RPC throws without leaving a watchdog (16.213699ms)
✔ dinner: headers stalls settle fallback within the provider bound (67.505323ms)
✔ dinner: headers stalls settle error within the provider bound (7.365482ms)
✔ dinner: body stalls settle fallback within the provider bound (24.027932ms)
✔ dinner: body stalls settle error within the provider bound (1.440949ms)
✔ dinner: first stall then second success returns at 8s and clears timers (49.239533ms)
✔ dinner: immediate 429 advances without delay; saved coverage and terminal error preserved (32.093896ms)
✔ dinner: immediate 500 advances without delay; saved coverage and terminal error preserved (22.647503ms)
✔ dinner: immediate 504 advances without delay; saved coverage and terminal error preserved (18.845779ms)
✔ dinner: immediate missing-elements advances without delay; saved coverage and terminal error preserved (27.025298ms)
✔ dinner: immediate remark advances without delay; saved coverage and terminal error preserved (11.595565ms)
✔ dinner: immediate invalid-json advances without delay; saved coverage and terminal error preserved (13.168303ms)
✔ dinner: valid empty results retain mode-specific mirror and source semantics (3.580594ms)
✔ dinner: normal first success is quiet, abort errors categorized, raw exceptions never logged (17.984696ms)
✔ date-night: headers stalls settle fallback within the provider bound (122.032921ms)
✔ date-night: headers stalls settle error within the provider bound (2.050567ms)
✔ date-night: body stalls settle fallback within the provider bound (4.303896ms)
✔ date-night: body stalls settle error within the provider bound (7.752933ms)
✔ date-night: first stall then second success returns at 1.5s and clears timers (3.009212ms)
✔ date-night: immediate 429 advances without delay; saved coverage and terminal error preserved (4.22121ms)
✔ date-night: immediate 500 advances without delay; saved coverage and terminal error preserved (2.374384ms)
✔ date-night: immediate 504 advances without delay; saved coverage and terminal error preserved (2.218022ms)
✔ date-night: immediate missing-elements advances without delay; saved coverage and terminal error preserved (2.509809ms)
✔ date-night: immediate remark advances without delay; saved coverage and terminal error preserved (2.595661ms)
✔ date-night: immediate invalid-json advances without delay; saved coverage and terminal error preserved (1.943521ms)
✔ date-night: valid empty results retain mode-specific mirror and source semantics (1.580867ms)
✔ date-night: normal first success is quiet, abort errors categorized, raw exceptions never logged (1.438779ms)
✔ nightlife: headers stalls settle fallback within the provider bound (2.948041ms)
✔ nightlife: headers stalls settle error within the provider bound (1.23279ms)
✔ nightlife: body stalls settle fallback within the provider bound (1.106117ms)
✔ nightlife: body stalls settle error within the provider bound (0.938519ms)
✔ nightlife: first stall then second success returns at 8s and clears timers (2.339691ms)
✔ nightlife: immediate 429 advances without delay; saved coverage and terminal error preserved (1.106355ms)
✔ nightlife: immediate 500 advances without delay; saved coverage and terminal error preserved (2.175013ms)
✔ nightlife: immediate 504 advances without delay; saved coverage and terminal error preserved (1.407338ms)
✔ nightlife: immediate missing-elements advances without delay; saved coverage and terminal error preserved (2.250739ms)
✔ nightlife: immediate remark advances without delay; saved coverage and terminal error preserved (1.869455ms)
✔ nightlife: immediate invalid-json advances without delay; saved coverage and terminal error preserved (2.024039ms)
✔ nightlife: valid empty results retain mode-specific mirror and source semantics (0.868869ms)
✔ nightlife: normal first success is quiet, abort errors categorized, raw exceptions never logged (1.43039ms)
✔ Dinner retains successful-empty precedence when subsequent mirrors exhaust the budget (3.544911ms)
✔ shared provider attempt uses native timer and real fetch body abort (115.562086ms)
✔ Nitro final streaming head: pickforus.app/ (17.194888ms)
✔ Nitro final streaming head: pickforus.app/settings (4.784269ms)
✔ Nitro final streaming head: pickforus.app/history (2.932544ms)
✔ Nitro final streaming head: pickforus.app/favorites (10.318989ms)
✔ Nitro final streaming head: dinner-roulette-chi.vercel.app/ (6.22393ms)
✔ Nitro final streaming head: dinner-roulette-chi.vercel.app/settings (3.845389ms)
✔ Nitro final streaming head: dinner-roulette-chi.vercel.app/history (4.163798ms)
✔ Nitro final streaming head: dinner-roulette-chi.vercel.app/favorites (3.463988ms)
✔ Nitro final streaming head: dinner-roulette-candidate-minions.vercel.app/ (3.234083ms)
✔ Nitro final streaming head: dinner-roulette-candidate-minions.vercel.app/settings (4.668827ms)
✔ Nitro final streaming head: dinner-roulette-candidate-minions.vercel.app/history (2.521291ms)
✔ Nitro final streaming head: dinner-roulette-candidate-minions.vercel.app/favorites (2.544553ms)
✔ canonical authority ignores stale public-host env and strips query/hash/trailing slash (1.130041ms)
✔ unknown/system/local hosts cannot become indexable canonical origins (1.070345ms)
✔ Nitro compatibility manifests match static public manifest without a workspace filesystem (3.468559ms)
✔ Nitro install tutorial has coherent identity, relative app link and noindex (1.480841ms)
✔ Nitro preserves non-document, non-GET and encoded responses (1.02963ms)
✔ Vite dev final response and installation endpoints (120.360117ms)
✔ Vite preview final response and installation endpoints (108.613707ms)
✔ injects before </head> (10.224739ms)
✔ injects the extensions script without a project id (0.567255ms)
✔ injects project id on the script and meta when provided (0.754985ms)
✔ does not duplicate grok:app_id (1.380708ms)
✔ omits x:creator tags without both creator values (4.942028ms)
✔ injects x:creator tags when both creator values are set (0.34854ms)
✔ escapes x:creator values (0.16077ms)
✔ does not duplicate x:creator tags (2.591955ms)
✔ platform chrome overwrites share-card metas and always sets og:title (0.687363ms)
✔ does not duplicate twitter:card or og:title (1.121923ms)
✔ a baked site.image is treated as a custom card (0.887796ms)
✔ baked identity does not need a workspace filesystem (0.695295ms)
✔ a public card file wins over a baked site without card=custom (1.065352ms)
✔ public/og.png wins when jpg is absent (0.562375ms)
✔ resolveOgCardAsset: disk file, then bake, then empty (placeholder) (0.920994ms)
✔ snapshotOgIdentity stamps card=custom from a public card file (0.392943ms)
✔ snapshotOgIdentity stamps banner from public/x-banner.jpg (0.383268ms)
✔ emits x:game:image for a public host when site.banner is set (0.298415ms)
✔ does not emit x:game:image without a public host or banner (0.467471ms)
✔ site title Grok App is a real name, not a sentinel (0.418018ms)
✔ published grok.me slug is still a title fallback (0.486707ms)
✔ rejects Vercel system hosts as og:image origins (0.312514ms)
✔ published VITE_PUBLIC_HOSTNAME wins over request Host for og:image (0.509082ms)
✔ vercel Host without a public hostname emits no og:image (0.281167ms)
✔ emits og:image for a public host and prefers a custom card (0.429047ms)
✔ placeholder og:image appends site.color when it is 6-digit hex (0.459857ms)
✔ document title entities are not double-escaped on og:title (0.362049ms)
✔ site.json title wins over the host slug (0.299889ms)
✔ injects into documents with no head element (0.481879ms)
✔ streaming injector matches </HEAD> case-insensitively (0.714191ms)
✔ does not duplicate the extensions script (0.528513ms)
✔ is idempotent (0.899993ms)
✔ uses the app name in the injected title tag (0.335891ms)
✔ streaming injector handles </head> split across chunks (1.033751ms)
✔ streaming injector passes post-head chunks through untouched (0.910717ms)
✔ streaming injector falls back when no </head> is seen (0.828408ms)
✔ detects install query (0.75625ms)
✔ filters non-document paths (0.716954ms)
✔ strips install params from the app link (0.260897ms)
✔ uses product identity as the host-name fallback (0.141804ms)
✔ rejects hosts that are not plain slugs (0.127648ms)
✔ renders install page markup (0.707481ms)
✔ escapes host-derived values in the install page (0.414743ms)
✔ renders the compatibility manifest with the product identity (2.533174ms)
✔ vite config keeps the nitro serverDir wiring (0.478801ms)
✔ nitro middleware and its bundled assets exist (2.272159ms)
✔ vite plugin bakes og identity as a virtual module (0.433991ms)
✔ live favicon metadata uses the approved PNG with MIME and size (2.237818ms)
✔ public manifest has the exact unified PNG icon set (1.752321ms)
[discovery] provider-chain {
  mode: 'dinner',
  source: 'live',
  durationMs: 3,
  budgetExhausted: false,
  attempts: [
    { mirror: 1, durationMs: 1, outcome: 'empty' },
    { mirror: 2, durationMs: 0, outcome: 'empty' },
    { mirror: 3, durationMs: 1, outcome: 'empty' },
    { mirror: 4, durationMs: 1, outcome: 'empty' }
  ]
}
[discovery] provider-chain {
  mode: 'dinner',
  source: 'error',
  durationMs: 2,
  budgetExhausted: false,
  attempts: [
    { mirror: 1, durationMs: 1, outcome: 'malformed' },
    { mirror: 2, durationMs: 0, outcome: 'malformed' },
    { mirror: 3, durationMs: 0, outcome: 'malformed' },
    { mirror: 4, durationMs: 0, outcome: 'malformed' }
  ]
}
[discovery] provider-chain {
  mode: 'dinner',
  source: 'error',
  durationMs: 2,
  budgetExhausted: false,
  attempts: [
    { mirror: 1, durationMs: 1, outcome: 'malformed' },
    { mirror: 2, durationMs: 0, outcome: 'malformed' },
    { mirror: 3, durationMs: 0, outcome: 'malformed' },
    { mirror: 4, durationMs: 0, outcome: 'malformed' }
  ]
}
[discovery] provider-chain {
  mode: 'dinner',
  source: 'error',
  durationMs: 1,
  budgetExhausted: false,
  attempts: [
    { mirror: 1, durationMs: 0, outcome: 'network-error' },
    { mirror: 2, durationMs: 0, outcome: 'network-error' },
    { mirror: 3, durationMs: 0, outcome: 'network-error' },
    { mirror: 4, durationMs: 0, outcome: 'network-error' }
  ]
}
[discovery] provider-chain {
  mode: 'dinner',
  source: 'fallback',
  durationMs: 1,
  budgetExhausted: false,
  attempts: [
    { mirror: 1, durationMs: 0, outcome: 'network-error' },
    { mirror: 2, durationMs: 0, outcome: 'network-error' },
    { mirror: 3, durationMs: 0, outcome: 'network-error' },
    { mirror: 4, durationMs: 0, outcome: 'network-error' }
  ]
}
[discovery] provider-chain {
  mode: 'nightlife',
  source: 'live',
  durationMs: 0,
  budgetExhausted: false,
  attempts: [ { mirror: 1, durationMs: 0, outcome: 'empty' } ]
}
[discovery] provider-chain {
  mode: 'nightlife',
  source: 'error',
  durationMs: 1,
  budgetExhausted: false,
  attempts: [
    { mirror: 1, durationMs: 0, outcome: 'malformed' },
    { mirror: 2, durationMs: 0, outcome: 'malformed' },
    { mirror: 3, durationMs: 0, outcome: 'malformed' },
    { mirror: 4, durationMs: 0, outcome: 'malformed' }
  ]
}
[discovery] provider-chain {
  mode: 'nightlife',
  source: 'error',
  durationMs: 1,
  budgetExhausted: false,
  attempts: [
    { mirror: 1, durationMs: 0, outcome: 'malformed' },
    { mirror: 2, durationMs: 0, outcome: 'malformed' },
    { mirror: 3, durationMs: 0, outcome: 'malformed' },
    { mirror: 4, durationMs: 0, outcome: 'malformed' }
  ]
}
[discovery] provider-chain {
  mode: 'nightlife',
  source: 'error',
  durationMs: 0,
  budgetExhausted: false,
  attempts: [
    { mirror: 1, durationMs: 0, outcome: 'network-error' },
    { mirror: 2, durationMs: 0, outcome: 'network-error' },
    { mirror: 3, durationMs: 0, outcome: 'network-error' },
    { mirror: 4, durationMs: 0, outcome: 'network-error' }
  ]
}
[discovery] provider-chain {
  mode: 'nightlife',
  source: 'fallback',
  durationMs: 1,
  budgetExhausted: false,
  attempts: [
    { mirror: 1, durationMs: 0, outcome: 'network-error' },
    { mirror: 2, durationMs: 0, outcome: 'network-error' },
    { mirror: 3, durationMs: 0, outcome: 'network-error' },
    { mirror: 4, durationMs: 0, outcome: 'network-error' }
  ]
}
[discovery] provider-chain {
  mode: 'date-night',
  strategy: 'hedged',
  source: 'live',
  durationMs: 16,
  budgetExhausted: false,
  requestedGroups: 3,
  successfulGroups: 1,
  failedGroups: 2,
  partial: true,
  groups: [
    { group: 'entertainment', outcome: 'failed', durationMs: 14 },
    {
      group: 'culture',
      outcome: 'success',
      durationMs: 11,
      winnerMirror: 1
    },
    { group: 'outdoor', outcome: 'failed', durationMs: 14 }
  ],
  attempts: [
    {
      group: 'culture',
      mirror: 1,
      hedgeOffsetMs: 0,
      durationMs: 11,
      outcome: 'success'
    },
    {
      group: 'entertainment',
      mirror: 1,
      hedgeOffsetMs: 0,
      durationMs: 8,
      outcome: 'network-error'
    },
    {
      group: 'entertainment',
      mirror: 2,
      hedgeOffsetMs: 9,
      durationMs: 3,
      outcome: 'network-error'
    },
    {
      group: 'entertainment',
      mirror: 3,
      hedgeOffsetMs: 11,
      durationMs: 1,
      outcome: 'network-error'
    },
    {
      group: 'entertainment',
      mirror: 4,
      hedgeOffsetMs: 12,
      durationMs: 2,
      outcome: 'network-error'
    },
    {
      group: 'outdoor',
      mirror: 1,
      hedgeOffsetMs: 0,
      durationMs: 8,
      outcome: 'network-error'
    },
    {
      group: 'outdoor',
      mirror: 2,
      hedgeOffsetMs: 8,
      durationMs: 3,
      outcome: 'network-error'
    },
    {
      group: 'outdoor',
      mirror: 3,
      hedgeOffsetMs: 11,
      durationMs: 1,
      outcome: 'network-error'
    },
    {
      group: 'outdoor',
      mirror: 4,
      hedgeOffsetMs: 12,
      durationMs: 2,
      outcome: 'network-error'
    }
  ]
}
[discovery] provider-chain {
  mode: 'date-night',
  strategy: 'hedged',
  source: 'live',
  durationMs: 3,
  budgetExhausted: false,
  requestedGroups: 3,
  successfulGroups: 1,
  failedGroups: 2,
  partial: true,
  groups: [
    { group: 'entertainment', outcome: 'failed', durationMs: 2 },
    {
      group: 'culture',
      outcome: 'success',
      durationMs: 2,
      winnerMirror: 1
    },
    { group: 'outdoor', outcome: 'failed', durationMs: 2 }
  ],
  attempts: [
    {
      group: 'culture',
      mirror: 1,
      hedgeOffsetMs: 0,
      durationMs: 2,
      outcome: 'success'
    },
    {
      group: 'entertainment',
      mirror: 1,
      hedgeOffsetMs: 0,
      durationMs: 1,
      outcome: 'network-error'
    },
    {
      group: 'entertainment',
      mirror: 2,
      hedgeOffsetMs: 1,
      durationMs: 1,
      outcome: 'network-error'
    },
    {
      group: 'entertainment',
      mirror: 3,
      hedgeOffsetMs: 2,
      durationMs: 0,
      outcome: 'network-error'
    },
    {
      group: 'entertainment',
      mirror: 4,
      hedgeOffsetMs: 2,
      durationMs: 0,
      outcome: 'network-error'
    },
    {
      group: 'outdoor',
      mirror: 1,
      hedgeOffsetMs: 0,
      durationMs: 1,
      outcome: 'network-error'
    },
    {
      group: 'outdoor',
      mirror: 2,
      hedgeOffsetMs: 1,
      durationMs: 1,
      outcome: 'network-error'
    },
    {
      group: 'outdoor',
      mirror: 3,
      hedgeOffsetMs: 2,
      durationMs: 0,
      outcome: 'network-error'
    },
    {
      group: 'outdoor',
      mirror: 4,
      hedgeOffsetMs: 2,
      durationMs: 0,
      outcome: 'network-error'
    }
  ]
}
[discovery] provider-chain {
  mode: 'date-night',
  strategy: 'hedged',
  source: 'live',
  durationMs: 3,
  budgetExhausted: false,
  requestedGroups: 3,
  successfulGroups: 1,
  failedGroups: 2,
  partial: true,
  groups: [
    { group: 'entertainment', outcome: 'failed', durationMs: 3 },
    {
      group: 'culture',
      outcome: 'success',
      durationMs: 1,
      winnerMirror: 1
    },
    { group: 'outdoor', outcome: 'failed', durationMs: 2 }
  ],
  attempts: [
    {
      group: 'culture',
      mirror: 1,
      hedgeOffsetMs: 0,
      durationMs: 1,
      outcome: 'success'
    },
    {
      group: 'entertainment',
      mirror: 1,
      hedgeOffsetMs: 0,
      durationMs: 1,
      outcome: 'network-error'
    },
    {
      group: 'entertainment',
      mirror: 2,
      hedgeOffsetMs: 1,
      durationMs: 1,
      outcome: 'network-error'
    },
    {
      group: 'entertainment',
      mirror: 3,
      hedgeOffsetMs: 2,
      durationMs: 1,
      outcome: 'network-error'
    },
    {
      group: 'entertainment',
      mirror: 4,
      hedgeOffsetMs: 2,
      durationMs: 0,
      outcome: 'network-error'
    },
    {
      group: 'outdoor',
      mirror: 1,
      hedgeOffsetMs: 0,
      durationMs: 1,
      outcome: 'network-error'
    },
    {
      group: 'outdoor',
      mirror: 2,
      hedgeOffsetMs: 1,
      durationMs: 1,
      outcome: 'network-error'
    },
    {
      group: 'outdoor',
      mirror: 3,
      hedgeOffsetMs: 1,
      durationMs: 1,
      outcome: 'network-error'
    },
    {
      group: 'outdoor',
      mirror: 4,
      hedgeOffsetMs: 2,
      durationMs: 0,
      outcome: 'network-error'
    }
  ]
}
[discovery] provider-chain {
  mode: 'date-night',
  strategy: 'hedged',
  source: 'live',
  durationMs: 3,
  budgetExhausted: false,
  requestedGroups: 3,
  successfulGroups: 1,
  failedGroups: 2,
  partial: true,
  groups: [
    { group: 'entertainment', outcome: 'failed', durationMs: 3 },
    {
      group: 'culture',
      outcome: 'success',
      durationMs: 2,
      winnerMirror: 1
    },
    { group: 'outdoor', outcome: 'failed', durationMs: 3 }
  ],
  attempts: [
    {
      group: 'culture',
      mirror: 1,
      hedgeOffsetMs: 0,
      durationMs: 2,
      outcome: 'success'
    },
    {
      group: 'entertainment',
      mirror: 1,
      hedgeOffsetMs: 0,
      durationMs: 1,
      outcome: 'network-error'
    },
    {
      group: 'entertainment',
      mirror: 2,
      hedgeOffsetMs: 1,
      durationMs: 1,
      outcome: 'network-error'
    },
    {
      group: 'entertainment',
      mirror: 3,
      hedgeOffsetMs: 2,
      durationMs: 1,
      outcome: 'network-error'
    },
    {
      group: 'entertainment',
      mirror: 4,
      hedgeOffsetMs: 2,
      durationMs: 1,
      outcome: 'network-error'
    },
    {
      group: 'outdoor',
      mirror: 1,
      hedgeOffsetMs: 0,
      durationMs: 1,
      outcome: 'network-error'
    },
    {
      group: 'outdoor',
      mirror: 2,
      hedgeOffsetMs: 1,
      durationMs: 1,
      outcome: 'network-error'
    },
    {
      group: 'outdoor',
      mirror: 3,
      hedgeOffsetMs: 2,
      durationMs: 1,
      outcome: 'network-error'
    },
    {
      group: 'outdoor',
      mirror: 4,
      hedgeOffsetMs: 2,
      durationMs: 1,
      outcome: 'network-error'
    }
  ]
}
[discovery] provider-chain {
  mode: 'date-night',
  strategy: 'hedged',
  source: 'merged',
  durationMs: 4,
  budgetExhausted: false,
  requestedGroups: 3,
  successfulGroups: 1,
  failedGroups: 2,
  partial: true,
  groups: [
    { group: 'entertainment', outcome: 'failed', durationMs: 3 },
    {
      group: 'culture',
      outcome: 'success',
      durationMs: 2,
      winnerMirror: 1
    },
    { group: 'outdoor', outcome: 'failed', durationMs: 3 }
  ],
  attempts: [
    {
      group: 'culture',
      mirror: 1,
      hedgeOffsetMs: 0,
      durationMs: 2,
      outcome: 'success'
    },
    {
      group: 'entertainment',
      mirror: 1,
      hedgeOffsetMs: 0,
      durationMs: 1,
      outcome: 'network-error'
    },
    {
      group: 'entertainment',
      mirror: 2,
      hedgeOffsetMs: 1,
      durationMs: 1,
      outcome: 'network-error'
    },
    {
      group: 'entertainment',
      mirror: 3,
      hedgeOffsetMs: 2,
      durationMs: 0,
      outcome: 'network-error'
    },
    {
      group: 'entertainment',
      mirror: 4,
      hedgeOffsetMs: 2,
      durationMs: 1,
      outcome: 'network-error'
    },
    {
      group: 'outdoor',
      mirror: 1,
      hedgeOffsetMs: 0,
      durationMs: 1,
      outcome: 'network-error'
    },
    {
      group: 'outdoor',
      mirror: 2,
      hedgeOffsetMs: 1,
      durationMs: 1,
      outcome: 'network-error'
    },
    {
      group: 'outdoor',
      mirror: 3,
      hedgeOffsetMs: 2,
      durationMs: 0,
      outcome: 'network-error'
    },
    {
      group: 'outdoor',
      mirror: 4,
      hedgeOffsetMs: 2,
      durationMs: 1,
      outcome: 'network-error'
    }
  ]
}
[discovery] provider-chain {
  mode: 'date-night',
  strategy: 'hedged',
  source: 'live',
  durationMs: 2,
  budgetExhausted: false,
  requestedGroups: 3,
  successfulGroups: 1,
  failedGroups: 2,
  partial: true,
  groups: [
    { group: 'entertainment', outcome: 'failed', durationMs: 2 },
    {
      group: 'culture',
      outcome: 'success',
      durationMs: 1,
      winnerMirror: 1
    },
    { group: 'outdoor', outcome: 'failed', durationMs: 2 }
  ],
  attempts: [
    {
      group: 'culture',
      mirror: 1,
      hedgeOffsetMs: 0,
      durationMs: 1,
      outcome: 'success'
    },
    {
      group: 'entertainment',
      mirror: 1,
      hedgeOffsetMs: 0,
      durationMs: 1,
      outcome: 'network-error'
    },
    {
      group: 'entertainment',
      mirror: 2,
      hedgeOffsetMs: 1,
      durationMs: 1,
      outcome: 'network-error'
    },
    {
      group: 'entertainment',
      mirror: 3,
      hedgeOffsetMs: 2,
      durationMs: 0,
      outcome: 'network-error'
    },
    {
      group: 'entertainment',
      mirror: 4,
      hedgeOffsetMs: 2,
      durationMs: 0,
      outcome: 'network-error'
    },
    {
      group: 'outdoor',
      mirror: 1,
      hedgeOffsetMs: 0,
      durationMs: 1,
      outcome: 'network-error'
    },
    {
      group: 'outdoor',
      mirror: 2,
      hedgeOffsetMs: 1,
      durationMs: 1,
      outcome: 'network-error'
    },
    {
      group: 'outdoor',
      mirror: 3,
      hedgeOffsetMs: 1,
      durationMs: 0,
      outcome: 'network-error'
    },
    {
      group: 'outdoor',
      mirror: 4,
      hedgeOffsetMs: 2,
      durationMs: 0,
      outcome: 'network-error'
    }
  ]
}
[discovery] provider-chain {
  mode: 'date-night',
  strategy: 'hedged',
  source: 'live',
  durationMs: 1,
  budgetExhausted: false,
  requestedGroups: 3,
  successfulGroups: 3,
  failedGroups: 0,
  partial: false,
  groups: [
    {
      group: 'entertainment',
      outcome: 'empty',
      durationMs: 1,
      winnerMirror: 1
    },
    {
      group: 'culture',
      outcome: 'empty',
      durationMs: 0,
      winnerMirror: 1
    },
    {
      group: 'outdoor',
      outcome: 'empty',
      durationMs: 0,
      winnerMirror: 1
    }
  ],
  attempts: [
    {
      group: 'culture',
      mirror: 1,
      hedgeOffsetMs: 0,
      durationMs: 0,
      outcome: 'empty'
    },
    {
      group: 'entertainment',
      mirror: 1,
      hedgeOffsetMs: 0,
      durationMs: 0,
      outcome: 'empty'
    },
    {
      group: 'outdoor',
      mirror: 1,
      hedgeOffsetMs: 0,
      durationMs: 0,
      outcome: 'empty'
    }
  ]
}
[discovery] provider-chain {
  mode: 'date-night',
  strategy: 'hedged',
  source: 'error',
  durationMs: 2,
  budgetExhausted: false,
  requestedGroups: 3,
  successfulGroups: 0,
  failedGroups: 3,
  partial: false,
  groups: [
    { group: 'entertainment', outcome: 'failed', durationMs: 2 },
    { group: 'culture', outcome: 'failed', durationMs: 2 },
    { group: 'outdoor', outcome: 'failed', durationMs: 2 }
  ],
  attempts: [
    {
      group: 'culture',
      mirror: 1,
      hedgeOffsetMs: 0,
      durationMs: 1,
      outcome: 'malformed'
    },
    {
      group: 'culture',
      mirror: 2,
      hedgeOffsetMs: 1,
      durationMs: 1,
      outcome: 'malformed'
    },
    {
      group: 'culture',
      mirror: 3,
      hedgeOffsetMs: 1,
      durationMs: 0,
      outcome: 'malformed'
    },
    {
      group: 'culture',
      mirror: 4,
      hedgeOffsetMs: 2,
      durationMs: 0,
      outcome: 'malformed'
    },
    {
      group: 'entertainment',
      mirror: 1,
      hedgeOffsetMs: 0,
      durationMs: 0,
      outcome: 'malformed'
    },
    {
      group: 'entertainment',
      mirror: 2,
      hedgeOffsetMs: 1,
      durationMs: 1,
      outcome: 'malformed'
    },
    {
      group: 'entertainment',
      mirror: 3,
      hedgeOffsetMs: 1,
      durationMs: 0,
      outcome: 'malformed'
    },
    {
      group: 'entertainment',
      mirror: 4,
      hedgeOffsetMs: 2,
      durationMs: 0,
      outcome: 'malformed'
    },
    {
      group: 'outdoor',
      mirror: 1,
      hedgeOffsetMs: 0,
      durationMs: 0,
      outcome: 'malformed'
    },
    {
      group: 'outdoor',
      mirror: 2,
      hedgeOffsetMs: 1,
      durationMs: 1,
      outcome: 'malformed'
    },
    {
      group: 'outdoor',
      mirror: 3,
      hedgeOffsetMs: 1,
      durationMs: 0,
      outcome: 'malformed'
    },
    {
      group: 'outdoor',
      mirror: 4,
      hedgeOffsetMs: 2,
      durationMs: 0,
      outcome: 'malformed'
    }
  ]
}
[discovery] provider-chain {
  mode: 'date-night',
  strategy: 'hedged',
  source: 'error',
  durationMs: 2,
  budgetExhausted: false,
  requestedGroups: 3,
  successfulGroups: 0,
  failedGroups: 3,
  partial: false,
  groups: [
    { group: 'entertainment', outcome: 'failed', durationMs: 2 },
    { group: 'culture', outcome: 'failed', durationMs: 2 },
    { group: 'outdoor', outcome: 'failed', durationMs: 2 }
  ],
  attempts: [
    {
      group: 'culture',
      mirror: 1,
      hedgeOffsetMs: 0,
      durationMs: 0,
      outcome: 'malformed'
    },
    {
      group: 'culture',
      mirror: 2,
      hedgeOffsetMs: 1,
      durationMs: 1,
      outcome: 'malformed'
    },
    {
      group: 'culture',
      mirror: 3,
      hedgeOffsetMs: 1,
      durationMs: 0,
      outcome: 'malformed'
    },
    {
      group: 'culture',
      mirror: 4,
      hedgeOffsetMs: 1,
      durationMs: 1,
      outcome: 'malformed'
    },
    {
      group: 'entertainment',
      mirror: 1,
      hedgeOffsetMs: 0,
      durationMs: 0,
      outcome: 'malformed'
    },
    {
      group: 'entertainment',
      mirror: 2,
      hedgeOffsetMs: 1,
      durationMs: 1,
      outcome: 'malformed'
    },
    {
      group: 'entertainment',
      mirror: 3,
      hedgeOffsetMs: 1,
      durationMs: 0,
      outcome: 'malformed'
    },
    {
      group: 'entertainment',
      mirror: 4,
      hedgeOffsetMs: 2,
      durationMs: 1,
      outcome: 'malformed'
    },
    {
      group: 'outdoor',
      mirror: 1,
      hedgeOffsetMs: 0,
      durationMs: 0,
      outcome: 'malformed'
    },
    {
      group: 'outdoor',
      mirror: 2,
      hedgeOffsetMs: 0,
      durationMs: 1,
      outcome: 'malformed'
    },
    {
      group: 'outdoor',
      mirror: 3,
      hedgeOffsetMs: 1,
      durationMs: 0,
      outcome: 'malformed'
    },
    {
      group: 'outdoor',
      mirror: 4,
      hedgeOffsetMs: 2,
      durationMs: 0,
      outcome: 'malformed'
    }
  ]
}
[discovery] provider-chain {
  mode: 'date-night',
  strategy: 'hedged',
  source: 'error',
  durationMs: 4,
  budgetExhausted: false,
  requestedGroups: 3,
  successfulGroups: 0,
  failedGroups: 3,
  partial: false,
  groups: [
    { group: 'entertainment', outcome: 'failed', durationMs: 1 },
    { group: 'culture', outcome: 'failed', durationMs: 1 },
    { group: 'outdoor', outcome: 'failed', durationMs: 1 }
  ],
  attempts: [
    {
      group: 'culture',
      mirror: 1,
      hedgeOffsetMs: 0,
      durationMs: 0,
      outcome: 'network-error'
    },
    {
      group: 'culture',
      mirror: 2,
      hedgeOffsetMs: 0,
      durationMs: 0,
      outcome: 'network-error'
    },
    {
      group: 'culture',
      mirror: 3,
      hedgeOffsetMs: 0,
      durationMs: 0,
      outcome: 'network-error'
    },
    {
      group: 'culture',
      mirror: 4,
      hedgeOffsetMs: 1,
      durationMs: 0,
      outcome: 'network-error'
    },
    {
      group: 'entertainment',
      mirror: 1,
      hedgeOffsetMs: 0,
      durationMs: 0,
      outcome: 'network-error'
    },
    {
      group: 'entertainment',
      mirror: 2,
      hedgeOffsetMs: 0,
      durationMs: 0,
      outcome: 'network-error'
    },
    {
      group: 'entertainment',
      mirror: 3,
      hedgeOffsetMs: 1,
      durationMs: 0,
      outcome: 'network-error'
    },
    {
      group: 'entertainment',
      mirror: 4,
      hedgeOffsetMs: 1,
      durationMs: 0,
      outcome: 'network-error'
    },
    {
      group: 'outdoor',
      mirror: 1,
      hedgeOffsetMs: 0,
      durationMs: 0,
      outcome: 'network-error'
    },
    {
      group: 'outdoor',
      mirror: 2,
      hedgeOffsetMs: 0,
      durationMs: 0,
      outcome: 'network-error'
    },
    {
      group: 'outdoor',
      mirror: 3,
      hedgeOffsetMs: 0,
      durationMs: 0,
      outcome: 'network-error'
    },
    {
      group: 'outdoor',
      mirror: 4,
      hedgeOffsetMs: 1,
      durationMs: 0,
      outcome: 'network-error'
    }
  ]
}
[discovery] provider-chain {
  mode: 'date-night',
  strategy: 'hedged',
  source: 'fallback',
  durationMs: 1,
  budgetExhausted: false,
  requestedGroups: 3,
  successfulGroups: 0,
  failedGroups: 3,
  partial: false,
  groups: [
    { group: 'entertainment', outcome: 'failed', durationMs: 1 },
    { group: 'culture', outcome: 'failed', durationMs: 1 },
    { group: 'outdoor', outcome: 'failed', durationMs: 1 }
  ],
  attempts: [
    {
      group: 'culture',
      mirror: 1,
      hedgeOffsetMs: 0,
      durationMs: 0,
      outcome: 'network-error'
    },
    {
      group: 'culture',
      mirror: 2,
      hedgeOffsetMs: 0,
      durationMs: 0,
      outcome: 'network-error'
    },
    {
      group: 'culture',
      mirror: 3,
      hedgeOffsetMs: 0,
      durationMs: 0,
      outcome: 'network-error'
    },
    {
      group: 'culture',
      mirror: 4,
      hedgeOffsetMs: 1,
      durationMs: 0,
      outcome: 'network-error'
    },
    {
      group: 'entertainment',
      mirror: 1,
      hedgeOffsetMs: 0,
      durationMs: 0,
      outcome: 'network-error'
    },
    {
      group: 'entertainment',
      mirror: 2,
      hedgeOffsetMs: 0,
      durationMs: 0,
      outcome: 'network-error'
    },
    {
      group: 'entertainment',
      mirror: 3,
      hedgeOffsetMs: 0,
      durationMs: 0,
      outcome: 'network-error'
    },
    {
      group: 'entertainment',
      mirror: 4,
      hedgeOffsetMs: 1,
      durationMs: 0,
      outcome: 'network-error'
    },
    {
      group: 'outdoor',
      mirror: 1,
      hedgeOffsetMs: 0,
      durationMs: 0,
      outcome: 'network-error'
    },
    {
      group: 'outdoor',
      mirror: 2,
      hedgeOffsetMs: 0,
      durationMs: 0,
      outcome: 'network-error'
    },
    {
      group: 'outdoor',
      mirror: 3,
      hedgeOffsetMs: 0,
      durationMs: 0,
      outcome: 'network-error'
    },
    {
      group: 'outdoor',
      mirror: 4,
      hedgeOffsetMs: 1,
      durationMs: 0,
      outcome: 'network-error'
    }
  ]
}
[discovery] provider-chain {
  mode: 'nightlife',
  source: 'merged',
  durationMs: 0,
  budgetExhausted: false,
  attempts: [ { mirror: 1, durationMs: 0, outcome: 'empty' } ]
}
[discovery] provider-chain {
  mode: 'date-night',
  strategy: 'hedged',
  source: 'merged',
  durationMs: 1,
  budgetExhausted: false,
  requestedGroups: 3,
  successfulGroups: 3,
  failedGroups: 0,
  partial: false,
  groups: [
    {
      group: 'entertainment',
      outcome: 'empty',
      durationMs: 1,
      winnerMirror: 1
    },
    {
      group: 'culture',
      outcome: 'empty',
      durationMs: 1,
      winnerMirror: 1
    },
    {
      group: 'outdoor',
      outcome: 'empty',
      durationMs: 1,
      winnerMirror: 1
    }
  ],
  attempts: [
    {
      group: 'culture',
      mirror: 1,
      hedgeOffsetMs: 0,
      durationMs: 0,
      outcome: 'empty'
    },
    {
      group: 'entertainment',
      mirror: 1,
      hedgeOffsetMs: 0,
      durationMs: 0,
      outcome: 'empty'
    },
    {
      group: 'outdoor',
      mirror: 1,
      hedgeOffsetMs: 0,
      durationMs: 0,
      outcome: 'empty'
    }
  ]
}
✔ restaurants: six locations reach the real coordinate query and normalize local results (42.655035ms)
✔ restaurants: valid empty areas, all-mirror outage, and coordinate validation remain distinct (35.441779ms)
✔ nightlife and casinos: six locations reach the real coordinate query and normalize local results (9.11604ms)
✔ nightlife and casinos: valid empty areas, all-mirror outage, and coordinate validation remain distinct (5.889973ms)
✔ date night: six locations reach the real coordinate query and normalize local results (45.868621ms)
✔ date night: valid empty areas, all-mirror outage, and coordinate validation remain distinct (13.048821ms)
✔ restaurant distance, cuisine and price filters behave with Canadian results (1.969488ms)
✔ local closure exclusions do not hide same-named international businesses (6.497722ms)
✔ Maps destinations preserve exact Canadian/U.S. points and encode legacy international addresses (0.626698ms)
✔ stored legacy U.S. locations and country metadata survive hydration; corrupt coordinates fall back (50.808047ms)
✔ spatial restaurant dedupe exactly preserves name rules, source priority, ordering and radius boundaries (18.227134ms)
✔ spatial restaurant candidates preserve duplicates across the antimeridian and near both poles (0.442484ms)
✔ dense international pools preserve thousands of distinct restaurants and duplicate identities (252.837602ms)
✔ _migrations keys on basename, not path (3.242814ms)
✔ a file already applied from another directory does not re-apply (1.020821ms)
✔ pending migrations are returned in name order (11.759909ms)
✔ non-.sql entries are dropped (readdir also yields the auth/ directory) (0.312245ms)
✔ the auth schema ships outside the globbed directory (0.484704ms)
✔ this workspace's auth schema copy is byte-identical to its source (0.398385ms)
✔ the copy check reads both files and catches an edit (1.398658ms)
✔ absent external workspace package gets an explicit skip reason (1.292827ms)
✔ installed documentation contracts are not skipped (0.238455ms)
✔ required documentation cannot be skipped even when absent (4.501943ms)
✔ parsePreviewArgs accepts the two actions (3.330302ms)
✔ parsePreviewArgs rejects missing, unknown and extra arguments (0.427093ms)
✔ parsePid reads a pidfile and rejects junk (0.258183ms)
✔ parsePgid reads the pgrp field past a comm containing spaces (0.825725ms)
✔ parseListenerInodes picks LISTEN sockets on the wanted port only (1.011433ms)
✔ parseListenerInodes reads the tcp6 dump the same way (0.812629ms)
✔ looksLikePreviewProcess matches the npm wrapper and its vite child (0.625868ms)
✔ looksLikePreviewProcess spares the sibling scripts and re-used pids (0.311149ms)
✔ previewOwners trusts port owners and dedupes the pidfile pid (0.563989ms)
✔ previewOwners adds a pidfile pid whose command line is still the preview (0.463838ms)
✔ previewOwners drops a stale pidfile pid re-used by another process (0.331397ms)
✔ previewOwners drops a pidfile pid that no longer exists (0.203904ms)
✔ previewOwners on a free port with no pidfile signals nothing (0.124943ms)
✔ stopOutcome fails when a pid survives or the port is still held (0.399704ms)
✔ stopOutcome reports a verified free port (1.519461ms)
✔ stopOutcome fails on a listener whose owner cannot be attributed (0.401517ms)
✔ terminatePids SIGTERMs live pids and skips dead ones (0.592901ms)
✔ terminatePids escalates to SIGKILL when SIGTERM is ignored (0.486942ms)
✔ terminatePids reports a pid that survives SIGKILL as stubborn (0.477899ms)
✔ terminatePids on a free port signals nothing (0.175323ms)
✔ light Dinner artwork retains the visually correct cuisine in its own asset pack (2.106031ms)
✔ dark Dinner artwork preserves the accepted visually verified mapping (0.440307ms)
✔ specific Dinner cuisines outrank broad provider categories without guessing food for generic venues (0.40855ms)
✔ Nightlife result artwork covers all approved categories and preserves Casino precedence (0.412932ms)
[discovery] provider-chain {
  mode: 'date-night',
  strategy: 'hedged',
  source: 'merged',
  durationMs: 1,
  budgetExhausted: false,
  requestedGroups: 4,
  successfulGroups: 4,
  failedGroups: 0,
  partial: false,
  groups: [
    {
      group: 'seasonal',
      outcome: 'empty',
      durationMs: 1,
      winnerMirror: 1
    },
    {
      group: 'entertainment',
      outcome: 'empty',
      durationMs: 1,
      winnerMirror: 1
    },
    {
      group: 'culture',
      outcome: 'empty',
      durationMs: 1,
      winnerMirror: 1
    },
    {
      group: 'outdoor',
      outcome: 'empty',
      durationMs: 1,
      winnerMirror: 1
    }
  ],
  attempts: [
    {
      group: 'culture',
      mirror: 1,
      hedgeOffsetMs: 0,
      durationMs: 1,
      outcome: 'empty'
    },
    {
      group: 'entertainment',
      mirror: 1,
      hedgeOffsetMs: 0,
      durationMs: 1,
      outcome: 'empty'
    },
    {
      group: 'outdoor',
      mirror: 1,
      hedgeOffsetMs: 0,
      durationMs: 1,
      outcome: 'empty'
    },
    {
      group: 'seasonal',
      mirror: 1,
      hedgeOffsetMs: 0,
      durationMs: 1,
      outcome: 'empty'
    }
  ]
}
[discovery] provider-chain {
  mode: 'date-night',
  strategy: 'hedged',
  source: 'fallback',
  durationMs: 0,
  budgetExhausted: false,
  requestedGroups: 1,
  successfulGroups: 0,
  failedGroups: 1,
  partial: false,
  groups: [ { group: 'seasonal', outcome: 'failed', durationMs: 0 } ],
  attempts: [
    {
      group: 'seasonal',
      mirror: 1,
      hedgeOffsetMs: 0,
      durationMs: 0,
      outcome: 'network-error'
    },
    {
      group: 'seasonal',
      mirror: 2,
      hedgeOffsetMs: 0,
      durationMs: 0,
      outcome: 'network-error'
    },
    {
      group: 'seasonal',
      mirror: 3,
      hedgeOffsetMs: 0,
      durationMs: 0,
      outcome: 'network-error'
    },
    {
      group: 'seasonal',
      mirror: 4,
      hedgeOffsetMs: 0,
      durationMs: 0,
      outcome: 'network-error'
    }
  ]
}
[discovery] provider-chain {
  mode: 'date-night',
  strategy: 'hedged',
  source: 'live',
  durationMs: 1,
  budgetExhausted: false,
  requestedGroups: 3,
  successfulGroups: 3,
  failedGroups: 0,
  partial: false,
  groups: [
    {
      group: 'entertainment',
      outcome: 'empty',
      durationMs: 1,
      winnerMirror: 1
    },
    {
      group: 'culture',
      outcome: 'empty',
      durationMs: 1,
      winnerMirror: 1
    },
    {
      group: 'outdoor',
      outcome: 'empty',
      durationMs: 1,
      winnerMirror: 1
    }
  ],
  attempts: [
    {
      group: 'culture',
      mirror: 1,
      hedgeOffsetMs: 0,
      durationMs: 1,
      outcome: 'empty'
    },
    {
      group: 'entertainment',
      mirror: 1,
      hedgeOffsetMs: 0,
      durationMs: 1,
      outcome: 'empty'
    },
    {
      group: 'outdoor',
      mirror: 1,
      hedgeOffsetMs: 0,
      durationMs: 1,
      outcome: 'empty'
    }
  ]
}
✔ Exeter's actual theme-park record is acquired by the real seasonal query and reaches the eligible pool (50.523233ms)
✔ precise activity evidence admits corn, pumpkin and haunted trail without admitting generic places (12.432135ms)
✔ same identity preserves C/P, provenance, stable ID and representative metadata in either provider order (9.330419ms)
✔ structured lifecycle cannot survive eligibility or be resurrected by an active duplicate (2.537909ms)
✔ all availability states share one OFF/ON policy, including expiry and next-year revalidation (2.883259ms)
✔ all seven seasonal selections preserve union and the radius boundary (11.926063ms)
✔ saved-only successful sparse coverage, missing categories and provider outage remain distinct (5.679899ms)
✔ per-category provenance never labels a saved haunt as live because its ordinary park duplicate is live (3.999284ms)
✔ ordinary Date Night and seasonal toggle still work internationally; unknown hours fail strict ON (3.406301ms)
✔ Halloween caution: live loading/settlement retains controls, counts and selections (348.265149ms)
✔ Halloween caution: merged loading/settlement retains controls, counts and selections (210.861686ms)
✔ Halloween caution: fallback loading/settlement retains controls, counts and selections (147.839725ms)
✔ ordinary Date Night caution absent: seasonal toggle off; controls/count/selection remain (160.1098ms)
✔ ordinary Date Night caution absent: outside Halloween season; controls/count/selection remain (479.898032ms)
✔ dinner: Halloween caution remains absent during loading and after settlement (75.711585ms)
✔ nightlife: Halloween caution remains absent during loading and after settlement (32.685039ms)
[discovery] provider-chain {
  mode: 'date-night',
  strategy: 'hedged',
  source: 'merged',
  durationMs: 4,
  budgetExhausted: false,
  requestedGroups: 4,
  successfulGroups: 4,
  failedGroups: 0,
  partial: false,
  groups: [
    {
      group: 'seasonal',
      outcome: 'empty',
      durationMs: 4,
      winnerMirror: 1
    },
    {
      group: 'entertainment',
      outcome: 'empty',
      durationMs: 4,
      winnerMirror: 1
    },
    {
      group: 'culture',
      outcome: 'empty',
      durationMs: 4,
      winnerMirror: 1
    },
    {
      group: 'outdoor',
      outcome: 'empty',
      durationMs: 4,
      winnerMirror: 1
    }
  ],
  attempts: [
    {
      group: 'culture',
      mirror: 1,
      hedgeOffsetMs: 0,
      durationMs: 4,
      outcome: 'empty'
    },
    {
      group: 'entertainment',
      mirror: 1,
      hedgeOffsetMs: 0,
      durationMs: 4,
      outcome: 'empty'
    },
    {
      group: 'outdoor',
      mirror: 1,
      hedgeOffsetMs: 0,
      durationMs: 4,
      outcome: 'empty'
    },
    {
      group: 'seasonal',
      mirror: 1,
      hedgeOffsetMs: 0,
      durationMs: 4,
      outcome: 'empty'
    }
  ]
}
[discovery] provider-chain {
  mode: 'date-night',
  strategy: 'hedged',
  source: 'merged',
  durationMs: 28,
  budgetExhausted: false,
  requestedGroups: 1,
  successfulGroups: 1,
  failedGroups: 0,
  partial: false,
  groups: [
    {
      group: 'seasonal',
      outcome: 'empty',
      durationMs: 5,
      winnerMirror: 1
    }
  ],
  attempts: [
    {
      group: 'seasonal',
      mirror: 1,
      hedgeOffsetMs: 0,
      durationMs: 3,
      outcome: 'empty'
    }
  ]
}
✔ actual component: handler → count/options/pick/plan and all seven category combinations (434.34534ms)
✔ actual component: OFF/ON/OFF, labels, saved-only disclosure, and clock-dependent pool/overlay refresh (392.142659ms)
✔ actual component displays schedule uncertainty distinctly for live weekly-hours-only venues (200.099037ms)
✔ V-F03-01 actual component: not-operating stays excluded before and after revalidation expiry (242.269125ms)
✔ V-F03-01 actual component: an expired negative cannot fill a plan until stored positive evidence replaces it (487.365186ms)
✔ V-F03-01 control: positive calendar expiry remains uncertain OFF and refreshes ON result/options/plan (170.307366ms)
✔ real clock hook refreshes at minute boundaries and focus/visibility resume, then cleans up (11.976081ms)
✔ retained regional provider captures replay through the new handler without generic-maze false positives (10836.669708ms)
✔ preview: a successful sign-out clears the token, then redirects (6.488457ms)
✔ preview: a rejected sign-out still clears the token and redirects (0.508158ms)
✔ preview: a sign-out that throws synchronously still clears and redirects (0.236418ms)
✔ preview: a sign-out that never settles clears and redirects once the wait expires (27.236737ms)
✔ preview: no bearer means nothing to invalidate, so no request is made (2.403836ms)
✔ preview: a stored bearer is still invalidated server-side (0.265852ms)
✔ deployed: a confirmed sign-out clears the token, then redirects (0.471657ms)
✔ deployed: a sign-out that never settles throws and does NOT redirect (21.279503ms)
✔ deployed: a rejected sign-out throws and does NOT redirect (1.244397ms)
✔ deployed: the timeout is distinguishable from a rejection (21.068045ms)
✔ settleWithin reports the outcome and never rejects (21.344936ms)
✔ settleWithin waits its full window, then gives up rather than hanging (1.243168ms)
✔ pre-sign-in: the preview clear gives up at the preview bound (0.964101ms)
✔ pre-sign-in: a deployed session gets the deployed window, not the preview one (1.805242ms)
✔ pre-sign-in: a failed clear never blocks sign-in (0.676212ms)
✔ pre-sign-in: the preview skips the request when there is no bearer (0.203389ms)
✔ every sign-out bound comes from one rule (0.10912ms)
✔ the defaults are bounded, and deployed waits longer than preview (0.437804ms)
✔ all five actual compiled application POST functions succeed through the client codec (2043.101865ms)
✔ Date Night seasonal on/off survives real transport with a fixed October date (7.542823ms)
✔ invalid application coordinates and queries produce decoded Errors without providers (18.667127ms)
✔ GET legitimate Seroval values, thrown Errors and falsy returns (43.476362ms)
✔ GET ignores inert internal result/error fields, including failed validation (6.1888ms)
✔ GET safely serializes response-shaped data and preserves real Response (1.7192ms)
✔ POST legitimate Seroval values, thrown Errors and falsy returns (5.984806ms)
✔ POST ignores inert internal result/error fields, including failed validation (4.612493ms)
✔ POST safely serializes response-shaped data and preserves real Response (1.300257ms)
✔ compiled application and fixture enforce CSRF and methods before providers (6.913893ms)
[discovery] provider-chain {
  mode: 'dinner',
  source: 'error',
  durationMs: 20000,
  budgetExhausted: true,
  attempts: [
    { mirror: 1, durationMs: 8000, outcome: 'timeout' },
    { mirror: 2, durationMs: 8000, outcome: 'timeout' },
    { mirror: 3, durationMs: 4000, outcome: 'timeout' }
  ]
}
✔ searchRestaurants compiled provider chain terminates at its total deadline with aborted attempts (16.923685ms)
[discovery] provider-chain {
  mode: 'date-night',
  strategy: 'hedged',
  source: 'error',
  durationMs: 12500,
  budgetExhausted: false,
  requestedGroups: 1,
  successfulGroups: 0,
  failedGroups: 1,
  partial: false,
  groups: [ { group: 'culture', outcome: 'failed', durationMs: 12500 } ],
  attempts: [
    {
      group: 'culture',
      mirror: 1,
      hedgeOffsetMs: 0,
      durationMs: 8000,
      outcome: 'timeout'
    },
    {
      group: 'culture',
      mirror: 2,
      hedgeOffsetMs: 1500,
      durationMs: 8000,
      outcome: 'timeout'
    },
    {
      group: 'culture',
      mirror: 3,
      hedgeOffsetMs: 3000,
      durationMs: 8000,
      outcome: 'timeout'
    },
    {
      group: 'culture',
      mirror: 4,
      hedgeOffsetMs: 4500,
      durationMs: 8000,
      outcome: 'timeout'
    }
  ]
}
✔ searchDateNight compiled provider chain terminates at its total deadline with aborted attempts (7.237879ms)
[discovery] provider-chain {
  mode: 'nightlife',
  source: 'error',
  durationMs: 20000,
  budgetExhausted: true,
  attempts: [
    { mirror: 1, durationMs: 8000, outcome: 'timeout' },
    { mirror: 2, durationMs: 8000, outcome: 'timeout' },
    { mirror: 3, durationMs: 4000, outcome: 'timeout' }
  ]
}
✔ searchNightlife compiled provider chain terminates at its total deadline with aborted attempts (2.829335ms)
✔ real client transport cancels an in-flight HTTP request within a bounded deadline (40.654045ms)
✔ both suites execute with the current Node and success exits zero (4.850077ms)
✔ script failure cannot suppress application tests or become success (0.236809ms)
✔ application failures make the overall command fail (0.158211ms)
✔ spawn errors and terminated children are failures, not false greens (0.216087ms)
✔ keeps VITE_-prefixed string entries (2.744262ms)
✔ drops non-VITE keys, non-string values and malformed documents (0.281591ms)
✔ a missing app-env.json is a clean no-op (0.415297ms)
✔ reads the app env from a workspace (0.636735ms)
✔ an explicit process-env override wins over the file (1.867486ms)
✔ the template ships auth off (0.651221ms)
✔ vite loadEnv resolves the wrapped value (0.818106ms)
✔ the wrapped command runs with the app env applied (134.215979ms)
✔ the wrapped command sees an explicit override, not the file value (95.051676ms)
✔ the wrapper propagates the command's exit code (89.710505ms)
✔ a signal-killed command is never reported as success (93.222895ms)
✔ the CLI still runs when invoked through a symlinked path (99.630575ms)
✔ parseWriteAtomicArgs needs exactly a staged file and a target (2.511073ms)
✔ stagingError refuses a temp inside public/ and a no-op move (0.28209ms)
✔ handOver replaces the target and clears the staged file (1.314739ms)
✔ handOver creates a missing target directory (0.655183ms)
✔ an interrupted pass leaves the target on its old bytes, temp-free (0.935897ms)
✔ a failed hand-over creates no directory for the target it never wrote (0.435718ms)
✔ a staged file on another filesystem is refused, not copied (0.627767ms)
✔ cli: hands the file over, and refuses a temp staged in public/ (111.190523ms)
✔ cli: relative paths follow the script's root, not the caller's cwd (45.67069ms)
﹣ every hand-over the og skill prints is one this script accepts (0.218024ms) # External workspace OG documentation package is not installed in this checkout
✔ cli: a missing staged file fails without touching the target (51.112786ms)
ℹ tests 544
ℹ suites 0
ℹ pass 540
ℹ fail 0
ℹ cancelled 0
ℹ skipped 4
ℹ todo 0
ℹ duration_ms 20804.861816
▶ callTool failure memo
  ✔ replays an identical failure within the memo window without refetching (4.514356ms)
  ✔ keys by token identity so a reminted token shares the memo entry (1.312414ms)
  ✔ sweeps expired entries on write so unique keys do not accumulate (1.734937ms)
  ✔ never memoizes login-required 401s (1.170275ms)
✔ callTool failure memo (9.819532ms)
▶ callTool
  ✔ resolves ok:false for non-serializable args instead of rejecting (0.743543ms)
✔ callTool (1.054548ms)
▶ isLoginRequired
  ✔ is true only for login-required failures (0.528741ms)
✔ isLoginRequired (0.697522ms)
▶ redirectToLoginIfRequired
  ✔ no-ops when login is not required (0.424318ms)
  ✔ navigates to the server-built loginUrl in the browser (0.304731ms)
  ✔ opens a new tab instead of navigating when framed (0.228493ms)
  ✔ falls back to navigation when framed and the popup is blocked (0.222739ms)
  ✔ returns false when the result has no loginUrl (0.172533ms)
  ✔ returns false on the server (no window) (0.275139ms)
✔ redirectToLoginIfRequired (2.024899ms)
▶ classifyCallToolError
  ✔ returns null for successful results (0.169347ms)
  ✔ classifies login-required before message matching (0.072883ms)
  ✔ classifies not_connected and failed_precondition (0.081966ms)
  ✔ classifies scope_denied without claiming a missing grant (0.072564ms)
  ✔ classifies access_denied (0.06243ms)
  ✔ falls back to a generic error with the raw message (0.071216ms)
✔ classifyCallToolError (0.789577ms)
▶ verifyGateIdentityToken
  ✔ returns the identity for a valid token (12.400891ms)
  ✔ omits optional claims as nulls (2.107281ms)
  ✔ rejects a wrong audience (1.896923ms)
  ✔ rejects a wrong issuer (3.147611ms)
  ✔ rejects an expired token (1.746735ms)
  ✔ rejects a token without exp (1.470641ms)
  ✔ rejects a token signed by a different key with the same kid (1.498001ms)
  ✔ refetches the JWKS when the kid rotates (3.841094ms)
✔ verifyGateIdentityToken (30.075433ms)
▶ gateIdentityFromHeaders
  ✔ verifies the header token end to end and fails closed without it (23.176588ms)
  ✔ activates on a deployed-shaped request without GROK_GATE_ORIGIN (7.305277ms)
  ✔ verifies a preview-audience token with no gate env vars via the loopback default (8.100007ms)
  ✔ rejects a wrong-issuer token in the loopback default mode (1.845936ms)
  ✔ verifies a preview-audience token when only GROK_GATE_ORIGIN is set (2.199576ms)
  ✔ rejects a preview-audience token when GROK_PROJECT_ID is set (1.196128ms)
  ✔ rejects an app-audience token in preview mode (1.327301ms)
✔ gateIdentityFromHeaders (46.032282ms)
▶ gateIdentityEnabled
  ✔ is enabled by default with no gate env vars (0.126843ms)
  ✔ is disabled when VITE_AUTH_ENABLED is false (0.082829ms)
✔ gateIdentityEnabled (0.334689ms)
▶ gateTokenAudience
  ✔ pins app:<id> when GROK_PROJECT_ID is set, even alongside GROK_GATE_ORIGIN (0.123641ms)
  ✔ pins preview when GROK_PROJECT_ID is unset (0.095582ms)
✔ gateTokenAudience (0.287057ms)
▶ gateIdentityUserInfo
  ✔ falls back to a synthetic email and name for sub-only claims (0.123869ms)
  ✔ keeps real claims, lowercasing the email and marking it verified (0.085664ms)
✔ gateIdentityUserInfo (0.26979ms)
▶ sessionBoundToGateIdentity
  ✔ keeps the session when it is bound to the same gate sub (0.110758ms)
  ✔ rotates when the session belongs to a different gate sub (0.042886ms)
  ✔ rotates when the session user has no gate-bound account (0.038236ms)
✔ sessionBoundToGateIdentity (0.265594ms)
▶ resolveSignInGateState
  ✔ is pending while the session check is in flight, user or not (1.25453ms)
  ✔ is signed_in once a user is present (0.223896ms)
  ✔ is signed_out only after the check resolved with no user (0.173362ms)
✔ resolveSignInGateState (3.460355ms)
▶ seasonal date-night availability
  ✔ keeps The Werehouse closed before its verified 2026 season starts (1.597065ms)
  ✔ allows The Werehouse during the conservative verified season window (0.305415ms)
  ✔ closes The Werehouse after the conservative verified window (0.387398ms)
  ✔ uses Myer's retained operator 2026 calendar (0.253254ms)
  ✔ fails closed for Open now when hours or the seasonal date are not confirmed (0.663469ms)
  ✔ requires different real venues for a Scare/Settle pair (0.316171ms)
✔ seasonal date-night availability (5.336486ms)
✔ global manual resolution preserves Joplin, Missouri, USA (33.807364ms)
✔ global manual resolution preserves Toronto, Ontario, Canada (0.785362ms)
✔ global manual resolution preserves Vancouver, British Columbia, Canada (1.765915ms)
✔ global manual resolution preserves Montréal, Québec, Canada (0.675611ms)
✔ global manual resolution preserves London, United Kingdom (0.668964ms)
✔ countries without regions and provider province/locality variants remain valid (0.245373ms)
✔ invalid coordinates and malformed geocoder hits cannot become active locations (0.330591ms)
✔ manual input preserves international addresses and postal codes without a U.S. parser (0.384534ms)
✔ no-result, provider errors and malformed payloads are distinct from valid places (1.664339ms)
✔ reverse lookup enriches metadata while preserving the original GPS coordinates (0.890287ms)
✔ all reverse failures retain a usable coordinate location; invalid input never fetches (1.941797ms)
✔ international business addresses retain province, postcode, country and full-address tags (0.228026ms)
✔ native geolocation is opt-in, bounded, and reports each failure accurately (0.655429ms)
✔ GPS commits before reverse resolves and preserves exact coordinates even if the label point differs (0.379658ms)
✔ reverse failure retains coordinates and reports success; GPS failure leaves the old location alone (0.437ms)
✔ a newer manual choice wins over a delayed GPS callback (0.428606ms)
✔ manual editing and unmount invalidate stale reverse and manual completions (0.334348ms)
✔ manual no-result and invalid input retain active location and allow retry (0.191539ms)
✔ combined control suppresses repeated GPS calls through reverse enrichment (0.363822ms)
✔ cancelling a pending GPS request permits retry without reviving stale callbacks (0.279026ms)
ℹ tests 71
ℹ suites 13
ℹ pass 71
ℹ fail 0
ℹ cancelled 0
ℹ skipped 0
ℹ todo 0
ℹ duration_ms 364.33499
[test-runner] repository scripts: passed
[test-runner] application: passed
